<html>
<body>
<pre>
<h1>µVision Build Log</h1>
<h2>Tool Versions:</h2>
IDE-Version: ¦ÌVision V5.24.2.0
Copyright (C) 2017 ARM Ltd and ARM Germany GmbH. All rights reserved.
License Information: 1 solar, 1, LIC=1WSKC-766JZ-4APDE-5GQ14-HWEZI-SW25T
 
Tool Versions:
Toolchain:       MDK-ARM Professional  Version: 5.24.1
Toolchain Path:  D:\D P J\ARM\ARMCC\Bin
C Compiler:      Armcc.exe V5.06 update 5 (build 528)
Assembler:       Armasm.exe V5.06 update 5 (build 528)
Linker/Locator:  ArmLink.exe V5.06 update 5 (build 528)
Library Manager: ArmAr.exe V5.06 update 5 (build 528)
Hex Converter:   FromElf.exe V5.06 update 5 (build 528)
CPU DLL:         SARMCM3.DLL V5.24.1
Dialog DLL:      DCM.DLL V1.16.0.0
Target DLL:      CMSIS_AGDI.dll V1.28.3.0
Dialog DLL:      TCM.DLL V1.32.0.0
 
<h2>Project:</h2>
d:\cubeMX f\volleyball_V0.2\RC_VolletBall_V0.2\v_ball_up\MDK-ARM\v_ball.uvprojx
Project File Date:  05/31/2024

<h2>Output:</h2>
*** Using Compiler 'V5.06 update 5 (build 528)', folder: 'D:\D P J\ARM\ARMCC\Bin'
Build target 'v_ball'
compiling can_recv.c...
..\applications\can_recv.c(55): warning:  #177-D: variable "send_mail_box"  was declared but never referenced
      uint32_t send_mail_box;
..\applications\can_recv.c(76): warning:  #177-D: variable "send_mail_box"  was declared but never referenced
      uint32_t send_mail_box;
..\applications\can_recv.c(192): warning:  #177-D: variable "v_int"  was declared but never referenced
      int v_int = (RxDate[3] << 4) | (RxDate[4] >> 4);
..\applications\can_recv.c(194): warning:  #177-D: variable "T_int"  was declared but never referenced
      int T_int = RxDate[6];
..\applications\can_recv.c: 4 warnings, 0 errors
compiling ball_track.c...
..\applications\ball_track.c(38): warning:  #1-D: last line of file ends without a newline
  }
..\applications\ball_track.c: 1 warning, 0 errors
compiling usbd_cdc_if.c...
compiling top_ctrl.c...
..\applications\top_ctrl.c(110): warning:  #187-D: use of "=" where "==" may have been intended
      if (ball_track_target.hit_falg = 1)  {angle = 660;}
..\applications\top_ctrl.c: 1 warning, 0 errors
compiling main.c...
compiling remote_control.c...
compiling chassis.c...
..\applications\chassis.c(296): warning:  #111-D: statement is unreachable
      motor_control.M3508_M5.serial_angle = 0;
..\applications\chassis.c(298): warning:  #1-D: last line of file ends without a newline
  }
..\applications\chassis.c(102): warning:  #177-D: function "motor_ecd_to_angle_change"  was declared but never referenced
  static fp32 motor_ecd_to_angle_change(uint16_t ecd, uint16_t offset_ecd)
..\applications\chassis.c: 3 warnings, 0 errors
linking...
Program Size: Code=27720 RO-data=544 RW-data=388 ZI-data=28140  
FromELF: creating hex file...
"v_ball\v_ball.axf" - 0 Error(s), 9 Warning(s).

<h2>Software Packages used:</h2>

Package Vendor: ARM
                http://www.keil.com/pack/ARM.CMSIS.5.0.1.pack
                ARM.CMSIS.5.0.1
                CMSIS (Cortex Microcontroller Software Interface Standard)
   * Component: CORE Version: 5.0.1

Package Vendor: Keil
                https://www.keil.com/pack/Keil.STM32F4xx_DFP.2.17.1.pack
                Keil.STM32F4xx_DFP.2.17.1
                STMicroelectronics STM32F4 Series Device Support, Drivers and Examples

<h2>Collection of Component include folders:</h2>
  .\RTE\_v_ball
  D:\D P J\ARM\PACK\ARM\CMSIS\5.0.1\CMSIS\Include
  D:\D P J\ARM\PACK\Keil\STM32F4xx_DFP\2.17.1\Drivers\CMSIS\Device\ST\STM32F4xx\Include

<h2>Collection of Component Files used:</h2>

   * Component: ARM::CMSIS:CORE:5.0.1
Build Time Elapsed:  00:00:09
</pre>
</body>
</html>
