Component: ARM Compiler 5.06 update 5 (build 528) Tool: armlink [4d35e2]

==============================================================================

Section Cross References

    startup_stm32f407xx.o(STACK) refers (Special) to heapauxi.o(.text) for __use_two_region_memory
    startup_stm32f407xx.o(HEAP) refers (Special) to heapauxi.o(.text) for __use_two_region_memory
    startup_stm32f407xx.o(RESET) refers (Special) to heapauxi.o(.text) for __use_two_region_memory
    startup_stm32f407xx.o(RESET) refers to startup_stm32f407xx.o(STACK) for __initial_sp
    startup_stm32f407xx.o(RESET) refers to startup_stm32f407xx.o(.text) for Reset_Handler
    startup_stm32f407xx.o(RESET) refers to stm32f4xx_it.o(i.NMI_Handler) for NMI_Handler
    startup_stm32f407xx.o(RESET) refers to stm32f4xx_it.o(i.HardFault_Handler) for HardFault_Handler
    startup_stm32f407xx.o(RESET) refers to stm32f4xx_it.o(i.MemManage_Handler) for MemManage_Handler
    startup_stm32f407xx.o(RESET) refers to stm32f4xx_it.o(i.BusFault_Handler) for BusFault_Handler
    startup_stm32f407xx.o(RESET) refers to stm32f4xx_it.o(i.UsageFault_Handler) for UsageFault_Handler
    startup_stm32f407xx.o(RESET) refers to port.o(.emb_text) for SVC_Handler
    startup_stm32f407xx.o(RESET) refers to stm32f4xx_it.o(i.DebugMon_Handler) for DebugMon_Handler
    startup_stm32f407xx.o(RESET) refers to stm32f4xx_it.o(i.SysTick_Handler) for SysTick_Handler
    startup_stm32f407xx.o(RESET) refers to stm32f4xx_it.o(i.DMA1_Stream1_IRQHandler) for DMA1_Stream1_IRQHandler
    startup_stm32f407xx.o(RESET) refers to stm32f4xx_it.o(i.CAN1_RX0_IRQHandler) for CAN1_RX0_IRQHandler
    startup_stm32f407xx.o(RESET) refers to stm32f4xx_it.o(i.USART1_IRQHandler) for USART1_IRQHandler
    startup_stm32f407xx.o(RESET) refers to remote_control.o(i.USART3_IRQHandler) for USART3_IRQHandler
    startup_stm32f407xx.o(RESET) refers to stm32f4xx_it.o(i.CAN2_RX0_IRQHandler) for CAN2_RX0_IRQHandler
    startup_stm32f407xx.o(RESET) refers to stm32f4xx_it.o(i.DMA2_Stream7_IRQHandler) for DMA2_Stream7_IRQHandler
    startup_stm32f407xx.o(.text) refers (Special) to heapauxi.o(.text) for __use_two_region_memory
    startup_stm32f407xx.o(.text) refers to system_stm32f4xx.o(i.SystemInit) for SystemInit
    startup_stm32f407xx.o(.text) refers to __main.o(!!!main) for __main
    startup_stm32f407xx.o(.text) refers to startup_stm32f407xx.o(HEAP) for Heap_Mem
    startup_stm32f407xx.o(.text) refers to startup_stm32f407xx.o(STACK) for Stack_Mem
    main.o(i.SystemClock_Config) refers to rt_memclr_w.o(.text) for __aeabi_memclr4
    main.o(i.SystemClock_Config) refers to stm32f4xx_hal_rcc.o(i.HAL_RCC_OscConfig) for HAL_RCC_OscConfig
    main.o(i.SystemClock_Config) refers to stm32f4xx_hal_rcc.o(i.HAL_RCC_ClockConfig) for HAL_RCC_ClockConfig
    main.o(i.main) refers to stm32f4xx_hal.o(i.HAL_Init) for HAL_Init
    main.o(i.main) refers to main.o(i.SystemClock_Config) for SystemClock_Config
    main.o(i.main) refers to gpio.o(i.MX_GPIO_Init) for MX_GPIO_Init
    main.o(i.main) refers to dma.o(i.MX_DMA_Init) for MX_DMA_Init
    main.o(i.main) refers to can.o(i.MX_CAN1_Init) for MX_CAN1_Init
    main.o(i.main) refers to can.o(i.MX_CAN2_Init) for MX_CAN2_Init
    main.o(i.main) refers to tim.o(i.MX_TIM4_Init) for MX_TIM4_Init
    main.o(i.main) refers to usart.o(i.MX_USART3_UART_Init) for MX_USART3_UART_Init
    main.o(i.main) refers to usart.o(i.MX_USART1_UART_Init) for MX_USART1_UART_Init
    main.o(i.main) refers to stm32f4xx_hal_cortex.o(i.HAL_NVIC_SetPriority) for HAL_NVIC_SetPriority
    main.o(i.main) refers to stm32f4xx_hal_cortex.o(i.HAL_NVIC_EnableIRQ) for HAL_NVIC_EnableIRQ
    main.o(i.main) refers to bsp_can_1.o(i.can_filter_init) for can_filter_init
    main.o(i.main) refers to remote_control.o(i.remote_control_init) for remote_control_init
    main.o(i.main) refers to freertos.o(i.MX_FREERTOS_Init) for MX_FREERTOS_Init
    main.o(i.main) refers to cmsis_os.o(i.osKernelStart) for osKernelStart
    freertos.o(i.MX_FREERTOS_Init) refers to rt_memcpy_w.o(.text) for __aeabi_memcpy4
    freertos.o(i.MX_FREERTOS_Init) refers to cmsis_os.o(i.osThreadCreate) for osThreadCreate
    freertos.o(i.MX_FREERTOS_Init) refers to freertos.o(.constdata) for .constdata
    freertos.o(i.MX_FREERTOS_Init) refers to freertos.o(.data) for .data
    freertos.o(i.StartDefaultTask) refers to cmsis_os.o(i.osDelay) for osDelay
    freertos.o(i.top_contorl_Task) refers to cmsis_os.o(i.osDelay) for osDelay
    freertos.o(i.vApplicationGetIdleTaskMemory) refers to freertos.o(.bss) for .bss
    freertos.o(.constdata) refers to freertos.o(.conststring) for .conststring
    freertos.o(.constdata) refers to freertos.o(i.StartDefaultTask) for StartDefaultTask
    freertos.o(.constdata) refers to top_ctrl.o(i.top_contorl_Task) for top_contorl_Task
    can.o(i.HAL_CAN_MspDeInit) refers to stm32f4xx_hal_gpio.o(i.HAL_GPIO_DeInit) for HAL_GPIO_DeInit
[...]
    __scatterload_copy                       0x080001c5   Thumb Code    26  __scatter_copy.o(!!handler_copy)
    __scatterload_zeroinit                   0x080001e1   Thumb Code    28  __scatter_zi.o(!!handler_zi)
    _printf_n                                0x080001fd   Thumb Code     0  _printf_n.o(.ARM.Collect$$_printf_percent$$00000001)
    _printf_percent                          0x080001fd   Thumb Code     0  _printf_percent.o(.ARM.Collect$$_printf_percent$$00000000)
    _printf_p                                0x08000203   Thumb Code     0  _printf_p.o(.ARM.Collect$$_printf_percent$$00000002)
    _printf_f                                0x08000209   Thumb Code     0  _printf_f.o(.ARM.Collect$$_printf_percent$$00000003)
    _printf_e                                0x0800020f   Thumb Code     0  _printf_e.o(.ARM.Collect$$_printf_percent$$00000004)
    _printf_g                                0x08000215   Thumb Code     0  _printf_g.o(.ARM.Collect$$_printf_percent$$00000005)
    _printf_a                                0x0800021b   Thumb Code     0  _printf_a.o(.ARM.Collect$$_printf_percent$$00000006)
    _printf_ll                               0x08000221   Thumb Code     0  _printf_ll.o(.ARM.Collect$$_printf_percent$$00000007)
    _printf_i                                0x0800022b   Thumb Code     0  _printf_i.o(.ARM.Collect$$_printf_percent$$00000008)
    _printf_d                                0x08000231   Thumb Code     0  _printf_d.o(.ARM.Collect$$_printf_percent$$00000009)
    _printf_u                                0x08000237   Thumb Code     0  _printf_u.o(.ARM.Collect$$_printf_percent$$0000000A)
    _printf_o                                0x0800023d   Thumb Code     0  _printf_o.o(.ARM.Collect$$_printf_percent$$0000000B)
    _printf_x                                0x08000243   Thumb Code     0  _printf_x.o(.ARM.Collect$$_printf_percent$$0000000C)
    _printf_lli                              0x08000249   Thumb Code     0  _printf_lli.o(.ARM.Collect$$_printf_percent$$0000000D)
    _printf_lld                              0x0800024f   Thumb Code     0  _printf_lld.o(.ARM.Collect$$_printf_percent$$0000000E)
    _printf_llu                              0x08000255   Thumb Code     0  _printf_llu.o(.ARM.Collect$$_printf_percent$$0000000F)
    _printf_llo                              0x0800025b   Thumb Code     0  _printf_llo.o(.ARM.Collect$$_printf_percent$$00000010)
    _printf_llx                              0x08000261   Thumb Code     0  _printf_llx.o(.ARM.Collect$$_printf_percent$$00000011)
    _printf_l                                0x08000267   Thumb Code     0  _printf_l.o(.ARM.Collect$$_printf_percent$$00000012)
    _printf_c                                0x08000271   Thumb Code     0  _printf_c.o(.ARM.Collect$$_printf_percent$$00000013)
    _printf_s                                0x08000277   Thumb Code     0  _printf_s.o(.ARM.Collect$$_printf_percent$$00000014)
    _printf_lc                               0x0800027d   Thumb Code     0  _printf_lc.o(.ARM.Collect$$_printf_percent$$00000015)
    _printf_ls                               0x08000283   Thumb Code     0  _printf_ls.o(.ARM.Collect$$_printf_percent$$00000016)
    _printf_percent_end                      0x08000289   Thumb Code     0  _printf_percent_end.o(.ARM.Collect$$_printf_percent$$00000017)
    __rt_lib_init                            0x0800028d   Thumb Code     0  libinit.o(.ARM.Collect$$libinit$$00000000)
    __rt_lib_init_fp_1                       0x0800028f   Thumb Code     0  libinit2.o(.ARM.Collect$$libinit$$00000001)
    __rt_lib_init_heap_1                     0x08000293   Thumb Code     0  libinit2.o(.ARM.Collect$$libinit$$0000000A)
    __rt_lib_init_lc_common                  0x08000293   Thumb Code     0  libinit2.o(.ARM.Collect$$libinit$$0000000F)
    __rt_lib_init_preinit_1                  0x08000293   Thumb Code     0  libinit2.o(.ARM.Collect$$libinit$$00000004)
    __rt_lib_init_rand_1                     0x08000293   Thumb Code     0  libinit2.o(.ARM.Collect$$libinit$$0000000E)
    __rt_lib_init_user_alloc_1               0x08000293   Thumb Code     0  libinit2.o(.ARM.Collect$$libinit$$0000000C)
    __rt_lib_init_lc_collate_1               0x08000299   Thumb Code     0  libinit2.o(.ARM.Collect$$libinit$$00000011)
    __rt_lib_init_lc_ctype_2                 0x08000299   Thumb Code     0  libinit2.o(.ARM.Collect$$libinit$$00000012)
    __rt_lib_init_lc_ctype_1                 0x080002a5   Thumb Code     0  libinit2.o(.ARM.Collect$$libinit$$00000013)
    __rt_lib_init_lc_monetary_1              0x080002a5   Thumb Code     0  libinit2.o(.ARM.Collect$$libinit$$00000015)
    __rt_lib_init_lc_numeric_2               0x080002a5   Thumb Code     0  libinit2.o(.ARM.Collect$$libinit$$00000016)
    __rt_lib_init_alloca_1                   0x080002af   Thumb Code     0  libinit2.o(.ARM.Collect$$libinit$$0000002E)
    __rt_lib_init_argv_1                     0x080002af   Thumb Code     0  libinit2.o(.ARM.Collect$$libinit$$0000002C)
    __rt_lib_init_atexit_1                   0x080002af   Thumb Code     0  libinit2.o(.ARM.Collect$$libinit$$0000001B)
    __rt_lib_init_clock_1                    0x080002af   Thumb Code     0  libinit2.o(.ARM.Collect$$libinit$$00000021)
    __rt_lib_init_cpp_1                      0x080002af   Thumb Code     0  libinit2.o(.ARM.Collect$$libinit$$00000032)
    __rt_lib_init_exceptions_1               0x080002af   Thumb Code     0  libinit2.o(.ARM.Collect$$libinit$$00000030)
    __rt_lib_init_fp_trap_1                  0x080002af   Thumb Code     0  libinit2.o(.ARM.Collect$$libinit$$0000001F)
    __rt_lib_init_getenv_1                   0x080002af   Thumb Code     0  libinit2.o(.ARM.Collect$$libinit$$00000023)
    __rt_lib_init_lc_numeric_1               0x080002af   Thumb Code     0  libinit2.o(.ARM.Collect$$libinit$$00000017)
    __rt_lib_init_lc_time_1                  0x080002af   Thumb Code     0  libinit2.o(.ARM.Collect$$libinit$$00000019)
    __rt_lib_init_return                     0x080002af   Thumb Code     0  libinit2.o(.ARM.Collect$$libinit$$00000033)
    __rt_lib_init_signal_1                   0x080002af   Thumb Code     0  libinit2.o(.ARM.Collect$$libinit$$0000001D)
    __rt_lib_init_stdio_1                    0x080002af   Thumb Code     0  libinit2.o(.ARM.Collect$$libinit$$00000025)
    __rt_lib_shutdown                        0x080002b1   Thumb Code     0  libshutdown.o(.ARM.Collect$$libshutdown$$00000000)
    __rt_lib_shutdown_cpp_1                  0x080002b3   Thumb Code     0  libshutdown2.o(.ARM.Collect$$libshutdown$$00000002)
    __rt_lib_shutdown_fp_trap_1              0x080002b3   Thumb Code     0  libshutdown2.o(.ARM.Collect$$libshutdown$$00000007)
    __rt_lib_shutdown_heap_1                 0x080002b3   Thumb Code     0  libshutdown2.o(.ARM.Collect$$libshutdown$$0000000F)
    __rt_lib_shutdown_return                 0x080002b3   Thumb Code     0  libshutdown2.o(.ARM.Collect$$libshutdown$$00000010)
    __rt_lib_shutdown_signal_1               0x080002b3   Thumb Code     0  libshutdown2.o(.ARM.Collect$$libshutdown$$0000000A)
    __rt_lib_shutdown_stdio_1                0x080002b3   Thumb Code     0  libshutdown2.o(.ARM.Collect$$libshutdown$$00000004)
    __rt_lib_shutdown_user_alloc_1           0x080002b3   Thumb Code     0  libshutdown2.o(.ARM.Collect$$libshutdown$$0000000C)
    __rt_entry                               0x080002b5   Thumb Code     0  __rtentry.o(.ARM.Collect$$rtentry$$00000000)
    __rt_entry_presh_1                       0x080002b5   Thumb Code     0  __rtentry2.o(.ARM.Collect$$rtentry$$00000002)
    __rt_entry_sh                            0x080002b5   Thumb Code     0  __rtentry4.o(.ARM.Collect$$rtentry$$00000004)
    __rt_entry_li                            0x080002bb   Thumb Code     0  __rtentry2.o(.ARM.Collect$$rtentry$$0000000A)
    __rt_entry_postsh_1                      0x080002bb   Thumb Code     0  __rtentry2.o(.ARM.Collect$$rtentry$$00000009)
    __rt_entry_main                          0x080002bf   Thumb Code     0  __rtentry2.o(.ARM.Collect$$rtentry$$0000000D)
    __rt_entry_postli_1                      0x080002bf   Thumb Code     0  __rtentry2.o(.ARM.Collect$$rtentry$$0000000C)
    __rt_exit                                0x080002c7   Thumb Code     0  rtexit.o(.ARM.Collect$$rtexit$$00000000)
    __rt_exit_ls                             0x080002c9   Thumb Code     0  rtexit2.o(.ARM.Collect$$rtexit$$00000003)
    __rt_exit_prels_1                        0x080002c9   Thumb Code     0  rtexit2.o(.ARM.Collect$$rtexit$$00000002)
    __rt_exit_exit                           0x080002cd   Thumb Code     0  rtexit2.o(.ARM.Collect$$rtexit$$00000004)
    SVC_Handler                              0x080002d5   Thumb Code    28  port.o(.emb_text)
    __asm___6_port_c_39a90d8d__prvStartFirstTask 0x080002f5   Thumb Code    36  port.o(.emb_text)
    __asm___6_port_c_39a90d8d__prvEnableVFP  0x0800031d   Thumb Code    16  port.o(.emb_text)
    PendSV_Handler                           0x08000331   Thumb Code    88  port.o(.emb_text)
    vPortGetIPSR                             0x0800038d   Thumb Code     6  port.o(.emb_text)
    Reset_Handler                            0x08000395   Thumb Code     8  startup_stm32f407xx.o(.text)
    ADC_IRQHandler                           0x080003af   Thumb Code     0  startup_stm32f407xx.o(.text)
    CAN1_RX1_IRQHandler                      0x080003af   Thumb Code     0  startup_stm32f407xx.o(.text)
    CAN1_SCE_IRQHandler                      0x080003af   Thumb Code     0  startup_stm32f407xx.o(.text)
    CAN1_TX_IRQHandler                       0x080003af   Thumb Code     0  startup_stm32f407xx.o(.text)
    CAN2_RX1_IRQHandler                      0x080003af   Thumb Code     0  startup_stm32f407xx.o(.text)
    CAN2_SCE_IRQHandler                      0x080003af   Thumb Code     0  startup_stm32f407xx.o(.text)
    CAN2_TX_IRQHandler                       0x080003af   Thumb Code     0  startup_stm32f407xx.o(.text)
    DCMI_IRQHandler                          0x080003af   Thumb Code     0  startup_stm32f407xx.o(.text)
    DMA1_Stream0_IRQHandler                  0x080003af   Thumb Code     0  startup_stm32f407xx.o(.text)
    DMA1_Stream2_IRQHandler                  0x080003af   Thumb Code     0  startup_stm32f407xx.o(.text)
    DMA1_Stream3_IRQHandler                  0x080003af   Thumb Code     0  startup_stm32f407xx.o(.text)
    DMA1_Stream4_IRQHandler                  0x080003af   Thumb Code     0  startup_stm32f407xx.o(.text)
    DMA1_Stream5_IRQHandler                  0x080003af   Thumb Code     0  startup_stm32f407xx.o(.text)
    DMA1_Stream6_IRQHandler                  0x080003af   Thumb Code     0  startup_stm32f407xx.o(.text)
    DMA1_Stream7_IRQHandler                  0x080003af   Thumb Code     0  startup_stm32f407xx.o(.text)
    DMA2_Stream0_IRQHandler                  0x080003af   Thumb Code     0  startup_stm32f407xx.o(.text)
    DMA2_Stream1_IRQHandler                  0x080003af   Thumb Code     0  startup_stm32f407xx.o(.text)
    DMA2_Stream2_IRQHandler                  0x080003af   Thumb Code     0  startup_stm32f407xx.o(.text)
    DMA2_Stream3_IRQHandler                  0x080003af   Thumb Code     0  startup_stm32f407xx.o(.text)
    DMA2_Stream4_IRQHandler                  0x080003af   Thumb Code     0  startup_stm32f407xx.o(.text)
    DMA2_Stream5_IRQHandler                  0x080003af   Thumb Code     0  startup_stm32f407xx.o(.text)
    DMA2_Stream6_IRQHandler                  0x080003af   Thumb Code     0  startup_stm32f407xx.o(.text)
    ETH_IRQHandler                           0x080003af   Thumb Code     0  startup_stm32f407xx.o(.text)
    ETH_WKUP_IRQHandler                      0x080003af   Thumb Code     0  startup_stm32f407xx.o(.text)
    EXTI0_IRQHandler                         0x080003af   Thumb Code     0  startup_stm32f407xx.o(.text)
    EXTI15_10_IRQHandler                     0x080003af   Thumb Code     0  startup_stm32f407xx.o(.text)
    EXTI1_IRQHandler                         0x080003af   Thumb Code     0  startup_stm32f407xx.o(.text)
    EXTI2_IRQHandler                         0x080003af   Thumb Code     0  startup_stm32f407xx.o(.text)
    EXTI3_IRQHandler                         0x080003af   Thumb Code     0  startup_stm32f407xx.o(.text)
    EXTI4_IRQHandler                         0x080003af   Thumb Code     0  startup_stm32f407xx.o(.text)
    EXTI9_5_IRQHandler                       0x080003af   Thumb Code     0  startup_stm32f407xx.o(.text)
    FLASH_IRQHandler                         0x080003af   Thumb Code     0  startup_stm32f407xx.o(.text)
    FMC_IRQHandler                           0x080003af   Thumb Code     0  startup_stm32f407xx.o(.text)
    FPU_IRQHandler                           0x080003af   Thumb Code     0  startup_stm32f407xx.o(.text)
    HASH_RNG_IRQHandler                      0x080003af   Thumb Code     0  startup_stm32f407xx.o(.text)
    I2C1_ER_IRQHandler                       0x080003af   Thumb Code     0  startup_stm32f407xx.o(.text)
    I2C1_EV_IRQHandler                       0x080003af   Thumb Code     0  startup_stm32f407xx.o(.text)
    I2C2_ER_IRQHandler                       0x080003af   Thumb Code     0  startup_stm32f407xx.o(.text)
    I2C2_EV_IRQHandler                       0x080003af   Thumb Code     0  startup_stm32f407xx.o(.text)
    I2C3_ER_IRQHandler                       0x080003af   Thumb Code     0  startup_stm32f407xx.o(.text)
    I2C3_EV_IRQHandler                       0x080003af   Thumb Code     0  startup_stm32f407xx.o(.text)
    OTG_FS_IRQHandler                        0x080003af   Thumb Code     0  startup_stm32f407xx.o(.text)
    OTG_FS_WKUP_IRQHandler                   0x080003af   Thumb Code     0  startup_stm32f407xx.o(.text)
    OTG_HS_EP1_IN_IRQHandler                 0x080003af   Thumb Code     0  startup_stm32f407xx.o(.text)
    OTG_HS_EP1_OUT_IRQHandler                0x080003af   Thumb Code     0  startup_stm32f407xx.o(.text)
    OTG_HS_IRQHandler                        0x080003af   Thumb Code     0  startup_stm32f407xx.o(.text)
    OTG_HS_WKUP_IRQHandler                   0x080003af   Thumb Code     0  startup_stm32f407xx.o(.text)
    PVD_IRQHandler                           0x080003af   Thumb Code     0  startup_stm32f407xx.o(.text)
    RCC_IRQHandler                           0x080003af   Thumb Code     0  startup_stm32f407xx.o(.text)
    RTC_Alarm_IRQHandler                     0x080003af   Thumb Code     0  startup_stm32f407xx.o(.text)
    RTC_WKUP_IRQHandler                      0x080003af   Thumb Code     0  startup_stm32f407xx.o(.text)
    SDIO_IRQHandler                          0x080003af   Thumb Code     0  startup_stm32f407xx.o(.text)
    SPI1_IRQHandler                          0x080003af   Thumb Code     0  startup_stm32f407xx.o(.text)
    SPI2_IRQHandler                          0x080003af   Thumb Code     0  startup_stm32f407xx.o(.text)
    SPI3_IRQHandler                          0x080003af   Thumb Code     0  startup_stm32f407xx.o(.text)
    TAMP_STAMP_IRQHandler                    0x080003af   Thumb Code     0  startup_stm32f407xx.o(.text)
    TIM1_BRK_TIM9_IRQHandler                 0x080003af   Thumb Code     0  startup_stm32f407xx.o(.text)
    TIM1_CC_IRQHandler                       0x080003af   Thumb Code     0  startup_stm32f407xx.o(.text)
    TIM1_TRG_COM_TIM11_IRQHandler            0x080003af   Thumb Code     0  startup_stm32f407xx.o(.text)
    TIM1_UP_TIM10_IRQHandler                 0x080003af   Thumb Code     0  startup_stm32f407xx.o(.text)
    TIM2_IRQHandler                          0x080003af   Thumb Code     0  startup_stm32f407xx.o(.text)
    TIM3_IRQHandler                          0x080003af   Thumb Code     0  startup_stm32f407xx.o(.text)
    TIM4_IRQHandler                          0x080003af   Thumb Code     0  startup_stm32f407xx.o(.text)
    TIM5_IRQHandler                          0x080003af   Thumb Code     0  startup_stm32f407xx.o(.text)
    TIM6_DAC_IRQHandler                      0x080003af   Thumb Code     0  startup_stm32f407xx.o(.text)
    TIM7_IRQHandler                          0x080003af   Thumb Code     0  startup_stm32f407xx.o(.text)
    TIM8_BRK_TIM12_IRQHandler                0x080003af   Thumb Code     0  startup_stm32f407xx.o(.text)
    TIM8_CC_IRQHandler                       0x080003af   Thumb Code     0  startup_stm32f407xx.o(.text)
    TIM8_TRG_COM_TIM14_IRQHandler            0x080003af   Thumb Code     0  startup_stm32f407xx.o(.text)
    TIM8_UP_TIM13_IRQHandler                 0x080003af   Thumb Code     0  startup_stm32f407xx.o(.text)
    UART4_IRQHandler                         0x080003af   Thumb Code     0  startup_stm32f407xx.o(.text)
    UART5_IRQHandler                         0x080003af   Thumb Code     0  startup_stm32f407xx.o(.text)
    USART2_IRQHandler                        0x080003af   Thumb Code     0  startup_stm32f407xx.o(.text)
    USART6_IRQHandler                        0x080003af   Thumb Code     0  startup_stm32f407xx.o(.text)
    WWDG_IRQHandler                          0x080003af   Thumb Code     0  startup_stm32f407xx.o(.text)
    __user_initial_stackheap                 0x080003b1   Thumb Code     0  startup_stm32f407xx.o(.text)
    __aeabi_uldivmod                         0x080003d5   Thumb Code     0  lludivv7m.o(.text)
    _ll_udiv                                 0x080003d5   Thumb Code   238  lludivv7m.o(.text)
    vsprintf                                 0x080004c5   Thumb Code    32  vsprintf.o(.text)
    __aeabi_memcpy4                          0x080004e9   Thumb Code     0  rt_memcpy_w.o(.text)
    __aeabi_memcpy8                          0x080004e9   Thumb Code     0  rt_memcpy_w.o(.text)
    __rt_memcpy_w                            0x080004e9   Thumb Code   100  rt_memcpy_w.o(.text)
    _memcpy_lastbytes_aligned                0x08000531   Thumb Code     0  rt_memcpy_w.o(.text)
    __aeabi_memclr4                          0x0800054d   Thumb Code     0  rt_memclr_w.o(.text)
    __aeabi_memclr8                          0x0800054d   Thumb Code     0  rt_memclr_w.o(.text)
    __rt_memclr_w                            0x0800054d   Thumb Code    78  rt_memclr_w.o(.text)
    _memset_w                                0x08000551   Thumb Code     0  rt_memclr_w.o(.text)
    __use_two_region_memory                  0x0800059b   Thumb Code     2  heapauxi.o(.text)
    __rt_heap_escrow$2region                 0x0800059d   Thumb Code     2  heapauxi.o(.text)
    __rt_heap_expand$2region                 0x0800059f   Thumb Code     2  heapauxi.o(.text)
    _printf_pre_padding                      0x080005a1   Thumb Code    44  _printf_pad.o(.text)
    _printf_post_padding                     0x080005cd   Thumb Code    34  _printf_pad.o(.text)
    _printf_truncate_signed                  0x080005ef   Thumb Code    18  _printf_truncate.o(.text)
    _printf_truncate_unsigned                0x08000601   Thumb Code    18  _printf_truncate.o(.text)
    _printf_str                              0x08000613   Thumb Code    82  _printf_str.o(.text)
    _printf_int_dec                          0x08000665   Thumb Code   104  _printf_dec.o(.text)
    _printf_charcount                        0x080006dd   Thumb Code    40  _printf_charcount.o(.text)
    _printf_char_common                      0x0800070f   Thumb Code    32  _printf_char_common.o(.text)
    _sputc                                   0x08000735   Thumb Code    10  _sputc.o(.text)
    _printf_wctomb                           0x08000741   Thumb Code   182  _printf_wctomb.o(.text)
    _printf_longlong_dec                     0x080007fd   Thumb Code   108  _printf_longlong_dec.o(.text)
    _printf_longlong_oct                     0x08000879   Thumb Code    66  _printf_oct_int_ll.o(.text)
    _printf_int_oct                          0x080008bb   Thumb Code    24  _printf_oct_int_ll.o(.text)
    _printf_ll_oct                           0x080008d3   Thumb Code    12  _printf_oct_int_ll.o(.text)
    _printf_longlong_hex                     0x080008e9   Thumb Code    86  _printf_hex_int_ll_ptr.o(.text)
    _printf_int_hex                          0x0800093f   Thumb Code    28  _printf_hex_int_ll_ptr.o(.text)
    _printf_ll_hex                           0x0800095b   Thumb Code    12  _printf_hex_int_ll_ptr.o(.text)
    _printf_hex_ptr                          0x08000967   Thumb Code    18  _printf_hex_int_ll_ptr.o(.text)
    __printf                                 0x0800097d   Thumb Code   388  __printf_flags_ss_wp.o(.text)
    _ll_udiv10                               0x08000b05   Thumb Code   138  lludiv10.o(.text)
    _printf_int_common                       0x08000b8f   Thumb Code   178  _printf_intcommon.o(.text)
    __lib_sel_fp_printf                      0x08000c41   Thumb Code     2  _printf_fp_dec.o(.text)
    _printf_fp_dec_real                      0x08000df3   Thumb Code   620  _printf_fp_dec.o(.text)
    _printf_fp_hex_real                      0x08001061   Thumb Code   756  _printf_fp_hex.o(.text)
    _printf_cs_common                        0x0800135d   Thumb Code    20  _printf_char.o(.text)
    _printf_char                             0x08001371   Thumb Code    16  _printf_char.o(.text)
    _printf_string                           0x08001381   Thumb Code     8  _printf_char.o(.text)
    _printf_lcs_common                       0x08001389   Thumb Code    20  _printf_wchar.o(.text)
    _printf_wchar                            0x0800139d   Thumb Code    16  _printf_wchar.o(.text)
    _printf_wstring                          0x080013ad   Thumb Code     8  _printf_wchar.o(.text)
    _wcrtomb                                 0x080013b5   Thumb Code    64  _wcrtomb.o(.text)
    __user_libspace                          0x080013f5   Thumb Code     8  libspace.o(.text)
    __user_perproc_libspace                  0x080013f5   Thumb Code     0  libspace.o(.text)
    __user_perthread_libspace                0x080013f5   Thumb Code     0  libspace.o(.text)
    __user_setup_stackheap                   0x080013fd   Thumb Code    74  sys_stackheap_outer.o(.text)
    __rt_ctype_table                         0x08001449   Thumb Code    16  rt_ctype_table.o(.text)
    __rt_locale                              0x08001459   Thumb Code     8  rt_locale_intlibspace.o(.text)
    _printf_fp_infnan                        0x08001461   Thumb Code   112  _printf_fp_infnan.o(.text)
    _btod_etento                             0x080014e1   Thumb Code   224  bigflt0.o(.text)
    exit                                     0x080015c5   Thumb Code    18  exit.o(.text)
    strcmp                                   0x080015d9   Thumb Code   128  strcmpv7m.o(.text)
    _sys_exit                                0x08001659   Thumb Code     8  sys_exit.o(.text)
    __I$use$semihosting                      0x08001665   Thumb Code     0  use_no_semi.o(.text)
    __use_no_semihosting_swi                 0x08001665   Thumb Code     2  use_no_semi.o(.text)
    __semihosting_library_function           0x08001667   Thumb Code     0  indicate_semi.o(.text)
    _btod_d2e                                0x08001667   Thumb Code    62  btod.o(CL$$btod_d2e)
    _d2e_denorm_low                          0x080016a5   Thumb Code    70  btod.o(CL$$btod_d2e_denorm_low)
    _d2e_norm_op1                            0x080016eb   Thumb Code    96  btod.o(CL$$btod_d2e_norm_op1)
    __btod_div_common                        0x0800174b   Thumb Code   696  btod.o(CL$$btod_div_common)
    _e2e                                     0x08001a83   Thumb Code   220  btod.o(CL$$btod_e2e)
    _btod_ediv                               0x08001b5f   Thumb Code    42  btod.o(CL$$btod_ediv)
    _btod_emul                               0x08001b89   Thumb Code    42  btod.o(CL$$btod_emul)
    __btod_mult_common                       0x08001bb3   Thumb Code   580  btod.o(CL$$btod_mult_common)
    BusFault_Handler                         0x08001df7   Thumb Code     2  stm32f4xx_it.o(i.BusFault_Handler)
    CAN1_RX0_IRQHandler                      0x08001df9   Thumb Code     6  stm32f4xx_it.o(i.CAN1_RX0_IRQHandler)
    CAN2_RX0_IRQHandler                      0x08001e05   Thumb Code     6  stm32f4xx_it.o(i.CAN2_RX0_IRQHandler)
    DMA1_Stream1_IRQHandler                  0x08001e11   Thumb Code     6  stm32f4xx_it.o(i.DMA1_Stream1_IRQHandler)
    DMA2_Stream7_IRQHandler                  0x08001e1d   Thumb Code     6  stm32f4xx_it.o(i.DMA2_Stream7_IRQHandler)
    DM_Motor_Init                            0x08001ecd   Thumb Code    58  top_ctrl.o(i.DM_Motor_Init)
    DebugMon_Handler                         0x08001f0d   Thumb Code     2  stm32f4xx_it.o(i.DebugMon_Handler)
    Error_Handler                            0x08001f0f   Thumb Code     4  main.o(i.Error_Handler)
    HAL_CAN_ActivateNotification             0x08001f13   Thumb Code    36  stm32f4xx_hal_can.o(i.HAL_CAN_ActivateNotification)
    HAL_CAN_AddTxMessage                     0x08001f37   Thumb Code   188  stm32f4xx_hal_can.o(i.HAL_CAN_AddTxMessage)
    HAL_CAN_ConfigFilter                     0x08001ff5   Thumb Code   262  stm32f4xx_hal_can.o(i.HAL_CAN_ConfigFilter)
    HAL_CAN_ErrorCallback                    0x08002101   Thumb Code     2  stm32f4xx_hal_can.o(i.HAL_CAN_ErrorCallback)
    HAL_CAN_GetRxMessage                     0x08002103   Thumb Code   244  stm32f4xx_hal_can.o(i.HAL_CAN_GetRxMessage)
    HAL_CAN_IRQHandler                       0x080021f7   Thumb Code   508  stm32f4xx_hal_can.o(i.HAL_CAN_IRQHandler)
    HAL_CAN_Init                             0x080023f3   Thumb Code   282  stm32f4xx_hal_can.o(i.HAL_CAN_Init)
    HAL_CAN_MspInit                          0x0800250d   Thumb Code   214  can.o(i.HAL_CAN_MspInit)
    HAL_CAN_RxFifo0FullCallback              0x080025fd   Thumb Code     2  stm32f4xx_hal_can.o(i.HAL_CAN_RxFifo0FullCallback)
    HAL_CAN_RxFifo0MsgPendingCallback        0x08002601   Thumb Code   770  can_recv_1.o(i.HAL_CAN_RxFifo0MsgPendingCallback)
    HAL_CAN_RxFifo1FullCallback              0x08002939   Thumb Code     2  stm32f4xx_hal_can.o(i.HAL_CAN_RxFifo1FullCallback)
    HAL_CAN_RxFifo1MsgPendingCallback        0x0800293b   Thumb Code     2  stm32f4xx_hal_can.o(i.HAL_CAN_RxFifo1MsgPendingCallback)
    HAL_CAN_SleepCallback                    0x0800293d   Thumb Code     2  stm32f4xx_hal_can.o(i.HAL_CAN_SleepCallback)
    HAL_CAN_Start                            0x08002941   Thumb Code    88  stm32f4xx_hal_can.o(i.HAL_CAN_Start)
    HAL_CAN_TxMailbox0AbortCallback          0x08002999   Thumb Code     2  stm32f4xx_hal_can.o(i.HAL_CAN_TxMailbox0AbortCallback)
    HAL_CAN_TxMailbox0CompleteCallback       0x0800299b   Thumb Code     2  stm32f4xx_hal_can.o(i.HAL_CAN_TxMailbox0CompleteCallback)
    HAL_CAN_TxMailbox1AbortCallback          0x0800299d   Thumb Code     2  stm32f4xx_hal_can.o(i.HAL_CAN_TxMailbox1AbortCallback)
    HAL_CAN_TxMailbox1CompleteCallback       0x0800299f   Thumb Code     2  stm32f4xx_hal_can.o(i.HAL_CAN_TxMailbox1CompleteCallback)
    HAL_CAN_TxMailbox2AbortCallback          0x080029a1   Thumb Code     2  stm32f4xx_hal_can.o(i.HAL_CAN_TxMailbox2AbortCallback)
    HAL_CAN_TxMailbox2CompleteCallback       0x080029a3   Thumb Code     2  stm32f4xx_hal_can.o(i.HAL_CAN_TxMailbox2CompleteCallback)
    HAL_CAN_WakeUpFromRxMsgCallback          0x080029a5   Thumb Code     2  stm32f4xx_hal_can.o(i.HAL_CAN_WakeUpFromRxMsgCallback)
    HAL_DMA_Abort                            0x080029a7   Thumb Code   146  stm32f4xx_hal_dma.o(i.HAL_DMA_Abort)
    HAL_DMA_Abort_IT                         0x08002a39   Thumb Code    36  stm32f4xx_hal_dma.o(i.HAL_DMA_Abort_IT)
    HAL_DMA_IRQHandler                       0x08002a5d   Thumb Code   412  stm32f4xx_hal_dma.o(i.HAL_DMA_IRQHandler)
    HAL_DMA_Init                             0x08002bfd   Thumb Code   206  stm32f4xx_hal_dma.o(i.HAL_DMA_Init)
    HAL_DMA_Start_IT                         0x08002cd1   Thumb Code   110  stm32f4xx_hal_dma.o(i.HAL_DMA_Start_IT)
    HAL_GPIO_Init                            0x08002d41   Thumb Code   450  stm32f4xx_hal_gpio.o(i.HAL_GPIO_Init)
    HAL_GetTick                              0x08002f31   Thumb Code     6  stm32f4xx_hal.o(i.HAL_GetTick)
    HAL_IncTick                              0x08002f3d   Thumb Code    12  stm32f4xx_hal.o(i.HAL_IncTick)
    HAL_Init                                 0x08002f4d   Thumb Code    48  stm32f4xx_hal.o(i.HAL_Init)
    HAL_InitTick                             0x08002f81   Thumb Code    54  stm32f4xx_hal.o(i.HAL_InitTick)
    HAL_MspInit                              0x08002fc1   Thumb Code    52  stm32f4xx_hal_msp.o(i.HAL_MspInit)
    HAL_NVIC_EnableIRQ                       0x08002ff9   Thumb Code    26  stm32f4xx_hal_cortex.o(i.HAL_NVIC_EnableIRQ)
    HAL_NVIC_SetPriority                     0x08003015   Thumb Code    60  stm32f4xx_hal_cortex.o(i.HAL_NVIC_SetPriority)
    HAL_NVIC_SetPriorityGrouping             0x08003055   Thumb Code    26  stm32f4xx_hal_cortex.o(i.HAL_NVIC_SetPriorityGrouping)
    HAL_RCC_ClockConfig                      0x08003079   Thumb Code   288  stm32f4xx_hal_rcc.o(i.HAL_RCC_ClockConfig)
    HAL_RCC_GetPCLK1Freq                     0x080031ad   Thumb Code    20  stm32f4xx_hal_rcc.o(i.HAL_RCC_GetPCLK1Freq)
    HAL_RCC_GetPCLK2Freq                     0x080031cd   Thumb Code    20  stm32f4xx_hal_rcc.o(i.HAL_RCC_GetPCLK2Freq)
    HAL_RCC_GetSysClockFreq                  0x080031ed   Thumb Code    88  stm32f4xx_hal_rcc.o(i.HAL_RCC_GetSysClockFreq)
    HAL_RCC_OscConfig                        0x08003251   Thumb Code   856  stm32f4xx_hal_rcc.o(i.HAL_RCC_OscConfig)
    HAL_SYSTICK_Config                       0x080035bd   Thumb Code    40  stm32f4xx_hal_cortex.o(i.HAL_SYSTICK_Config)
    HAL_TIMEx_MasterConfigSynchronization    0x080035e5   Thumb Code   116  stm32f4xx_hal_tim_ex.o(i.HAL_TIMEx_MasterConfigSynchronization)
    HAL_TIM_MspPostInit                      0x08003675   Thumb Code    70  tim.o(i.HAL_TIM_MspPostInit)
    HAL_TIM_PWM_ConfigChannel                0x080036c9   Thumb Code   204  stm32f4xx_hal_tim.o(i.HAL_TIM_PWM_ConfigChannel)
    HAL_TIM_PWM_Init                         0x08003795   Thumb Code    90  stm32f4xx_hal_tim.o(i.HAL_TIM_PWM_Init)
    HAL_TIM_PWM_MspInit                      0x080037f1   Thumb Code    30  tim.o(i.HAL_TIM_PWM_MspInit)
    HAL_UARTEx_RxEventCallback               0x08003819   Thumb Code     2  stm32f4xx_hal_uart.o(i.HAL_UARTEx_RxEventCallback)
    HAL_UART_ErrorCallback                   0x0800381b   Thumb Code     2  stm32f4xx_hal_uart.o(i.HAL_UART_ErrorCallback)
    HAL_UART_IRQHandler                      0x0800381d   Thumb Code   618  stm32f4xx_hal_uart.o(i.HAL_UART_IRQHandler)
    HAL_UART_Init                            0x08003a8d   Thumb Code   100  stm32f4xx_hal_uart.o(i.HAL_UART_Init)
    HAL_UART_MspInit                         0x08003af1   Thumb Code   326  usart.o(i.HAL_UART_MspInit)
    HAL_UART_RxCpltCallback                  0x08003c5d   Thumb Code     2  stm32f4xx_hal_uart.o(i.HAL_UART_RxCpltCallback)
    HAL_UART_Transmit_DMA                    0x08003c61   Thumb Code   106  stm32f4xx_hal_uart.o(i.HAL_UART_Transmit_DMA)
    HAL_UART_TxCpltCallback                  0x08003cd9   Thumb Code     2  stm32f4xx_hal_uart.o(i.HAL_UART_TxCpltCallback)
    HAL_UART_TxHalfCpltCallback              0x08003cdb   Thumb Code     2  stm32f4xx_hal_uart.o(i.HAL_UART_TxHalfCpltCallback)
    HardFault_Handler                        0x08003cdd   Thumb Code     2  stm32f4xx_it.o(i.HardFault_Handler)
    MD_CanReceive                            0x08003cdf   Thumb Code   350  can_recv_1.o(i.MD_CanReceive)
    MD_motor_SendCurrent                     0x08003e3d   Thumb Code   230  can_recv_1.o(i.MD_motor_SendCurrent)
    MX_CAN1_Init                             0x08003f31   Thumb Code    60  can.o(i.MX_CAN1_Init)
    MX_CAN2_Init                             0x08003f75   Thumb Code    60  can.o(i.MX_CAN2_Init)
    MX_DMA_Init                              0x08003fb9   Thumb Code    72  dma.o(i.MX_DMA_Init)
    MX_FREERTOS_Init                         0x08004005   Thumb Code    52  freertos.o(i.MX_FREERTOS_Init)
    MX_GPIO_Init                             0x08004041   Thumb Code    86  gpio.o(i.MX_GPIO_Init)
    MX_TIM4_Init                             0x0800409d   Thumb Code   102  tim.o(i.MX_TIM4_Init)
    MX_USART1_UART_Init                      0x0800410d   Thumb Code    48  usart.o(i.MX_USART1_UART_Init)
    MX_USART3_UART_Init                      0x08004145   Thumb Code    46  usart.o(i.MX_USART3_UART_Init)
    MemManage_Handler                        0x08004181   Thumb Code     2  stm32f4xx_it.o(i.MemManage_Handler)
    NMI_Handler                              0x08004183   Thumb Code     2  stm32f4xx_it.o(i.NMI_Handler)
    PID_clear                                0x08004185   Thumb Code    58  pid.o(i.PID_clear)
    PID_init                                 0x080041c5   Thumb Code    88  pid.o(i.PID_init)
    RC_init                                  0x08004221   Thumb Code    84  bsp_rc.o(i.RC_init)
    StartDefaultTask                         0x08004281   Thumb Code     8  freertos.o(i.StartDefaultTask)
    SysTick_Handler                          0x08004289   Thumb Code    24  stm32f4xx_it.o(i.SysTick_Handler)
    SystemClock_Config                       0x080042a1   Thumb Code   140  main.o(i.SystemClock_Config)
    SystemInit                               0x08004335   Thumb Code    12  system_stm32f4xx.o(i.SystemInit)
    TIM_Base_SetConfig                       0x08004345   Thumb Code   170  stm32f4xx_hal_tim.o(i.TIM_Base_SetConfig)
    TIM_OC2_SetConfig                        0x0800447d   Thumb Code    98  stm32f4xx_hal_tim.o(i.TIM_OC2_SetConfig)
    USART1_IRQHandler                        0x08004881   Thumb Code     6  stm32f4xx_it.o(i.USART1_IRQHandler)
    USART3_IRQHandler                        0x0800488d   Thumb Code   156  remote_control.o(i.USART3_IRQHandler)
    UsageFault_Handler                       0x08004941   Thumb Code     2  stm32f4xx_it.o(i.UsageFault_Handler)
    __ARM_fpclassify                         0x08004943   Thumb Code    48  fpclassify.o(i.__ARM_fpclassify)
    __hardfp_fabs                            0x08004993   Thumb Code    20  fabs.o(i.__hardfp_fabs)
    __hardfp_fmaxf                           0x080049a7   Thumb Code    72  fmaxf.o(i.__hardfp_fmaxf)
    __hardfp_fminf                           0x080049ef   Thumb Code    72  fminf.o(i.__hardfp_fminf)
    _is_digit                                0x08004a37   Thumb Code    14  __printf_wp.o(i._is_digit)
    can_filter_init                          0x08004a45   Thumb Code    80  bsp_can_1.o(i.can_filter_init)
    float_constrain                          0x08004a9d   Thumb Code    32  top_ctrl.o(i.float_constrain)
    float_to_uint                            0x08004abd   Thumb Code    68  can_recv_1.o(i.float_to_uint)
    get_3508_M5_motor_measure_point          0x08004b01   Thumb Code     4  can_recv_1.o(i.get_3508_M5_motor_measure_point)
    juggle_Mode                              0x08004b09   Thumb Code   280  top_ctrl.o(i.juggle_Mode)
    main                                     0x08004c79   Thumb Code    70  main.o(i.main)
    motor_init                               0x08004ce9   Thumb Code   128  chassis.o(i.motor_init)
    osDelay                                  0x08004d85   Thumb Code    14  cmsis_os.o(i.osDelay)
    osKernelStart                            0x08004d93   Thumb Code    10  cmsis_os.o(i.osKernelStart)
    osThreadCreate                           0x08004d9d   Thumb Code    84  cmsis_os.o(i.osThreadCreate)
    pvPortMalloc                             0x0800513d   Thumb Code   216  heap_4.o(i.pvPortMalloc)
    pxPortInitialiseStack                    0x08005219   Thumb Code    40  port.o(i.pxPortInitialiseStack)
    remote_control_init                      0x08005245   Thumb Code    12  remote_control.o(i.remote_control_init)
    start_motor                              0x080053b1   Thumb Code    64  can_recv_1.o(i.start_motor)
    top_contorl_Task                         0x080053f5   Thumb Code    24  top_ctrl.o(i.top_contorl_Task)
    uart_dma_printf                          0x08005411   Thumb Code    48  bsp_usart.o(i.uart_dma_printf)
    uxListRemove                             0x08005471   Thumb Code    38  list.o(i.uxListRemove)
    vApplicationGetIdleTaskMemory            0x08005499   Thumb Code    16  freertos.o(i.vApplicationGetIdleTaskMemory)
    vListInitialise                          0x080054ad   Thumb Code    22  list.o(i.vListInitialise)
    vListInitialiseItem                      0x080054c3   Thumb Code     6  list.o(i.vListInitialiseItem)
    vListInsert                              0x080054c9   Thumb Code    48  list.o(i.vListInsert)
    vListInsertEnd                           0x080054f9   Thumb Code    24  list.o(i.vListInsertEnd)
    vPortEnterCritical                       0x08005511   Thumb Code    54  port.o(i.vPortEnterCritical)
    vPortExitCritical                        0x08005551   Thumb Code    34  port.o(i.vPortExitCritical)
    vPortFree                                0x08005579   Thumb Code    94  heap_4.o(i.vPortFree)
    vPortSetupTimerInterrupt                 0x080055dd   Thumb Code    32  port.o(i.vPortSetupTimerInterrupt)
    vTaskDelay                               0x08005601   Thumb Code    66  tasks.o(i.vTaskDelay)
    vTaskStartScheduler                      0x0800564d   Thumb Code    90  tasks.o(i.vTaskStartScheduler)
    vTaskSuspendAll                          0x080056b9   Thumb Code    10  tasks.o(i.vTaskSuspendAll)
    vTaskSwitchContext                       0x080056c9   Thumb Code    82  tasks.o(i.vTaskSwitchContext)
    xPortStartScheduler                      0x08005725   Thumb Code   222  port.o(i.xPortStartScheduler)
    xPortSysTickHandler                      0x08005819   Thumb Code    38  port.o(i.xPortSysTickHandler)
    xTaskCreate                              0x08005845   Thumb Code    90  tasks.o(i.xTaskCreate)
    xTaskCreateStatic                        0x0800589f   Thumb Code    86  tasks.o(i.xTaskCreateStatic)
    xTaskGetSchedulerState                   0x080058f5   Thumb Code    22  tasks.o(i.xTaskGetSchedulerState)
    xTaskIncrementTick                       0x08005911   Thumb Code   194  tasks.o(i.xTaskIncrementTick)
    xTaskResumeAll                           0x080059dd   Thumb Code   182  tasks.o(i.xTaskResumeAll)
    _get_lc_numeric                          0x08005aa1   Thumb Code    44  lc_numeric_c.o(locale$$code)
    _get_lc_ctype                            0x08005acd   Thumb Code    44  lc_ctype_c.o(locale$$code)
    __fpl_dcmp_Inf                           0x08005af9   Thumb Code    24  dcmpi.o(x$fpl$dcmpinf)
    __aeabi_i2d                              0x08005b11   Thumb Code     0  dflt_clz.o(x$fpl$dflt)
    _dflt                                    0x08005b11   Thumb Code    46  dflt_clz.o(x$fpl$dflt)
    __aeabi_cdcmple                          0x08005b41   Thumb Code     0  dleqf.o(x$fpl$dleqf)
    _dcmple                                  0x08005b41   Thumb Code   120  dleqf.o(x$fpl$dleqf)
    __fpl_dcmple_InfNaN                      0x08005ba3   Thumb Code     0  dleqf.o(x$fpl$dleqf)
    __fpl_dnaninf                            0x08005bb9   Thumb Code   156  dnaninf.o(x$fpl$dnaninf)
    __fpl_dretinf                            0x08005c55   Thumb Code    12  dretinf.o(x$fpl$dretinf)
    __aeabi_f2d                              0x08005c61   Thumb Code     0  f2d.o(x$fpl$f2d)
    _f2d                                     0x08005c61   Thumb Code    86  f2d.o(x$fpl$f2d)
    __fcmp4                                  0x08005cb9   Thumb Code    24  fcmp4.o(x$fpl$fcmp4)
    __ARM_fcmp4                              0x08005cd1   Thumb Code     0  fcmp4.o(x$fpl$fcmp4)
    _fcmp4                                   0x08005cd1   Thumb Code    58  fcmp4.o(x$fpl$fcmp4)
    __fpl_fcmp_Inf                           0x08005d0b   Thumb Code    24  fcmpi.o(x$fpl$fcmpinf)
    __aeabi_ul2f                             0x08005d23   Thumb Code     0  ffltll_clz.o(x$fpl$ffltll)
    _ll_uto_f                                0x08005d23   Thumb Code     6  ffltll_clz.o(x$fpl$ffltll)
    __aeabi_l2f                              0x08005d29   Thumb Code     0  ffltll_clz.o(x$fpl$ffltll)
    _ll_sto_f                                0x08005d29   Thumb Code    90  ffltll_clz.o(x$fpl$ffltll)
    __fpl_fnaninf                            0x08005d83   Thumb Code   140  fnaninf.o(x$fpl$fnaninf)
    _fp_init                                 0x08005e0f   Thumb Code    10  fpinit.o(x$fpl$fpinit)
    __fplib_config_fpu_vfp                   0x08005e17   Thumb Code     0  fpinit.o(x$fpl$fpinit)
    __fplib_config_pureend_doubles           0x08005e17   Thumb Code     0  fpinit.o(x$fpl$fpinit)
    _printf_fp_dec                           0x08005e19   Thumb Code     4  printf1.o(x$fpl$printf1)
    _printf_fp_hex                           0x08005e1d   Thumb Code     4  printf2.o(x$fpl$printf2)
    __I$use$fp                               0x08005e20   Number         0  usenofp.o(x$fpl$usenofp)
    AHBPrescTable                            0x08005e60   Data          16  system_stm32f4xx.o(.constdata)
    APBPrescTable                            0x08005e70   Data           8  system_stm32f4xx.o(.constdata)
    Region$$Table$$Base                      0x08005f94   Number         0  anon$$obj.o(Region$$Table)
    Region$$Table$$Limit                     0x08005fb4   Number         0  anon$$obj.o(Region$$Table)
    __ctype                                  0x08005fdd   Data           0  lc_ctype_c.o(locale$$data)
    defaultTaskHandle                        0x20000000   Data           4  freertos.o(.data)
    topTaskHandle                            0x20000004   Data           4  freertos.o(.data)
    uwTickFreq                               0x2000000c   Data           1  stm32f4xx_hal.o(.data)
    uwTickPrio                               0x20000010   Data           4  stm32f4xx_hal.o(.data)
    uwTick                                   0x20000014   Data           4  stm32f4xx_hal.o(.data)
    SystemCoreClock                          0x20000018   Data           4  system_stm32f4xx.o(.data)
    pxCurrentTCB                             0x2000001c   Data           4  tasks.o(.data)
    hcan1                                    0x200002f0   Data          40  can.o(.bss)
    hcan2                                    0x20000318   Data          40  can.o(.bss)
    htim4                                    0x20000340   Data          72  tim.o(.bss)
    huart1                                   0x20000388   Data          72  usart.o(.bss)
    huart3                                   0x200003d0   Data          72  usart.o(.bss)
    hdma_usart1_tx                           0x20000418   Data          96  usart.o(.bss)
    hdma_usart3_rx                           0x20000478   Data          96  usart.o(.bss)
    DM_circle_num                            0x20004348   Data          16  can_recv_1.o(.bss)
    DM4340_Date                              0x200043a0   Data         360  can_recv_1.o(.bss)
    CAN_DMstart_TxHeader                     0x20004520   Data          24  can_recv_1.o(.bss)
    CAN_DMmsg_TxHeader                       0x20004538   Data          24  can_recv_1.o(.bss)
    DBUS_ReceiveData                         0x20004550   Data          28  can_recv_1.o(.bss)
    motor_control                            0x2000456c   Data        1816  chassis.o(.bss)
    rc_ctrl                                  0x20004c84   Data          22  remote_control.o(.bss)
    __libspace_start                         0x20004ce4   Data          96  libspace.o(.bss)
    __temporary_stack_top$libspace           0x20004d44   Data           0  libspace.o(.bss)



==============================================================================

Memory Map of the image

  Image Entry point : 0x08000189

  Load Region LR_IROM1 (Base: 0x08000000, Size: 0x0000617c, Max: 0x00100000, ABSOLUTE)

    Execution Region ER_IROM1 (Exec base: 0x08000000, Load base: 0x08000000, Size: 0x000060e0, Max: 0x00100000, ABSOLUTE)

    Exec Addr    Load Addr    Size         Type   Attr      Idx    E Section Name        Object

    0x08000000   0x08000000   0x00000188   Data   RO            3    RESET               startup_stm32f407xx.o
    0x08000188   0x08000188   0x00000008   Code   RO         5622  * !!!main             c_w.l(__main.o)
    0x08000190   0x08000190   0x00000034   Code   RO         6064    !!!scatter          c_w.l(__scatter.o)
    0x080001c4   0x080001c4   0x0000001a   Code   RO         6066    !!handler_copy      c_w.l(__scatter_copy.o)
    0x080001de   0x080001de   0x00000002   PAD
    0x080001e0   0x080001e0   0x0000001c   Code   RO         6068    !!handler_zi        c_w.l(__scatter_zi.o)
    0x080001fc   0x080001fc   0x00000000   Code   RO         5780    .ARM.Collect$$_printf_percent$$00000000  c_w.l(_printf_percent.o)
    0x080001fc   0x080001fc   0x00000006   Code   RO         5769    .ARM.Collect$$_printf_percent$$00000001  c_w.l(_printf_n.o)
    0x08000202   0x08000202   0x00000006   Code   RO         5771    .ARM.Collect$$_printf_percent$$00000002  c_w.l(_printf_p.o)
    0x08000208   0x08000208   0x00000006   Code   RO         5776    .ARM.Collect$$_printf_percent$$00000003  c_w.l(_printf_f.o)
    0x0800020e   0x0800020e   0x00000006   Code   RO         5777    .ARM.Collect$$_printf_percent$$00000004  c_w.l(_printf_e.o)
    0x08000214   0x08000214   0x00000006   Code   RO         5778    .ARM.Collect$$_printf_percent$$00000005  c_w.l(_printf_g.o)
    0x0800021a   0x0800021a   0x00000006   Code   RO         5779    .ARM.Collect$$_printf_percent$$00000006  c_w.l(_printf_a.o)
    0x08000220   0x08000220   0x0000000a   Code   RO         5784    .ARM.Collect$$_printf_percent$$00000007  c_w.l(_printf_ll.o)
    0x0800022a   0x0800022a   0x00000006   Code   RO         5773    .ARM.Collect$$_printf_percent$$00000008  c_w.l(_printf_i.o)
    0x08000230   0x08000230   0x00000006   Code   RO         5774    .ARM.Collect$$_printf_percent$$00000009  c_w.l(_printf_d.o)
    0x08000236   0x08000236   0x00000006   Code   RO         5775    .ARM.Collect$$_printf_percent$$0000000A  c_w.l(_printf_u.o)
    0x0800023c   0x0800023c   0x00000006   Code   RO         5772    .ARM.Collect$$_printf_percent$$0000000B  c_w.l(_printf_o.o)
    0x08000242   0x08000242   0x00000006   Code   RO         5770    .ARM.Collect$$_printf_percent$$0000000C  c_w.l(_printf_x.o)
    0x08000248   0x08000248   0x00000006   Code   RO         5781    .ARM.Collect$$_printf_percent$$0000000D  c_w.l(_printf_lli.o)
    0x0800024e   0x0800024e   0x00000006   Code   RO         5782    .ARM.Collect$$_printf_percent$$0000000E  c_w.l(_printf_lld.o)
    0x08000254   0x08000254   0x00000006   Code   RO         5783    .ARM.Collect$$_printf_percent$$0000000F  c_w.l(_printf_llu.o)
    0x0800025a   0x0800025a   0x00000006   Code   RO         5788    .ARM.Collect$$_printf_percent$$00000010  c_w.l(_printf_llo.o)
    0x08000260   0x08000260   0x00000006   Code   RO         5789    .ARM.Collect$$_printf_percent$$00000011  c_w.l(_printf_llx.o)
    0x08000266   0x08000266   0x0000000a   Code   RO         5785    .ARM.Collect$$_printf_percent$$00000012  c_w.l(_printf_l.o)
    0x08000270   0x08000270   0x00000006   Code   RO         5767    .ARM.Collect$$_printf_percent$$00000013  c_w.l(_printf_c.o)
    0x08000276   0x08000276   0x00000006   Code   RO         5768    .ARM.Collect$$_printf_percent$$00000014  c_w.l(_printf_s.o)
    0x0800027c   0x0800027c   0x00000006   Code   RO         5786    .ARM.Collect$$_printf_percent$$00000015  c_w.l(_printf_lc.o)
    0x08000282   0x08000282   0x00000006   Code   RO         5787    .ARM.Collect$$_printf_percent$$00000016  c_w.l(_printf_ls.o)
    0x08000288   0x08000288   0x00000004   Code   RO         5872    .ARM.Collect$$_printf_percent$$00000017  c_w.l(_printf_percent_end.o)
    0x0800028c   0x0800028c   0x00000002   Code   RO         5930    .ARM.Collect$$libinit$$00000000  c_w.l(libinit.o)
    0x0800028e   0x0800028e   0x00000004   Code   RO         5946    .ARM.Collect$$libinit$$00000001  c_w.l(libinit2.o)
    0x08000292   0x08000292   0x00000000   Code   RO         5949    .ARM.Collect$$libinit$$00000004  c_w.l(libinit2.o)
    0x08000292   0x08000292   0x00000000   Code   RO         5952    .ARM.Collect$$libinit$$0000000A  c_w.l(libinit2.o)
    0x08000292   0x08000292   0x00000000   Code   RO         5954    .ARM.Collect$$libinit$$0000000C  c_w.l(libinit2.o)
    0x08000292   0x08000292   0x00000000   Code   RO         5956    .ARM.Collect$$libinit$$0000000E  c_w.l(libinit2.o)
    0x08000292   0x08000292   0x00000006   Code   RO         5957    .ARM.Collect$$libinit$$0000000F  c_w.l(libinit2.o)
    0x08000298   0x08000298   0x00000000   Code   RO         5959    .ARM.Collect$$libinit$$00000011  c_w.l(libinit2.o)
    0x08000298   0x08000298   0x0000000c   Code   RO         5960    .ARM.Collect$$libinit$$00000012  c_w.l(libinit2.o)
    0x080002a4   0x080002a4   0x00000000   Code   RO         5961    .ARM.Collect$$libinit$$00000013  c_w.l(libinit2.o)
    0x080002a4   0x080002a4   0x00000000   Code   RO         5963    .ARM.Collect$$libinit$$00000015  c_w.l(libinit2.o)
    0x080002a4   0x080002a4   0x0000000a   Code   RO         5964    .ARM.Collect$$libinit$$00000016  c_w.l(libinit2.o)
    0x080002ae   0x080002ae   0x00000000   Code   RO         5965    .ARM.Collect$$libinit$$00000017  c_w.l(libinit2.o)
    0x080002ae   0x080002ae   0x00000000   Code   RO         5967    .ARM.Collect$$libinit$$00000019  c_w.l(libinit2.o)
    0x080002ae   0x080002ae   0x00000000   Code   RO         5969    .ARM.Collect$$libinit$$0000001B  c_w.l(libinit2.o)
    0x080002ae   0x080002ae   0x00000000   Code   RO         5971    .ARM.Collect$$libinit$$0000001D  c_w.l(libinit2.o)
    0x080002ae   0x080002ae   0x00000000   Code   RO         5973    .ARM.Collect$$libinit$$0000001F  c_w.l(libinit2.o)
    0x080002ae   0x080002ae   0x00000000   Code   RO         5975    .ARM.Collect$$libinit$$00000021  c_w.l(libinit2.o)
    0x080002ae   0x080002ae   0x00000000   Code   RO         5977    .ARM.Collect$$libinit$$00000023  c_w.l(libinit2.o)
    0x080002ae   0x080002ae   0x00000000   Code   RO         5979    .ARM.Collect$$libinit$$00000025  c_w.l(libinit2.o)
    0x080002ae   0x080002ae   0x00000000   Code   RO         5983    .ARM.Collect$$libinit$$0000002C  c_w.l(libinit2.o)
    0x080002ae   0x080002ae   0x00000000   Code   RO         5985    .ARM.Collect$$libinit$$0000002E  c_w.l(libinit2.o)
    0x080002ae   0x080002ae   0x00000000   Code   RO         5987    .ARM.Collect$$libinit$$00000030  c_w.l(libinit2.o)
    0x080002ae   0x080002ae   0x00000000   Code   RO         5989    .ARM.Collect$$libinit$$00000032  c_w.l(libinit2.o)
    0x080002ae   0x080002ae   0x00000002   Code   RO         5990    .ARM.Collect$$libinit$$00000033  c_w.l(libinit2.o)
    0x080002b0   0x080002b0   0x00000002   Code   RO         6021    .ARM.Collect$$libshutdown$$00000000  c_w.l(libshutdown.o)
    0x080002b2   0x080002b2   0x00000000   Code   RO         6047    .ARM.Collect$$libshutdown$$00000002  c_w.l(libshutdown2.o)
    0x080002b2   0x080002b2   0x00000000   Code   RO         6049    .ARM.Collect$$libshutdown$$00000004  c_w.l(libshutdown2.o)
    0x080002b2   0x080002b2   0x00000000   Code   RO         6052    .ARM.Collect$$libshutdown$$00000007  c_w.l(libshutdown2.o)
    0x080002b2   0x080002b2   0x00000000   Code   RO         6055    .ARM.Collect$$libshutdown$$0000000A  c_w.l(libshutdown2.o)
    0x080002b2   0x080002b2   0x00000000   Code   RO         6057    .ARM.Collect$$libshutdown$$0000000C  c_w.l(libshutdown2.o)
    0x080002b2   0x080002b2   0x00000000   Code   RO         6060    .ARM.Collect$$libshutdown$$0000000F  c_w.l(libshutdown2.o)
    0x080002b2   0x080002b2   0x00000002   Code   RO         6061    .ARM.Collect$$libshutdown$$00000010  c_w.l(libshutdown2.o)
    0x080002b4   0x080002b4   0x00000000   Code   RO         5692    .ARM.Collect$$rtentry$$00000000  c_w.l(__rtentry.o)
    0x080002b4   0x080002b4   0x00000000   Code   RO         5836    .ARM.Collect$$rtentry$$00000002  c_w.l(__rtentry2.o)
    0x080002b4   0x080002b4   0x00000006   Code   RO         5848    .ARM.Collect$$rtentry$$00000004  c_w.l(__rtentry4.o)
    0x080002ba   0x080002ba   0x00000000   Code   RO         5838    .ARM.Collect$$rtentry$$00000009  c_w.l(__rtentry2.o)
    0x080002ba   0x080002ba   0x00000004   Code   RO         5839    .ARM.Collect$$rtentry$$0000000A  c_w.l(__rtentry2.o)
    0x080002be   0x080002be   0x00000000   Code   RO         5841    .ARM.Collect$$rtentry$$0000000C  c_w.l(__rtentry2.o)
    0x080002be   0x080002be   0x00000008   Code   RO         5842    .ARM.Collect$$rtentry$$0000000D  c_w.l(__rtentry2.o)
    0x080002c6   0x080002c6   0x00000002   Code   RO         5933    .ARM.Collect$$rtexit$$00000000  c_w.l(rtexit.o)
    0x080002c8   0x080002c8   0x00000000   Code   RO         5994    .ARM.Collect$$rtexit$$00000002  c_w.l(rtexit2.o)
    0x080002c8   0x080002c8   0x00000004   Code   RO         5995    .ARM.Collect$$rtexit$$00000003  c_w.l(rtexit2.o)
    0x080002cc   0x080002cc   0x00000006   Code   RO         5996    .ARM.Collect$$rtexit$$00000004  c_w.l(rtexit2.o)
    0x080002d2   0x080002d2   0x00000002   PAD
    0x080002d4   0x080002d4   0x000000be   Code   RO         4701    .emb_text           port.o
    0x08000392   0x08000392   0x00000002   PAD
    0x08000394   0x08000394   0x00000040   Code   RO            4    .text               startup_stm32f407xx.o
    0x080003d4   0x080003d4   0x000000ee   Code   RO         5608    .text               c_w.l(lludivv7m.o)
    0x080004c2   0x080004c2   0x00000002   PAD
    0x080004c4   0x080004c4   0x00000024   Code   RO         5610    .text               c_w.l(vsprintf.o)
    0x080004e8   0x080004e8   0x00000064   Code   RO         5614    .text               c_w.l(rt_memcpy_w.o)
    0x0800054c   0x0800054c   0x0000004e   Code   RO         5618    .text               c_w.l(rt_memclr_w.o)
    0x0800059a   0x0800059a   0x00000006   Code   RO         5620    .text               c_w.l(heapauxi.o)
    0x080005a0   0x080005a0   0x0000004e   Code   RO         5701    .text               c_w.l(_printf_pad.o)
    0x080005ee   0x080005ee   0x00000024   Code   RO         5703    .text               c_w.l(_printf_truncate.o)
    0x08000612   0x08000612   0x00000052   Code   RO         5705    .text               c_w.l(_printf_str.o)
    0x08000664   0x08000664   0x00000078   Code   RO         5707    .text               c_w.l(_printf_dec.o)
    0x080006dc   0x080006dc   0x00000028   Code   RO         5709    .text               c_w.l(_printf_charcount.o)
    0x08000704   0x08000704   0x00000030   Code   RO         5711    .text               c_w.l(_printf_char_common.o)
    0x08000734   0x08000734   0x0000000a   Code   RO         5713    .text               c_w.l(_sputc.o)
    0x0800073e   0x0800073e   0x00000002   PAD
    0x08000740   0x08000740   0x000000bc   Code   RO         5715    .text               c_w.l(_printf_wctomb.o)
    0x080007fc   0x080007fc   0x0000007c   Code   RO         5718    .text               c_w.l(_printf_longlong_dec.o)
    0x08000878   0x08000878   0x00000070   Code   RO         5724    .text               c_w.l(_printf_oct_int_ll.o)
    0x080008e8   0x080008e8   0x00000094   Code   RO         5744    .text               c_w.l(_printf_hex_int_ll_ptr.o)
    0x0800097c   0x0800097c   0x00000188   Code   RO         5764    .text               c_w.l(__printf_flags_ss_wp.o)
    0x08000b04   0x08000b04   0x0000008a   Code   RO         5857    .text               c_w.l(lludiv10.o)
    0x08000b8e   0x08000b8e   0x000000b2   Code   RO         5859    .text               c_w.l(_printf_intcommon.o)
    0x08000c40   0x08000c40   0x0000041e   Code   RO         5861    .text               c_w.l(_printf_fp_dec.o)
    0x0800105e   0x0800105e   0x00000002   PAD
    0x08001060   0x08001060   0x000002fc   Code   RO         5863    .text               c_w.l(_printf_fp_hex.o)
    0x0800135c   0x0800135c   0x0000002c   Code   RO         5868    .text               c_w.l(_printf_char.o)
    0x08001388   0x08001388   0x0000002c   Code   RO         5870    .text               c_w.l(_printf_wchar.o)
    0x080013b4   0x080013b4   0x00000040   Code   RO         5873    .text               c_w.l(_wcrtomb.o)
    0x080013f4   0x080013f4   0x00000008   Code   RO         5877    .text               c_w.l(libspace.o)
    0x080013fc   0x080013fc   0x0000004a   Code   RO         5880    .text               c_w.l(sys_stackheap_outer.o)
    0x08001446   0x08001446   0x00000002   PAD
    0x08001448   0x08001448   0x00000010   Code   RO         5882    .text               c_w.l(rt_ctype_table.o)
    0x08001458   0x08001458   0x00000008   Code   RO         5887    .text               c_w.l(rt_locale_intlibspace.o)
    0x08001460   0x08001460   0x00000080   Code   RO         5889    .text               c_w.l(_printf_fp_infnan.o)
    0x080014e0   0x080014e0   0x000000e4   Code   RO         5891    .text               c_w.l(bigflt0.o)
    0x080015c4   0x080015c4   0x00000012   Code   RO         5919    .text               c_w.l(exit.o)
    0x080015d6   0x080015d6   0x00000002   PAD
    0x080015d8   0x080015d8   0x00000080   Code   RO         5944    .text               c_w.l(strcmpv7m.o)
    0x08001658   0x08001658   0x0000000c   Code   RO         5991    .text               c_w.l(sys_exit.o)
    0x08001664   0x08001664   0x00000002   Code   RO         6010    .text               c_w.l(use_no_semi.o)
    0x08001666   0x08001666   0x00000000   Code   RO         6012    .text               c_w.l(indicate_semi.o)
    0x08001666   0x08001666   0x0000003e   Code   RO         5894    CL$$btod_d2e        c_w.l(btod.o)
    0x080016a4   0x080016a4   0x00000046   Code   RO         5896    CL$$btod_d2e_denorm_low  c_w.l(btod.o)
    0x080016ea   0x080016ea   0x00000060   Code   RO         5895    CL$$btod_d2e_norm_op1  c_w.l(btod.o)
    0x0800174a   0x0800174a   0x00000338   Code   RO         5904    CL$$btod_div_common  c_w.l(btod.o)
    0x08001a82   0x08001a82   0x000000dc   Code   RO         5901    CL$$btod_e2e        c_w.l(btod.o)
    0x08001b5e   0x08001b5e   0x0000002a   Code   RO         5898    CL$$btod_ediv       c_w.l(btod.o)
    0x08001b88   0x08001b88   0x0000002a   Code   RO         5897    CL$$btod_emul       c_w.l(btod.o)
    0x08001bb2   0x08001bb2   0x00000244   Code   RO         5903    CL$$btod_mult_common  c_w.l(btod.o)
    0x08001df6   0x08001df6   0x00000002   Code   RO          598    i.BusFault_Handler  stm32f4xx_it.o
    0x08001df8   0x08001df8   0x0000000c   Code   RO          599    i.CAN1_RX0_IRQHandler  stm32f4xx_it.o
    0x08001e04   0x08001e04   0x0000000c   Code   RO          600    i.CAN2_RX0_IRQHandler  stm32f4xx_it.o
    0x08001e10   0x08001e10   0x0000000c   Code   RO          601    i.DMA1_Stream1_IRQHandler  stm32f4xx_it.o
    0x08001e1c   0x08001e1c   0x0000000c   Code   RO          602    i.DMA2_Stream7_IRQHandler  stm32f4xx_it.o
    0x08001e28   0x08001e28   0x00000028   Code   RO         1409    i.DMA_CalcBaseAndBitshift  stm32f4xx_hal_dma.o
    0x08001e50   0x08001e50   0x00000054   Code   RO         1410    i.DMA_CheckFifoParam  stm32f4xx_hal_dma.o
    0x08001ea4   0x08001ea4   0x00000028   Code   RO         1411    i.DMA_SetConfig     stm32f4xx_hal_dma.o
    0x08001ecc   0x08001ecc   0x00000040   Code   RO         5306    i.DM_Motor_Init     top_ctrl.o
    0x08001f0c   0x08001f0c   0x00000002   Code   RO          603    i.DebugMon_Handler  stm32f4xx_it.o
    0x08001f0e   0x08001f0e   0x00000004   Code   RO           13    i.Error_Handler     main.o
    0x08001f12   0x08001f12   0x00000024   Code   RO          717    i.HAL_CAN_ActivateNotification  stm32f4xx_hal_can.o
    0x08001f36   0x08001f36   0x000000bc   Code   RO          718    i.HAL_CAN_AddTxMessage  stm32f4xx_hal_can.o
    0x08001ff2   0x08001ff2   0x00000002   PAD
    0x08001ff4   0x08001ff4   0x0000010c   Code   RO          719    i.HAL_CAN_ConfigFilter  stm32f4xx_hal_can.o
    0x08002100   0x08002100   0x00000002   Code   RO          722    i.HAL_CAN_ErrorCallback  stm32f4xx_hal_can.o
    0x08002102   0x08002102   0x000000f4   Code   RO          725    i.HAL_CAN_GetRxMessage  stm32f4xx_hal_can.o
    0x080021f6   0x080021f6   0x000001fc   Code   RO          729    i.HAL_CAN_IRQHandler  stm32f4xx_hal_can.o
    0x080023f2   0x080023f2   0x0000011a   Code   RO          730    i.HAL_CAN_Init      stm32f4xx_hal_can.o
    0x0800250c   0x0800250c   0x000000f0   Code   RO          430    i.HAL_CAN_MspInit   can.o
    0x080025fc   0x080025fc   0x00000002   Code   RO          737    i.HAL_CAN_RxFifo0FullCallback  stm32f4xx_hal_can.o
    0x080025fe   0x080025fe   0x00000002   PAD
    0x08002600   0x08002600   0x00000338   Code   RO         4966    i.HAL_CAN_RxFifo0MsgPendingCallback  can_recv_1.o
    0x08002938   0x08002938   0x00000002   Code   RO          739    i.HAL_CAN_RxFifo1FullCallback  stm32f4xx_hal_can.o
    0x0800293a   0x0800293a   0x00000002   Code   RO          740    i.HAL_CAN_RxFifo1MsgPendingCallback  stm32f4xx_hal_can.o
    0x0800293c   0x0800293c   0x00000002   Code   RO          741    i.HAL_CAN_SleepCallback  stm32f4xx_hal_can.o
    0x0800293e   0x0800293e   0x00000002   PAD
    0x08002940   0x08002940   0x00000058   Code   RO          742    i.HAL_CAN_Start     stm32f4xx_hal_can.o
    0x08002998   0x08002998   0x00000002   Code   RO          744    i.HAL_CAN_TxMailbox0AbortCallback  stm32f4xx_hal_can.o
    0x0800299a   0x0800299a   0x00000002   Code   RO          745    i.HAL_CAN_TxMailbox0CompleteCallback  stm32f4xx_hal_can.o
    0x0800299c   0x0800299c   0x00000002   Code   RO          746    i.HAL_CAN_TxMailbox1AbortCallback  stm32f4xx_hal_can.o
    0x0800299e   0x0800299e   0x00000002   Code   RO          747    i.HAL_CAN_TxMailbox1CompleteCallback  stm32f4xx_hal_can.o
    0x080029a0   0x080029a0   0x00000002   Code   RO          748    i.HAL_CAN_TxMailbox2AbortCallback  stm32f4xx_hal_can.o
    0x080029a2   0x080029a2   0x00000002   Code   RO          749    i.HAL_CAN_TxMailbox2CompleteCallback  stm32f4xx_hal_can.o
    0x080029a4   0x080029a4   0x00000002   Code   RO          751    i.HAL_CAN_WakeUpFromRxMsgCallback  stm32f4xx_hal_can.o
    0x080029a6   0x080029a6   0x00000092   Code   RO         1412    i.HAL_DMA_Abort     stm32f4xx_hal_dma.o
    0x08002a38   0x08002a38   0x00000024   Code   RO         1413    i.HAL_DMA_Abort_IT  stm32f4xx_hal_dma.o
    0x08002a5c   0x08002a5c   0x000001a0   Code   RO         1417    i.HAL_DMA_IRQHandler  stm32f4xx_hal_dma.o
    0x08002bfc   0x08002bfc   0x000000d4   Code   RO         1418    i.HAL_DMA_Init      stm32f4xx_hal_dma.o
    0x08002cd0   0x08002cd0   0x0000006e   Code   RO         1422    i.HAL_DMA_Start_IT  stm32f4xx_hal_dma.o
    0x08002d3e   0x08002d3e   0x00000002   PAD
    0x08002d40   0x08002d40   0x000001f0   Code   RO         1305    i.HAL_GPIO_Init     stm32f4xx_hal_gpio.o
    0x08002f30   0x08002f30   0x0000000c   Code   RO         1843    i.HAL_GetTick       stm32f4xx_hal.o
    0x08002f3c   0x08002f3c   0x00000010   Code   RO         1849    i.HAL_IncTick       stm32f4xx_hal.o
    0x08002f4c   0x08002f4c   0x00000034   Code   RO         1850    i.HAL_Init          stm32f4xx_hal.o
    0x08002f80   0x08002f80   0x00000040   Code   RO         1851    i.HAL_InitTick      stm32f4xx_hal.o
    0x08002fc0   0x08002fc0   0x00000038   Code   RO          692    i.HAL_MspInit       stm32f4xx_hal_msp.o
    0x08002ff8   0x08002ff8   0x0000001a   Code   RO         1695    i.HAL_NVIC_EnableIRQ  stm32f4xx_hal_cortex.o
    0x08003012   0x08003012   0x00000002   PAD
    0x08003014   0x08003014   0x00000040   Code   RO         1701    i.HAL_NVIC_SetPriority  stm32f4xx_hal_cortex.o
    0x08003054   0x08003054   0x00000024   Code   RO         1702    i.HAL_NVIC_SetPriorityGrouping  stm32f4xx_hal_cortex.o
    0x08003078   0x08003078   0x00000134   Code   RO          951    i.HAL_RCC_ClockConfig  stm32f4xx_hal_rcc.o
    0x080031ac   0x080031ac   0x00000020   Code   RO          958    i.HAL_RCC_GetPCLK1Freq  stm32f4xx_hal_rcc.o
    0x080031cc   0x080031cc   0x00000020   Code   RO          959    i.HAL_RCC_GetPCLK2Freq  stm32f4xx_hal_rcc.o
    0x080031ec   0x080031ec   0x00000064   Code   RO          960    i.HAL_RCC_GetSysClockFreq  stm32f4xx_hal_rcc.o
    0x08003250   0x08003250   0x0000036c   Code   RO          963    i.HAL_RCC_OscConfig  stm32f4xx_hal_rcc.o
    0x080035bc   0x080035bc   0x00000028   Code   RO         1706    i.HAL_SYSTICK_Config  stm32f4xx_hal_cortex.o
    0x080035e4   0x080035e4   0x00000090   Code   RO         2813    i.HAL_TIMEx_MasterConfigSynchronization  stm32f4xx_hal_tim_ex.o
    0x08003674   0x08003674   0x00000054   Code   RO          502    i.HAL_TIM_MspPostInit  tim.o
    0x080036c8   0x080036c8   0x000000cc   Code   RO         2162    i.HAL_TIM_PWM_ConfigChannel  stm32f4xx_hal_tim.o
    0x08003794   0x08003794   0x0000005a   Code   RO         2165    i.HAL_TIM_PWM_Init  stm32f4xx_hal_tim.o
    0x080037ee   0x080037ee   0x00000002   PAD
    0x080037f0   0x080037f0   0x00000028   Code   RO          504    i.HAL_TIM_PWM_MspInit  tim.o
    0x08003818   0x08003818   0x00000002   Code   RO         3073    i.HAL_UARTEx_RxEventCallback  stm32f4xx_hal_uart.o
    0x0800381a   0x0800381a   0x00000002   Code   RO         3087    i.HAL_UART_ErrorCallback  stm32f4xx_hal_uart.o
    0x0800381c   0x0800381c   0x00000270   Code   RO         3090    i.HAL_UART_IRQHandler  stm32f4xx_hal_uart.o
    0x08003a8c   0x08003a8c   0x00000064   Code   RO         3091    i.HAL_UART_Init     stm32f4xx_hal_uart.o
    0x08003af0   0x08003af0   0x0000016c   Code   RO          551    i.HAL_UART_MspInit  usart.o
    0x08003c5c   0x08003c5c   0x00000002   Code   RO         3097    i.HAL_UART_RxCpltCallback  stm32f4xx_hal_uart.o
    0x08003c5e   0x08003c5e   0x00000002   PAD
    0x08003c60   0x08003c60   0x00000078   Code   RO         3100    i.HAL_UART_Transmit_DMA  stm32f4xx_hal_uart.o
    0x08003cd8   0x08003cd8   0x00000002   Code   RO         3102    i.HAL_UART_TxCpltCallback  stm32f4xx_hal_uart.o
    0x08003cda   0x08003cda   0x00000002   Code   RO         3103    i.HAL_UART_TxHalfCpltCallback  stm32f4xx_hal_uart.o
    0x08003cdc   0x08003cdc   0x00000002   Code   RO          604    i.HardFault_Handler  stm32f4xx_it.o
    0x08003cde   0x08003cde   0x0000015e   Code   RO         4967    i.MD_CanReceive     can_recv_1.o
    0x08003e3c   0x08003e3c   0x000000f4   Code   RO         4968    i.MD_motor_SendCurrent  can_recv_1.o
    0x08003f30   0x08003f30   0x00000044   Code   RO          431    i.MX_CAN1_Init      can.o
    0x08003f74   0x08003f74   0x00000044   Code   RO          432    i.MX_CAN2_Init      can.o
    0x08003fb8   0x08003fb8   0x0000004c   Code   RO          478    i.MX_DMA_Init       dma.o
    0x08004004   0x08004004   0x0000003c   Code   RO          245    i.MX_FREERTOS_Init  freertos.o
    0x08004040   0x08004040   0x0000005c   Code   RO          221    i.MX_GPIO_Init      gpio.o
    0x0800409c   0x0800409c   0x00000070   Code   RO          505    i.MX_TIM4_Init      tim.o
    0x0800410c   0x0800410c   0x00000038   Code   RO          552    i.MX_USART1_UART_Init  usart.o
    0x08004144   0x08004144   0x0000003c   Code   RO          553    i.MX_USART3_UART_Init  usart.o
    0x08004180   0x08004180   0x00000002   Code   RO          605    i.MemManage_Handler  stm32f4xx_it.o
    0x08004182   0x08004182   0x00000002   Code   RO          606    i.NMI_Handler       stm32f4xx_it.o
    0x08004184   0x08004184   0x00000040   Code   RO         5416    i.PID_clear         pid.o
    0x080041c4   0x080041c4   0x0000005c   Code   RO         5417    i.PID_init          pid.o
    0x08004220   0x08004220   0x00000060   Code   RO         4809    i.RC_init           bsp_rc.o
    0x08004280   0x08004280   0x00000008   Code   RO          246    i.StartDefaultTask  freertos.o
    0x08004288   0x08004288   0x00000018   Code   RO          607    i.SysTick_Handler   stm32f4xx_it.o
    0x080042a0   0x080042a0   0x00000094   Code   RO           14    i.SystemClock_Config  main.o
    0x08004334   0x08004334   0x00000010   Code   RO         3425    i.SystemInit        system_stm32f4xx.o
    0x08004344   0x08004344   0x000000d8   Code   RO         2183    i.TIM_Base_SetConfig  stm32f4xx_hal_tim.o
    0x0800441c   0x0800441c   0x00000060   Code   RO         2196    i.TIM_OC1_SetConfig  stm32f4xx_hal_tim.o
    0x0800447c   0x0800447c   0x0000006c   Code   RO         2197    i.TIM_OC2_SetConfig  stm32f4xx_hal_tim.o
    0x080044e8   0x080044e8   0x00000068   Code   RO         2198    i.TIM_OC3_SetConfig  stm32f4xx_hal_tim.o
    0x08004550   0x08004550   0x00000050   Code   RO         2199    i.TIM_OC4_SetConfig  stm32f4xx_hal_tim.o
    0x080045a0   0x080045a0   0x00000010   Code   RO         3104    i.UART_DMAAbortOnError  stm32f4xx_hal_uart.o
    0x080045b0   0x080045b0   0x0000004a   Code   RO         3105    i.UART_DMAError     stm32f4xx_hal_uart.o
    0x080045fa   0x080045fa   0x00000042   Code   RO         3110    i.UART_DMATransmitCplt  stm32f4xx_hal_uart.o
    0x0800463c   0x0800463c   0x0000000a   Code   RO         3112    i.UART_DMATxHalfCplt  stm32f4xx_hal_uart.o
    0x08004646   0x08004646   0x0000004e   Code   RO         3114    i.UART_EndRxTransfer  stm32f4xx_hal_uart.o
    0x08004694   0x08004694   0x0000001c   Code   RO         3115    i.UART_EndTxTransfer  stm32f4xx_hal_uart.o
    0x080046b0   0x080046b0   0x000000c2   Code   RO         3116    i.UART_Receive_IT   stm32f4xx_hal_uart.o
    0x08004772   0x08004772   0x00000002   PAD
    0x08004774   0x08004774   0x0000010c   Code   RO         3117    i.UART_SetConfig    stm32f4xx_hal_uart.o
    0x08004880   0x08004880   0x0000000c   Code   RO          608    i.USART1_IRQHandler  stm32f4xx_it.o
    0x0800488c   0x0800488c   0x000000b4   Code   RO         5154    i.USART3_IRQHandler  remote_control.o
    0x08004940   0x08004940   0x00000002   Code   RO          609    i.UsageFault_Handler  stm32f4xx_it.o
    0x08004942   0x08004942   0x00000030   Code   RO         5831    i.__ARM_fpclassify  m_wm.l(fpclassify.o)
    0x08004972   0x08004972   0x00000020   Code   RO         1708    i.__NVIC_SetPriority  stm32f4xx_hal_cortex.o
    0x08004992   0x08004992   0x00000014   Code   RO         5666    i.__hardfp_fabs     m_wm.l(fabs.o)
    0x080049a6   0x080049a6   0x00000048   Code   RO         5684    i.__hardfp_fmaxf    m_wm.l(fmaxf.o)
    0x080049ee   0x080049ee   0x00000048   Code   RO         5688    i.__hardfp_fminf    m_wm.l(fminf.o)
    0x08004a36   0x08004a36   0x0000000e   Code   RO         5757    i._is_digit         c_w.l(__printf_wp.o)
    0x08004a44   0x08004a44   0x00000058   Code   RO         4781    i.can_filter_init   bsp_can_1.o
    0x08004a9c   0x08004a9c   0x00000020   Code   RO         5311    i.float_constrain   top_ctrl.o
    0x08004abc   0x08004abc   0x00000044   Code   RO         4970    i.float_to_uint     can_recv_1.o
    0x08004b00   0x08004b00   0x00000008   Code   RO         4971    i.get_3508_M5_motor_measure_point  can_recv_1.o
    0x08004b08   0x08004b08   0x00000170   Code   RO         5312    i.juggle_Mode       top_ctrl.o
    0x08004c78   0x08004c78   0x00000046   Code   RO           15    i.main              main.o
    0x08004cbe   0x08004cbe   0x0000000c   Code   RO         4267    i.makeFreeRtosPriority  cmsis_os.o
    0x08004cca   0x08004cca   0x0000001e   Code   RO         5088    i.motor_feedback_update  chassis.o
    0x08004ce8   0x08004ce8   0x0000009c   Code   RO         5089    i.motor_init        chassis.o
    0x08004d84   0x08004d84   0x0000000e   Code   RO         4269    i.osDelay           cmsis_os.o
    0x08004d92   0x08004d92   0x0000000a   Code   RO         4272    i.osKernelStart     cmsis_os.o
    0x08004d9c   0x08004d9c   0x00000054   Code   RO         4306    i.osThreadCreate    cmsis_os.o
    0x08004df0   0x08004df0   0x00000070   Code   RO         3943    i.prvAddCurrentTaskToDelayedList  tasks.o
    0x08004e60   0x08004e60   0x000000d0   Code   RO         3944    i.prvAddNewTaskToReadyList  tasks.o
    0x08004f30   0x08004f30   0x00000034   Code   RO         3945    i.prvDeleteTCB      tasks.o
    0x08004f64   0x08004f64   0x0000004c   Code   RO         4634    i.prvHeapInit       heap_4.o
    0x08004fb0   0x08004fb0   0x00000060   Code   RO         3946    i.prvIdleTask       tasks.o
    0x08005010   0x08005010   0x00000098   Code   RO         3947    i.prvInitialiseNewTask  tasks.o
    0x080050a8   0x080050a8   0x0000004c   Code   RO         4635    i.prvInsertBlockIntoFreeList  heap_4.o
    0x080050f4   0x080050f4   0x00000020   Code   RO         3948    i.prvResetNextTaskUnblockTime  tasks.o
    0x08005114   0x08005114   0x00000028   Code   RO         4702    i.prvTaskExitError  port.o
    0x0800513c   0x0800513c   0x000000dc   Code   RO         4636    i.pvPortMalloc      heap_4.o
    0x08005218   0x08005218   0x0000002c   Code   RO         4703    i.pxPortInitialiseStack  port.o
    0x08005244   0x08005244   0x00000010   Code   RO         5156    i.remote_control_init  remote_control.o
    0x08005254   0x08005254   0x0000015c   Code   RO         5157    i.sbus_to_rc        remote_control.o
    0x080053b0   0x080053b0   0x00000044   Code   RO         4975    i.start_motor       can_recv_1.o
    0x080053f4   0x080053f4   0x0000001c   Code   RO         5313    i.top_contorl_Task  top_ctrl.o
    0x08005410   0x08005410   0x00000038   Code   RO         4903    i.uart_dma_printf   bsp_usart.o
    0x08005448   0x08005448   0x00000028   Code   RO         4976    i.uint_to_float     can_recv_1.o
    0x08005470   0x08005470   0x00000026   Code   RO         3567    i.uxListRemove      list.o
    0x08005496   0x08005496   0x00000002   PAD
    0x08005498   0x08005498   0x00000014   Code   RO          248    i.vApplicationGetIdleTaskMemory  freertos.o
    0x080054ac   0x080054ac   0x00000016   Code   RO         3568    i.vListInitialise   list.o
    0x080054c2   0x080054c2   0x00000006   Code   RO         3569    i.vListInitialiseItem  list.o
    0x080054c8   0x080054c8   0x00000030   Code   RO         3570    i.vListInsert       list.o
    0x080054f8   0x080054f8   0x00000018   Code   RO         3571    i.vListInsertEnd    list.o
    0x08005510   0x08005510   0x00000040   Code   RO         4705    i.vPortEnterCritical  port.o
    0x08005550   0x08005550   0x00000028   Code   RO         4706    i.vPortExitCritical  port.o
    0x08005578   0x08005578   0x00000064   Code   RO         4637    i.vPortFree         heap_4.o
    0x080055dc   0x080055dc   0x00000024   Code   RO         4707    i.vPortSetupTimerInterrupt  port.o
    0x08005600   0x08005600   0x0000004c   Code   RO         3957    i.vTaskDelay        tasks.o
    0x0800564c   0x0800564c   0x0000006c   Code   RO         3971    i.vTaskStartScheduler  tasks.o
    0x080056b8   0x080056b8   0x00000010   Code   RO         3973    i.vTaskSuspendAll   tasks.o
    0x080056c8   0x080056c8   0x0000005c   Code   RO         3974    i.vTaskSwitchContext  tasks.o
    0x08005724   0x08005724   0x000000f4   Code   RO         4709    i.xPortStartScheduler  port.o
    0x08005818   0x08005818   0x0000002c   Code   RO         4710    i.xPortSysTickHandler  port.o
    0x08005844   0x08005844   0x0000005a   Code   RO         3977    i.xTaskCreate       tasks.o
    0x0800589e   0x0800589e   0x00000056   Code   RO         3978    i.xTaskCreateStatic  tasks.o
    0x080058f4   0x080058f4   0x0000001c   Code   RO         3982    i.xTaskGetSchedulerState  tasks.o
    0x08005910   0x08005910   0x000000cc   Code   RO         3985    i.xTaskIncrementTick  tasks.o
    0x080059dc   0x080059dc   0x000000c4   Code   RO         3991    i.xTaskResumeAll    tasks.o
    0x08005aa0   0x08005aa0   0x0000002c   Code   RO         5917    locale$$code        c_w.l(lc_numeric_c.o)
    0x08005acc   0x08005acc   0x0000002c   Code   RO         5938    locale$$code        c_w.l(lc_ctype_c.o)
    0x08005af8   0x08005af8   0x00000018   Code   RO         5792    x$fpl$dcmpinf       fz_wm.l(dcmpi.o)
    0x08005b10   0x08005b10   0x0000002e   Code   RO         5639    x$fpl$dflt          fz_wm.l(dflt_clz.o)
    0x08005b3e   0x08005b3e   0x00000002   PAD
    0x08005b40   0x08005b40   0x00000078   Code   RO         5644    x$fpl$dleqf         fz_wm.l(dleqf.o)
    0x08005bb8   0x08005bb8   0x0000009c   Code   RO         5794    x$fpl$dnaninf       fz_wm.l(dnaninf.o)
    0x08005c54   0x08005c54   0x0000000c   Code   RO         5796    x$fpl$dretinf       fz_wm.l(dretinf.o)
    0x08005c60   0x08005c60   0x00000056   Code   RO         5648    x$fpl$f2d           fz_wm.l(f2d.o)
    0x08005cb6   0x08005cb6   0x00000002   PAD
    0x08005cb8   0x08005cb8   0x00000052   Code   RO         5800    x$fpl$fcmp4         fz_wm.l(fcmp4.o)
    0x08005d0a   0x08005d0a   0x00000018   Code   RO         5875    x$fpl$fcmpinf       fz_wm.l(fcmpi.o)
    0x08005d22   0x08005d22   0x00000060   Code   RO         5650    x$fpl$ffltll        fz_wm.l(ffltll_clz.o)
    0x08005d82   0x08005d82   0x0000008c   Code   RO         5804    x$fpl$fnaninf       fz_wm.l(fnaninf.o)
    0x08005e0e   0x08005e0e   0x0000000a   Code   RO         6006    x$fpl$fpinit        fz_wm.l(fpinit.o)
    0x08005e18   0x08005e18   0x00000004   Code   RO         5808    x$fpl$printf1       fz_wm.l(printf1.o)
    0x08005e1c   0x08005e1c   0x00000004   Code   RO         5810    x$fpl$printf2       fz_wm.l(printf2.o)
    0x08005e20   0x08005e20   0x00000000   Code   RO         5816    x$fpl$usenofp       fz_wm.l(usenofp.o)
    0x08005e20   0x08005e20   0x00000038   Data   RO          250    .constdata          freertos.o
    0x08005e58   0x08005e58   0x00000008   Data   RO         1424    .constdata          stm32f4xx_hal_dma.o
    0x08005e60   0x08005e60   0x00000010   Data   RO         3426    .constdata          system_stm32f4xx.o
    0x08005e70   0x08005e70   0x00000008   Data   RO         3427    .constdata          system_stm32f4xx.o
    0x08005e78   0x08005e78   0x0000000c   Data   RO         5092    .constdata          chassis.o
    0x08005e84   0x08005e84   0x00000008   Data   RO         5716    .constdata          c_w.l(_printf_wctomb.o)
    0x08005e8c   0x08005e8c   0x00000028   Data   RO         5745    .constdata          c_w.l(_printf_hex_int_ll_ptr.o)
    0x08005eb4   0x08005eb4   0x00000011   Data   RO         5765    .constdata          c_w.l(__printf_flags_ss_wp.o)
    0x08005ec5   0x08005ec5   0x00000026   Data   RO         5864    .constdata          c_w.l(_printf_fp_hex.o)
    0x08005eeb   0x08005eeb   0x00000001   PAD
    0x08005eec   0x08005eec   0x00000094   Data   RO         5892    .constdata          c_w.l(bigflt0.o)
    0x08005f80   0x08005f80   0x00000014   Data   RO          251    .conststring        freertos.o
    0x08005f94   0x08005f94   0x00000020   Data   RO         6062    Region$$Table       anon$$obj.o
    0x08005fb4   0x08005fb4   0x0000001c   Data   RO         5916    locale$$data        c_w.l(lc_numeric_c.o)
    0x08005fd0   0x08005fd0   0x00000110   Data   RO         5937    locale$$data        c_w.l(lc_ctype_c.o)


    Execution Region RW_IRAM1 (Exec base: 0x20000000, Load base: 0x080060e0, Size: 0x00005348, Max: 0x0001c000, ABSOLUTE)

    Exec Addr    Load Addr    Size         Type   Attr      Idx    E Section Name        Object

    0x20000000   0x080060e0   0x00000008   Data   RW          252    .data               freertos.o
    0x20000008   0x080060e8   0x00000004   Data   RW          434    .data               can.o
    0x2000000c   0x080060ec   0x0000000c   Data   RW         1857    .data               stm32f4xx_hal.o
    0x20000018   0x080060f8   0x00000004   Data   RW         3428    .data               system_stm32f4xx.o
    0x2000001c   0x080060fc   0x0000003c   Data   RW         3994    .data               tasks.o
    0x20000058   0x08006138   0x00000020   Data   RW         4643    .data               heap_4.o
    0x20000078   0x08006158   0x0000000c   Data   RW         4711    .data               port.o
    0x20000084   0x08006164   0x0000000c   Data   RW         4908    .data               bsp_usart.o
    0x20000090   0x08006170   0x00000009   Data   RW         4978    .data               can_recv_1.o
    0x20000099   0x08006179   0x00000001   PAD
    0x2000009a   0x0800617a   0x00000002   Data   RW         5159    .data               remote_control.o
    0x2000009c        -       0x00000254   Zero   RW          249    .bss                freertos.o
    0x200002f0        -       0x00000050   Zero   RW          433    .bss                can.o
    0x20000340        -       0x00000048   Zero   RW          506    .bss                tim.o
    0x20000388        -       0x00000150   Zero   RW          554    .bss                usart.o
    0x200004d8        -       0x000000f0   Zero   RW         3993    .bss                tasks.o
    0x200005c8        -       0x00003c00   Zero   RW         4642    .bss                heap_4.o
    0x200041c8        -       0x00000180   Zero   RW         4907    .bss                bsp_usart.o
    0x20004348        -       0x00000224   Zero   RW         4977    .bss                can_recv_1.o
    0x2000456c        -       0x00000718   Zero   RW         5091    .bss                chassis.o
    0x20004c84        -       0x0000005e   Zero   RW         5158    .bss                remote_control.o
    0x20004ce2   0x0800617c   0x00000002   PAD
    0x20004ce4        -       0x00000060   Zero   RW         5878    .bss                c_w.l(libspace.o)
    0x20004d44   0x0800617c   0x00000004   PAD
    0x20004d48        -       0x00000200   Zero   RW            2    HEAP                startup_stm32f407xx.o
    0x20004f48        -       0x00000400   Zero   RW            1    STACK               startup_stm32f407xx.o


    Execution Region RW_IRAM2 (Exec base: 0x2001c000, Load base: 0x0800617c, Size: 0x00000000, Max: 0x00004000, ABSOLUTE)

    **** No section assigned to this execution region ****


==============================================================================

Image component sizes


      Code (inc. data)   RO Data    RW Data    ZI Data      Debug   Object Name

        88          8          0          0          0        594   bsp_can_1.o
        96         12          0          0          0     583922   bsp_rc.o
        56          8          0         12        384       2242   bsp_usart.o
       376         42          0          4         80       2594   can.o
      1602         76          0          9        548      13938   can_recv_1.o
       186         28         12          0       1816       2875   chassis.o
       120          0          0          0          0      23377   cmsis_os.o
        76          4          0          0          0        858   dma.o
         0          0          0          0          0      16868   event_groups.o
        88         12         76          8        596     605580   freertos.o
        92          6          0          0          0        947   gpio.o
       472         24          0         32      15360       7551   heap_4.o
       138          0          0          0          0       3662   list.o
       222          8          0          0          0     719108   main.o
       156         10          0          0          0       3115   pid.o
       702         72          0         12          0      11220   port.o
       544         38          0          2         94     578297   remote_control.o
        64         26        392          0       1536        864   startup_stm32f407xx.o
       144         24          0         12          0       8913   stm32f4xx_hal.o
      1638          6          0          0          0      14707   stm32f4xx_hal_can.o
       198         14          0          0          0      33943   stm32f4xx_hal_cortex.o
      1084         16          8          0          0       7526   stm32f4xx_hal_dma.o
       496         46          0          0          0       1572   stm32f4xx_hal_gpio.o
        56          4          0          0          0        906   stm32f4xx_hal_msp.o
      1348         76          0          0          0       5360   stm32f4xx_hal_rcc.o
       898         82          0          0          0       7118   stm32f4xx_hal_tim.o
       144         28          0          0          0       1416   stm32f4xx_hal_tim_ex.o
      1588         30          0          0          0      12554   stm32f4xx_hal_uart.o
        96         30          0          0          0       5927   stm32f4xx_it.o
         0          0          0          0          0        384   stream_buffer.o
        16          4         24          4          0       1187   system_stm32f4xx.o
      1548        118          0         60        240      20487   tasks.o
       236         34          0          0         72       2395   tim.o
       492         98          0          0          0       3544   top_ctrl.o
       480         60          0          0        336       2753   usart.o

    ----------------------------------------------------------------------
     15560       1044        544        156      21064    2708304   Object Totals
         0          0         32          0          0          0   (incl. Generated)
        20          0          0          1          2          0   (incl. Padding)

    ----------------------------------------------------------------------

      Code (inc. data)   RO Data    RW Data    ZI Data      Debug   Library Member Name

         8          0          0          0          0         68   __main.o
       392          4         17          0          0         92   __printf_flags_ss_wp.o
        14          0          0          0          0         68   __printf_wp.o
         0          0          0          0          0          0   __rtentry.o
        12          0          0          0          0          0   __rtentry2.o
         6          0          0          0          0          0   __rtentry4.o
        52          8          0          0          0          0   __scatter.o
        26          0          0          0          0          0   __scatter_copy.o
        28          0          0          0          0          0   __scatter_zi.o
         6          0          0          0          0          0   _printf_a.o
         6          0          0          0          0          0   _printf_c.o
        44          0          0          0          0        108   _printf_char.o
        48          6          0          0          0         96   _printf_char_common.o
        40          0          0          0          0         68   _printf_charcount.o
         6          0          0          0          0          0   _printf_d.o
       120         16          0          0          0         92   _printf_dec.o
         6          0          0          0          0          0   _printf_e.o
         6          0          0          0          0          0   _printf_f.o
      1054          0          0          0          0        216   _printf_fp_dec.o
       764          8         38          0          0        100   _printf_fp_hex.o
       128         16          0          0          0         84   _printf_fp_infnan.o
         6          0          0          0          0          0   _printf_g.o
       148          4         40          0          0        160   _printf_hex_int_ll_ptr.o
         6          0          0          0          0          0   _printf_i.o
       178          0          0          0          0         88   _printf_intcommon.o
        10          0          0          0          0          0   _printf_l.o
         6          0          0          0          0          0   _printf_lc.o
        10          0          0          0          0          0   _printf_ll.o
         6          0          0          0          0          0   _printf_lld.o
         6          0          0          0          0          0   _printf_lli.o
         6          0          0          0          0          0   _printf_llo.o
         6          0          0          0          0          0   _printf_llu.o
         6          0          0          0          0          0   _printf_llx.o
       124         16          0          0          0         92   _printf_longlong_dec.o
         6          0          0          0          0          0   _printf_ls.o
         6          0          0          0          0          0   _printf_n.o
         6          0          0          0          0          0   _printf_o.o
       112         10          0          0          0        124   _printf_oct_int_ll.o
         6          0          0          0          0          0   _printf_p.o
        78          0          0          0          0        108   _printf_pad.o
         0          0          0          0          0          0   _printf_percent.o
         4          0          0          0          0          0   _printf_percent_end.o
         6          0          0          0          0          0   _printf_s.o
        82          0          0          0          0         80   _printf_str.o
        36          0          0          0          0         84   _printf_truncate.o
         6          0          0          0          0          0   _printf_u.o
        44          0          0          0          0        108   _printf_wchar.o
       188          6          8          0          0         92   _printf_wctomb.o
         6          0          0          0          0          0   _printf_x.o
        10          0          0          0          0         68   _sputc.o
        64          0          0          0          0         92   _wcrtomb.o
       228          4        148          0          0         96   bigflt0.o
      1936        128          0          0          0        672   btod.o
        18          0          0          0          0         80   exit.o
         6          0          0          0          0        152   heapauxi.o
         0          0          0          0          0          0   indicate_semi.o
        44         10        272          0          0         76   lc_ctype_c.o
        44         10         28          0          0         76   lc_numeric_c.o
         2          0          0          0          0          0   libinit.o
        34          0          0          0          0          0   libinit2.o
         2          0          0          0          0          0   libshutdown.o
         2          0          0          0          0          0   libshutdown2.o
         8          4          0          0         96         68   libspace.o
       138          0          0          0          0         80   lludiv10.o
       238          0          0          0          0        100   lludivv7m.o
        16          4          0          0          0         76   rt_ctype_table.o
         8          4          0          0          0         68   rt_locale_intlibspace.o
        78          0          0          0          0         80   rt_memclr_w.o
       100          0          0          0          0         80   rt_memcpy_w.o
         2          0          0          0          0          0   rtexit.o
        10          0          0          0          0          0   rtexit2.o
       128          0          0          0          0         68   strcmpv7m.o
        12          4          0          0          0         68   sys_exit.o
        74          0          0          0          0         80   sys_stackheap_outer.o
         2          0          0          0          0         68   use_no_semi.o
        36          4          0          0          0         76   vsprintf.o
        24          0          0          0          0        116   dcmpi.o
        46          0          0          0          0        116   dflt_clz.o
       120          4          0          0          0        140   dleqf.o
       156          4          0          0          0        140   dnaninf.o
        12          0          0          0          0        116   dretinf.o
        86          4          0          0          0        132   f2d.o
        82          4          0          0          0        160   fcmp4.o
        24          0          0          0          0        116   fcmpi.o
        96          0          0          0          0        132   ffltll_clz.o
       140          4          0          0          0        132   fnaninf.o
        10          0          0          0          0        116   fpinit.o
         4          0          0          0          0        116   printf1.o
         4          0          0          0          0        116   printf2.o
         0          0          0          0          0          0   usenofp.o
        20          0          0          0          0        124   fabs.o
        72          0          0          0          0        148   fmaxf.o
        72          0          0          0          0        148   fminf.o
        48          0          0          0          0        124   fpclassify.o

    ----------------------------------------------------------------------
      8144        286        552          0        100       6344   Library Totals
        18          0          1          0          4          0   (incl. Padding)

    ----------------------------------------------------------------------

      Code (inc. data)   RO Data    RW Data    ZI Data      Debug   Library Name

      7110        266        551          0         96       4152   c_w.l
       804         20          0          0          0       1648   fz_wm.l
       212          0          0          0          0        544   m_wm.l

    ----------------------------------------------------------------------
      8144        286        552          0        100       6344   Library Totals

    ----------------------------------------------------------------------

==============================================================================


      Code (inc. data)   RO Data    RW Data    ZI Data      Debug   

     23704       1330       1096        156      21164    2696612   Grand Totals
     23704       1330       1096        156      21164    2696612   ELF Image Totals
     23704       1330       1096        156          0          0   ROM Totals

==============================================================================

    Total RO  Size (Code + RO Data)                24800 (  24.22kB)
    Total RW  Size (RW Data + ZI Data)             21320 (  20.82kB)
    Total ROM Size (Code + RO Data + RW Data)      24956 (  24.37kB)

==============================================================================

