Component: ARM Compiler 5.06 update 5 (build 528) Tool: armlink [4d35e2]

==============================================================================

Section Cross References

    startup_stm32f407xx.o(STACK) refers (Special) to heapauxi.o(.text) for __use_two_region_memory
    startup_stm32f407xx.o(HEAP) refers (Special) to heapauxi.o(.text) for __use_two_region_memory
    startup_stm32f407xx.o(RESET) refers (Special) to heapauxi.o(.text) for __use_two_region_memory
    startup_stm32f407xx.o(RESET) refers to startup_stm32f407xx.o(STACK) for __initial_sp
    startup_stm32f407xx.o(RESET) refers to startup_stm32f407xx.o(.text) for Reset_Handler
    startup_stm32f407xx.o(RESET) refers to stm32f4xx_it.o(i.NMI_Handler) for NMI_Handler
    startup_stm32f407xx.o(RESET) refers to stm32f4xx_it.o(i.HardFault_Handler) for HardFault_Handler
    startup_stm32f407xx.o(RESET) refers to stm32f4xx_it.o(i.MemManage_Handler) for MemManage_Handler
    startup_stm32f407xx.o(RESET) refers to stm32f4xx_it.o(i.BusFault_Handler) for BusFault_Handler
    startup_stm32f407xx.o(RESET) refers to stm32f4xx_it.o(i.UsageFault_Handler) for UsageFault_Handler
    startup_stm32f407xx.o(RESET) refers to port.o(.emb_text) for SVC_Handler
    startup_stm32f407xx.o(RESET) refers to stm32f4xx_it.o(i.DebugMon_Handler) for DebugMon_Handler
    startup_stm32f407xx.o(RESET) refers to stm32f4xx_it.o(i.SysTick_Handler) for SysTick_Handler
    startup_stm32f407xx.o(RESET) refers to stm32f4xx_it.o(i.DMA1_Stream1_IRQHandler) for DMA1_Stream1_IRQHandler
    startup_stm32f407xx.o(RESET) refers to stm32f4xx_it.o(i.CAN1_RX0_IRQHandler) for CAN1_RX0_IRQHandler
    startup_stm32f407xx.o(RESET) refers to stm32f4xx_it.o(i.USART1_IRQHandler) for USART1_IRQHandler
    startup_stm32f407xx.o(RESET) refers to remote_control.o(i.USART3_IRQHandler) for USART3_IRQHandler
    startup_stm32f407xx.o(RESET) refers to stm32f4xx_it.o(i.CAN2_RX0_IRQHandler) for CAN2_RX0_IRQHandler
    startup_stm32f407xx.o(RESET) refers to stm32f4xx_it.o(i.OTG_FS_IRQHandler) for OTG_FS_IRQHandler
    startup_stm32f407xx.o(RESET) refers to stm32f4xx_it.o(i.DMA2_Stream7_IRQHandler) for DMA2_Stream7_IRQHandler
    startup_stm32f407xx.o(.text) refers (Special) to heapauxi.o(.text) for __use_two_region_memory
    startup_stm32f407xx.o(.text) refers to system_stm32f4xx.o(i.SystemInit) for SystemInit
    startup_stm32f407xx.o(.text) refers to __main.o(!!!main) for __main
    startup_stm32f407xx.o(.text) refers to startup_stm32f407xx.o(HEAP) for Heap_Mem
    startup_stm32f407xx.o(.text) refers to startup_stm32f407xx.o(STACK) for Stack_Mem
    main.o(i.SystemClock_Config) refers to rt_memclr_w.o(.text) for __aeabi_memclr4
    main.o(i.SystemClock_Config) refers to stm32f4xx_hal_rcc.o(i.HAL_RCC_OscConfig) for HAL_RCC_OscConfig
    main.o(i.SystemClock_Config) refers to stm32f4xx_hal_rcc.o(i.HAL_RCC_ClockConfig) for HAL_RCC_ClockConfig
    main.o(i.main) refers to stm32f4xx_hal.o(i.HAL_Init) for HAL_Init
    main.o(i.main) refers to main.o(i.SystemClock_Config) for SystemClock_Config
    main.o(i.main) refers to gpio.o(i.MX_GPIO_Init) for MX_GPIO_Init
    main.o(i.main) refers to dma.o(i.MX_DMA_Init) for MX_DMA_Init
    main.o(i.main) refers to can.o(i.MX_CAN1_Init) for MX_CAN1_Init
    main.o(i.main) refers to can.o(i.MX_CAN2_Init) for MX_CAN2_Init
    main.o(i.main) refers to tim.o(i.MX_TIM4_Init) for MX_TIM4_Init
    main.o(i.main) refers to usart.o(i.MX_USART3_UART_Init) for MX_USART3_UART_Init
    main.o(i.main) refers to usart.o(i.MX_USART1_UART_Init) for MX_USART1_UART_Init
    main.o(i.main) refers to stm32f4xx_hal_cortex.o(i.HAL_NVIC_SetPriority) for HAL_NVIC_SetPriority
    main.o(i.main) refers to stm32f4xx_hal_cortex.o(i.HAL_NVIC_EnableIRQ) for HAL_NVIC_EnableIRQ
    main.o(i.main) refers to bsp_can_1.o(i.can_filter_init) for can_filter_init
    main.o(i.main) refers to remote_control.o(i.remote_control_init) for remote_control_init
    main.o(i.main) refers to usb_device.o(i.MX_USB_DEVICE_Init) for MX_USB_DEVICE_Init
    main.o(i.main) refers to freertos.o(i.MX_FREERTOS_Init) for MX_FREERTOS_Init
    main.o(i.main) refers to cmsis_os.o(i.osKernelStart) for osKernelStart
    gpio.o(i.MX_GPIO_Init) refers to rt_memclr_w.o(.text) for __aeabi_memclr4
    gpio.o(i.MX_GPIO_Init) refers to stm32f4xx_hal_gpio.o(i.HAL_GPIO_WritePin) for HAL_GPIO_WritePin
    gpio.o(i.MX_GPIO_Init) refers to stm32f4xx_hal_gpio.o(i.HAL_GPIO_Init) for HAL_GPIO_Init
    freertos.o(i.CMD_to_chassis_task) refers to cmsis_os.o(i.osDelay) for osDelay
    freertos.o(i.MX_FREERTOS_Init) refers to rt_memcpy_w.o(.text) for __aeabi_memcpy4
    freertos.o(i.MX_FREERTOS_Init) refers to cmsis_os.o(i.osThreadCreate) for osThreadCreate
    freertos.o(i.MX_FREERTOS_Init) refers to freertos.o(.constdata) for .constdata
    freertos.o(i.MX_FREERTOS_Init) refers to freertos.o(.data) for .data
    freertos.o(i.StartDefaultTask) refers to usb_device.o(i.MX_USB_DEVICE_Init) for MX_USB_DEVICE_Init
[...]
    USBD_LL_SetSpeed                         0x0800637f   Thumb Code     6  usbd_core.o(i.USBD_LL_SetSpeed)
    USBD_LL_SetUSBAddress                    0x08006385   Thumb Code    18  usbd_conf.o(i.USBD_LL_SetUSBAddress)
    USBD_LL_SetupStage                       0x08006397   Thumb Code    96  usbd_core.o(i.USBD_LL_SetupStage)
    USBD_LL_StallEP                          0x080063f7   Thumb Code    18  usbd_conf.o(i.USBD_LL_StallEP)
    USBD_LL_Start                            0x08006409   Thumb Code    18  usbd_conf.o(i.USBD_LL_Start)
    USBD_LL_Suspend                          0x0800641b   Thumb Code    26  usbd_core.o(i.USBD_LL_Suspend)
    USBD_LL_Transmit                         0x08006435   Thumb Code    18  usbd_conf.o(i.USBD_LL_Transmit)
    USBD_ParseSetupRequest                   0x08006447   Thumb Code    44  usbd_ctlreq.o(i.USBD_ParseSetupRequest)
    USBD_RegisterClass                       0x08006473   Thumb Code    58  usbd_core.o(i.USBD_RegisterClass)
    USBD_SetClassConfig                      0x080064ad   Thumb Code    20  usbd_core.o(i.USBD_SetClassConfig)
    USBD_Start                               0x08006579   Thumb Code     4  usbd_core.o(i.USBD_Start)
    USBD_StdDevReq                           0x0800657d   Thumb Code   300  usbd_ctlreq.o(i.USBD_StdDevReq)
    USBD_StdEPReq                            0x080066a9   Thumb Code   352  usbd_ctlreq.o(i.USBD_StdEPReq)
    USBD_StdItfReq                           0x08006809   Thumb Code   114  usbd_ctlreq.o(i.USBD_StdItfReq)
    USBD_static_free                         0x0800687b   Thumb Code     2  usbd_conf.o(i.USBD_static_free)
    USBD_static_malloc                       0x0800687d   Thumb Code     4  usbd_conf.o(i.USBD_static_malloc)
    USB_ActivateEndpoint                     0x08006885   Thumb Code   122  stm32f4xx_ll_usb.o(i.USB_ActivateEndpoint)
    USB_ActivateSetup                        0x08006905   Thumb Code    28  stm32f4xx_ll_usb.o(i.USB_ActivateSetup)
    USB_CoreInit                             0x08006921   Thumb Code   126  stm32f4xx_ll_usb.o(i.USB_CoreInit)
    USB_DeactivateEndpoint                   0x080069e1   Thumb Code   194  stm32f4xx_ll_usb.o(i.USB_DeactivateEndpoint)
    USB_DevConnect                           0x08006aad   Thumb Code    28  stm32f4xx_ll_usb.o(i.USB_DevConnect)
    USB_DevDisconnect                        0x08006ac9   Thumb Code    28  stm32f4xx_ll_usb.o(i.USB_DevDisconnect)
    USB_DevInit                              0x08006ae5   Thumb Code   370  stm32f4xx_ll_usb.o(i.USB_DevInit)
    USB_DisableGlobalInt                     0x08006c61   Thumb Code    12  stm32f4xx_ll_usb.o(i.USB_DisableGlobalInt)
    USB_EP0_OutStart                         0x08006c6d   Thumb Code    84  stm32f4xx_ll_usb.o(i.USB_EP0_OutStart)
    USB_EPClearStall                         0x08006cc5   Thumb Code    88  stm32f4xx_ll_usb.o(i.USB_EPClearStall)
    USB_EPSetStall                           0x08006d1d   Thumb Code    88  stm32f4xx_ll_usb.o(i.USB_EPSetStall)
    USB_EPStartXfer                          0x08006d75   Thumb Code   554  stm32f4xx_ll_usb.o(i.USB_EPStartXfer)
    USB_EPStopXfer                           0x08006fa5   Thumb Code   158  stm32f4xx_ll_usb.o(i.USB_EPStopXfer)
    USB_EnableGlobalInt                      0x08007043   Thumb Code    12  stm32f4xx_ll_usb.o(i.USB_EnableGlobalInt)
    USB_FlushRxFifo                          0x0800704f   Thumb Code    56  stm32f4xx_ll_usb.o(i.USB_FlushRxFifo)
    USB_FlushTxFifo                          0x08007087   Thumb Code    60  stm32f4xx_ll_usb.o(i.USB_FlushTxFifo)
    USB_GetDevSpeed                          0x080070c3   Thumb Code    26  stm32f4xx_ll_usb.o(i.USB_GetDevSpeed)
    USB_GetMode                              0x080070dd   Thumb Code     8  stm32f4xx_ll_usb.o(i.USB_GetMode)
    USB_ReadDevAllInEpInterrupt              0x080070e5   Thumb Code    14  stm32f4xx_ll_usb.o(i.USB_ReadDevAllInEpInterrupt)
    USB_ReadDevAllOutEpInterrupt             0x080070f3   Thumb Code    14  stm32f4xx_ll_usb.o(i.USB_ReadDevAllOutEpInterrupt)
    USB_ReadDevInEPInterrupt                 0x08007101   Thumb Code    36  stm32f4xx_ll_usb.o(i.USB_ReadDevInEPInterrupt)
    USB_ReadDevOutEPInterrupt                0x08007125   Thumb Code    16  stm32f4xx_ll_usb.o(i.USB_ReadDevOutEPInterrupt)
    USB_ReadInterrupts                       0x08007135   Thumb Code     8  stm32f4xx_ll_usb.o(i.USB_ReadInterrupts)
    USB_ReadPacket                           0x0800713d   Thumb Code    62  stm32f4xx_ll_usb.o(i.USB_ReadPacket)
    USB_SetCurrentMode                       0x0800717b   Thumb Code    92  stm32f4xx_ll_usb.o(i.USB_SetCurrentMode)
    USB_SetDevAddress                        0x080071d7   Thumb Code    34  stm32f4xx_ll_usb.o(i.USB_SetDevAddress)
    USB_SetTurnaroundTime                    0x080071f9   Thumb Code   158  stm32f4xx_ll_usb.o(i.USB_SetTurnaroundTime)
    USB_WritePacket                          0x080072e1   Thumb Code    40  stm32f4xx_ll_usb.o(i.USB_WritePacket)
    UsageFault_Handler                       0x08007309   Thumb Code     2  stm32f4xx_it.o(i.UsageFault_Handler)
    __ARM_fpclassify                         0x0800730b   Thumb Code    48  fpclassify.o(i.__ARM_fpclassify)
    __hardfp_atan                            0x08007361   Thumb Code   622  atan.o(i.__hardfp_atan)
    __hardfp_atan2                           0x08007639   Thumb Code   432  atan2.o(i.__hardfp_atan2)
    __hardfp_fabs                            0x08007829   Thumb Code    20  fabs.o(i.__hardfp_fabs)
    __hardfp_fmaxf                           0x0800783d   Thumb Code    72  fmaxf.o(i.__hardfp_fmaxf)
    __hardfp_fminf                           0x08007885   Thumb Code    72  fminf.o(i.__hardfp_fminf)
    __hardfp_hypot                           0x080078d1   Thumb Code   846  hypot.o(i.__hardfp_hypot)
    __kernel_poly                            0x08007c49   Thumb Code   248  poly.o(i.__kernel_poly)
    __mathlib_dbl_infnan                     0x08007d41   Thumb Code    20  dunder.o(i.__mathlib_dbl_infnan)
    __mathlib_dbl_infnan2                    0x08007d55   Thumb Code    20  dunder.o(i.__mathlib_dbl_infnan2)
    __mathlib_dbl_overflow                   0x08007d69   Thumb Code    24  dunder.o(i.__mathlib_dbl_overflow)
    __mathlib_dbl_underflow                  0x08007d89   Thumb Code    24  dunder.o(i.__mathlib_dbl_underflow)
    _is_digit                                0x08007da9   Thumb Code    14  __printf_wp.o(i._is_digit)
    atan                                     0x08007db7   Thumb Code    16  atan.o(i.atan)
    ball_track_calc                          0x08007dc9   Thumb Code   424  ball_track.o(i.ball_track_calc)
    ball_track_pid_init                      0x08007fa5   Thumb Code    46  ball_track.o(i.ball_track_pid_init)
    can_filter_init                          0x08007fe9   Thumb Code    80  bsp_can_1.o(i.can_filter_init)
    chassis_cmd_aotu                         0x08008041   Thumb Code    48  can_recv_1.o(i.chassis_cmd_aotu)
    fabs                                     0x08008079   Thumb Code    24  fabs.o(i.fabs)
    float_constrain                          0x08008091   Thumb Code    32  top_ctrl.o(i.float_constrain)
    float_to_uint                            0x080080b1   Thumb Code    68  can_recv_1.o(i.float_to_uint)
    get_3508_M5_motor_measure_point          0x080080f5   Thumb Code     4  can_recv_1.o(i.get_3508_M5_motor_measure_point)
    main                                     0x080088b1   Thumb Code    74  main.o(i.main)
    motor_init                               0x080089ad   Thumb Code   190  chassis.o(i.motor_init)
    osDelay                                  0x08008a89   Thumb Code    14  cmsis_os.o(i.osDelay)
    osKernelStart                            0x08008a97   Thumb Code    10  cmsis_os.o(i.osKernelStart)
    osThreadCreate                           0x08008aa1   Thumb Code    84  cmsis_os.o(i.osThreadCreate)
    pvPortMalloc                             0x08008e41   Thumb Code   216  heap_4.o(i.pvPortMalloc)
    pxPortInitialiseStack                    0x08008f1d   Thumb Code    40  port.o(i.pxPortInitialiseStack)
    remote_control_init                      0x08008f49   Thumb Code    12  remote_control.o(i.remote_control_init)
    sqrt                                     0x080090b5   Thumb Code   110  sqrt.o(i.sqrt)
    start_motor                              0x08009123   Thumb Code    66  can_recv_1.o(i.start_motor)
    top_contorl_Task                         0x08009165   Thumb Code   304  top_ctrl.o(i.top_contorl_Task)
    uart_dma_printf                          0x080092d9   Thumb Code    48  bsp_usart.o(i.uart_dma_printf)
    uxListRemove                             0x08009339   Thumb Code    38  list.o(i.uxListRemove)
    vApplicationGetIdleTaskMemory            0x08009361   Thumb Code    16  freertos.o(i.vApplicationGetIdleTaskMemory)
    vListInitialise                          0x08009375   Thumb Code    22  list.o(i.vListInitialise)
    vListInitialiseItem                      0x0800938b   Thumb Code     6  list.o(i.vListInitialiseItem)
    vListInsert                              0x08009391   Thumb Code    48  list.o(i.vListInsert)
    vListInsertEnd                           0x080093c1   Thumb Code    24  list.o(i.vListInsertEnd)
    vPortEnterCritical                       0x080093d9   Thumb Code    54  port.o(i.vPortEnterCritical)
    vPortExitCritical                        0x08009419   Thumb Code    34  port.o(i.vPortExitCritical)
    vPortFree                                0x08009441   Thumb Code    94  heap_4.o(i.vPortFree)
    vPortSetupTimerInterrupt                 0x080094a5   Thumb Code    32  port.o(i.vPortSetupTimerInterrupt)
    vTaskDelay                               0x080094c9   Thumb Code    66  tasks.o(i.vTaskDelay)
    vTaskStartScheduler                      0x08009515   Thumb Code    90  tasks.o(i.vTaskStartScheduler)
    vTaskSuspendAll                          0x08009581   Thumb Code    10  tasks.o(i.vTaskSuspendAll)
    vTaskSwitchContext                       0x08009591   Thumb Code    82  tasks.o(i.vTaskSwitchContext)
    xPortStartScheduler                      0x080095ed   Thumb Code   222  port.o(i.xPortStartScheduler)
    xPortSysTickHandler                      0x080096e1   Thumb Code    38  port.o(i.xPortSysTickHandler)
    xTaskCreate                              0x0800970d   Thumb Code    90  tasks.o(i.xTaskCreate)
    xTaskCreateStatic                        0x08009767   Thumb Code    86  tasks.o(i.xTaskCreateStatic)
    xTaskGetSchedulerState                   0x080097bd   Thumb Code    22  tasks.o(i.xTaskGetSchedulerState)
    xTaskIncrementTick                       0x080097d9   Thumb Code   194  tasks.o(i.xTaskIncrementTick)
    xTaskResumeAll                           0x080098a5   Thumb Code   182  tasks.o(i.xTaskResumeAll)
    _get_lc_numeric                          0x08009969   Thumb Code    44  lc_numeric_c.o(locale$$code)
    _get_lc_ctype                            0x08009995   Thumb Code    44  lc_ctype_c.o(locale$$code)
    __aeabi_dneg                             0x080099c1   Thumb Code     0  basic.o(x$fpl$basic)
    _dneg                                    0x080099c1   Thumb Code     6  basic.o(x$fpl$basic)
    __aeabi_fneg                             0x080099c7   Thumb Code     0  basic.o(x$fpl$basic)
    _fneg                                    0x080099c7   Thumb Code     6  basic.o(x$fpl$basic)
    _dabs                                    0x080099cd   Thumb Code     6  basic.o(x$fpl$basic)
    _fabs                                    0x080099d3   Thumb Code     6  basic.o(x$fpl$basic)
    __aeabi_d2f                              0x080099d9   Thumb Code     0  d2f.o(x$fpl$d2f)
    _d2f                                     0x080099d9   Thumb Code    98  d2f.o(x$fpl$d2f)
    __aeabi_dadd                             0x08009a3d   Thumb Code     0  daddsub_clz.o(x$fpl$dadd)
    _dadd                                    0x08009a3d   Thumb Code   332  daddsub_clz.o(x$fpl$dadd)
    __fpl_dcmp_Inf                           0x08009b8d   Thumb Code    24  dcmpi.o(x$fpl$dcmpinf)
    __aeabi_ddiv                             0x08009ba5   Thumb Code     0  ddiv.o(x$fpl$ddiv)
    _ddiv                                    0x08009ba5   Thumb Code   552  ddiv.o(x$fpl$ddiv)
    __aeabi_i2d                              0x08009e55   Thumb Code     0  dflt_clz.o(x$fpl$dflt)
    _dflt                                    0x08009e55   Thumb Code    46  dflt_clz.o(x$fpl$dflt)
    __aeabi_cdcmple                          0x08009e85   Thumb Code     0  dleqf.o(x$fpl$dleqf)
    _dcmple                                  0x08009e85   Thumb Code   120  dleqf.o(x$fpl$dleqf)
    __fpl_dcmple_InfNaN                      0x08009ee7   Thumb Code     0  dleqf.o(x$fpl$dleqf)
    __aeabi_dmul                             0x08009efd   Thumb Code     0  dmul.o(x$fpl$dmul)
    _dmul                                    0x08009efd   Thumb Code   332  dmul.o(x$fpl$dmul)
    __fpl_dnaninf                            0x0800a051   Thumb Code   156  dnaninf.o(x$fpl$dnaninf)
    __fpl_dretinf                            0x0800a0ed   Thumb Code    12  dretinf.o(x$fpl$dretinf)
    __aeabi_cdrcmple                         0x0800a0f9   Thumb Code     0  drleqf.o(x$fpl$drleqf)
    _drcmple                                 0x0800a0f9   Thumb Code   108  drleqf.o(x$fpl$drleqf)
    __aeabi_drsub                            0x0800a165   Thumb Code     0  daddsub_clz.o(x$fpl$drsb)
    _drsb                                    0x0800a165   Thumb Code    22  daddsub_clz.o(x$fpl$drsb)
    _dsqrt                                   0x0800a17d   Thumb Code   404  dsqrt_umaal.o(x$fpl$dsqrt)
    __aeabi_dsub                             0x0800a315   Thumb Code     0  daddsub_clz.o(x$fpl$dsub)
    _dsub                                    0x0800a315   Thumb Code   464  daddsub_clz.o(x$fpl$dsub)
    __aeabi_f2d                              0x0800a4e9   Thumb Code     0  f2d.o(x$fpl$f2d)
    _f2d                                     0x0800a4e9   Thumb Code    86  f2d.o(x$fpl$f2d)
    __fcmp4                                  0x0800a541   Thumb Code    24  fcmp4.o(x$fpl$fcmp4)
    __ARM_fcmp4                              0x0800a559   Thumb Code     0  fcmp4.o(x$fpl$fcmp4)
    _fcmp4                                   0x0800a559   Thumb Code    58  fcmp4.o(x$fpl$fcmp4)
    __fpl_fcmp_Inf                           0x0800a593   Thumb Code    24  fcmpi.o(x$fpl$fcmpinf)
    __fpl_fnaninf                            0x0800a5ab   Thumb Code   140  fnaninf.o(x$fpl$fnaninf)
    _fp_init                                 0x0800a637   Thumb Code    10  fpinit.o(x$fpl$fpinit)
    __fplib_config_fpu_vfp                   0x0800a63f   Thumb Code     0  fpinit.o(x$fpl$fpinit)
    __fplib_config_pureend_doubles           0x0800a63f   Thumb Code     0  fpinit.o(x$fpl$fpinit)
    __fpl_fretinf                            0x0800a641   Thumb Code    10  fretinf.o(x$fpl$fretinf)
    _printf_fp_dec                           0x0800a64b   Thumb Code     4  printf1.o(x$fpl$printf1)
    _printf_fp_hex                           0x0800a64f   Thumb Code     4  printf2.o(x$fpl$printf2)
    __I$use$fp                               0x0800a652   Number         0  usenofp.o(x$fpl$usenofp)
    AHBPrescTable                            0x0800a6b0   Data          16  system_stm32f4xx.o(.constdata)
    APBPrescTable                            0x0800a6c0   Data           8  system_stm32f4xx.o(.constdata)
    __mathlib_zero                           0x0800a7b8   Data           8  qnan.o(.constdata)
    Region$$Table$$Base                      0x0800a89c   Number         0  anon$$obj.o(Region$$Table)
    Region$$Table$$Limit                     0x0800a8bc   Number         0  anon$$obj.o(Region$$Table)
    __ctype                                  0x0800a8e5   Data           0  lc_ctype_c.o(locale$$data)
    defaultTaskHandle                        0x20000000   Data           4  freertos.o(.data)
    topTaskHandle                            0x20000004   Data           4  freertos.o(.data)
    CMD_SENDHandle                           0x20000008   Data           4  freertos.o(.data)
    uwTickFreq                               0x20000010   Data           1  stm32f4xx_hal.o(.data)
    uwTickPrio                               0x20000014   Data           4  stm32f4xx_hal.o(.data)
    uwTick                                   0x20000018   Data           4  stm32f4xx_hal.o(.data)
    SystemCoreClock                          0x2000001c   Data           4  system_stm32f4xx.o(.data)
    pxCurrentTCB                             0x20000020   Data           4  tasks.o(.data)
    filter_coefficient                       0x200000a0   Data           4  top_ctrl.o(.data)
    FS_Desc                                  0x200000a4   Data          28  usbd_desc.o(.data)
    USBD_LangIDDesc                          0x200000c0   Data           4  usbd_desc.o(.data)
    USBD_FS_DeviceDesc                       0x200000c4   Data          18  usbd_desc.o(.data)
    USBD_StringSerial                        0x200000d8   Data          26  usbd_desc.o(.data)
    USBD_Interface_fops_FS                   0x200000f4   Data          20  usbd_cdc_if.o(.data)
    USBD_CDC                                 0x20000160   Data          56  usbd_cdc.o(.data)
    hcan1                                    0x200003ec   Data          40  can.o(.bss)
    hcan2                                    0x20000414   Data          40  can.o(.bss)
    htim4                                    0x2000043c   Data          72  tim.o(.bss)
    huart1                                   0x20000484   Data          72  usart.o(.bss)
    huart3                                   0x200004cc   Data          72  usart.o(.bss)
    hdma_usart1_tx                           0x20000514   Data          96  usart.o(.bss)
    hdma_usart3_rx                           0x20000574   Data          96  usart.o(.bss)
    DM_circle_num                            0x20004448   Data          16  can_recv_1.o(.bss)
    DM4340_Date                              0x200044a0   Data         360  can_recv_1.o(.bss)
    CAN_DMstart_TxHeader                     0x20004620   Data          24  can_recv_1.o(.bss)
    CAN_DMmsg_TxHeader                       0x20004638   Data          24  can_recv_1.o(.bss)
    DBUS_ReceiveData                         0x20004650   Data          28  can_recv_1.o(.bss)
    motor_control                            0x2000466c   Data        1936  chassis.o(.bss)
    rc_ctrl                                  0x20004dfc   Data          22  remote_control.o(.bss)
    A                                        0x20004e60   Data          24  top_ctrl.o(.bss)
    B                                        0x20004e78   Data          24  top_ctrl.o(.bss)
    C                                        0x20004e90   Data          24  top_ctrl.o(.bss)
    K                                        0x20004ea8   Data          24  top_ctrl.o(.bss)
    U                                        0x20004ec0   Data          24  top_ctrl.o(.bss)
    V                                        0x20004ed8   Data          24  top_ctrl.o(.bss)
    T                                        0x20004ef0   Data          24  top_ctrl.o(.bss)
    THETA                                    0x20004f08   Data          24  top_ctrl.o(.bss)
    delta_position                           0x20004f20   Data          12  top_ctrl.o(.bss)
    RX_ball_pos                              0x20004f2c   Data          16  top_ctrl.o(.bss)
    ball_track_target                        0x20004f3c   Data          84  ball_track.o(.bss)
    track_pid                                0x20004f90   Data          72  ball_track.o(.bss)
    hUsbDeviceFS                             0x20004fd8   Data         732  usb_device.o(.bss)
    USBD_StrDesc                             0x200052b4   Data        1024  usbd_desc.o(.bss)
    UserRxBufferFS                           0x200056b4   Data        2048  usbd_cdc_if.o(.bss)
    UserTxBufferFS                           0x20005eb4   Data        2048  usbd_cdc_if.o(.bss)
    hpcd_USB_OTG_FS                          0x200068d4   Data        1252  usbd_conf.o(.bss)
    __libspace_start                         0x20006db8   Data          96  libspace.o(.bss)
    __temporary_stack_top$libspace           0x20006e18   Data           0  libspace.o(.bss)



==============================================================================

Memory Map of the image

  Image Entry point : 0x08000189

  Load Region LR_IROM1 (Base: 0x08000000, Size: 0x0000ab80, Max: 0x00100000, ABSOLUTE, COMPRESSED[0x0000aaa8])

    Execution Region ER_IROM1 (Exec base: 0x08000000, Load base: 0x08000000, Size: 0x0000a9e8, Max: 0x00100000, ABSOLUTE)

    Exec Addr    Load Addr    Size         Type   Attr      Idx    E Section Name        Object

    0x08000000   0x08000000   0x00000188   Data   RO            3    RESET               startup_stm32f407xx.o
    0x08000188   0x08000188   0x00000008   Code   RO         7152  * !!!main             c_w.l(__main.o)
    0x08000190   0x08000190   0x00000034   Code   RO         7621    !!!scatter          c_w.l(__scatter.o)
    0x080001c4   0x080001c4   0x0000005a   Code   RO         7619    !!dczerorl2         c_w.l(__dczerorl2.o)
    0x0800021e   0x0800021e   0x00000002   PAD
    0x08000220   0x08000220   0x0000001c   Code   RO         7623    !!handler_zi        c_w.l(__scatter_zi.o)
    0x0800023c   0x0800023c   0x00000000   Code   RO         7332    .ARM.Collect$$_printf_percent$$00000000  c_w.l(_printf_percent.o)
    0x0800023c   0x0800023c   0x00000006   Code   RO         7321    .ARM.Collect$$_printf_percent$$00000001  c_w.l(_printf_n.o)
    0x08000242   0x08000242   0x00000006   Code   RO         7323    .ARM.Collect$$_printf_percent$$00000002  c_w.l(_printf_p.o)
    0x08000248   0x08000248   0x00000006   Code   RO         7328    .ARM.Collect$$_printf_percent$$00000003  c_w.l(_printf_f.o)
    0x0800024e   0x0800024e   0x00000006   Code   RO         7329    .ARM.Collect$$_printf_percent$$00000004  c_w.l(_printf_e.o)
    0x08000254   0x08000254   0x00000006   Code   RO         7330    .ARM.Collect$$_printf_percent$$00000005  c_w.l(_printf_g.o)
    0x0800025a   0x0800025a   0x00000006   Code   RO         7331    .ARM.Collect$$_printf_percent$$00000006  c_w.l(_printf_a.o)
    0x08000260   0x08000260   0x0000000a   Code   RO         7336    .ARM.Collect$$_printf_percent$$00000007  c_w.l(_printf_ll.o)
    0x0800026a   0x0800026a   0x00000006   Code   RO         7325    .ARM.Collect$$_printf_percent$$00000008  c_w.l(_printf_i.o)
    0x08000270   0x08000270   0x00000006   Code   RO         7326    .ARM.Collect$$_printf_percent$$00000009  c_w.l(_printf_d.o)
    0x08000276   0x08000276   0x00000006   Code   RO         7327    .ARM.Collect$$_printf_percent$$0000000A  c_w.l(_printf_u.o)
    0x0800027c   0x0800027c   0x00000006   Code   RO         7324    .ARM.Collect$$_printf_percent$$0000000B  c_w.l(_printf_o.o)
    0x08000282   0x08000282   0x00000006   Code   RO         7322    .ARM.Collect$$_printf_percent$$0000000C  c_w.l(_printf_x.o)
    0x08000288   0x08000288   0x00000006   Code   RO         7333    .ARM.Collect$$_printf_percent$$0000000D  c_w.l(_printf_lli.o)
    0x0800028e   0x0800028e   0x00000006   Code   RO         7334    .ARM.Collect$$_printf_percent$$0000000E  c_w.l(_printf_lld.o)
    0x08000294   0x08000294   0x00000006   Code   RO         7335    .ARM.Collect$$_printf_percent$$0000000F  c_w.l(_printf_llu.o)
    0x0800029a   0x0800029a   0x00000006   Code   RO         7340    .ARM.Collect$$_printf_percent$$00000010  c_w.l(_printf_llo.o)
    0x080002a0   0x080002a0   0x00000006   Code   RO         7341    .ARM.Collect$$_printf_percent$$00000011  c_w.l(_printf_llx.o)
    0x080002a6   0x080002a6   0x0000000a   Code   RO         7337    .ARM.Collect$$_printf_percent$$00000012  c_w.l(_printf_l.o)
    0x080002b0   0x080002b0   0x00000006   Code   RO         7319    .ARM.Collect$$_printf_percent$$00000013  c_w.l(_printf_c.o)
    0x080002b6   0x080002b6   0x00000006   Code   RO         7320    .ARM.Collect$$_printf_percent$$00000014  c_w.l(_printf_s.o)
    0x080002bc   0x080002bc   0x00000006   Code   RO         7338    .ARM.Collect$$_printf_percent$$00000015  c_w.l(_printf_lc.o)
    0x080002c2   0x080002c2   0x00000006   Code   RO         7339    .ARM.Collect$$_printf_percent$$00000016  c_w.l(_printf_ls.o)
    0x080002c8   0x080002c8   0x00000004   Code   RO         7427    .ARM.Collect$$_printf_percent$$00000017  c_w.l(_printf_percent_end.o)
    0x080002cc   0x080002cc   0x00000002   Code   RO         7485    .ARM.Collect$$libinit$$00000000  c_w.l(libinit.o)
    0x080002ce   0x080002ce   0x00000004   Code   RO         7501    .ARM.Collect$$libinit$$00000001  c_w.l(libinit2.o)
    0x080002d2   0x080002d2   0x00000000   Code   RO         7504    .ARM.Collect$$libinit$$00000004  c_w.l(libinit2.o)
    0x080002d2   0x080002d2   0x00000000   Code   RO         7507    .ARM.Collect$$libinit$$0000000A  c_w.l(libinit2.o)
    0x080002d2   0x080002d2   0x00000000   Code   RO         7509    .ARM.Collect$$libinit$$0000000C  c_w.l(libinit2.o)
    0x080002d2   0x080002d2   0x00000000   Code   RO         7511    .ARM.Collect$$libinit$$0000000E  c_w.l(libinit2.o)
    0x080002d2   0x080002d2   0x00000006   Code   RO         7512    .ARM.Collect$$libinit$$0000000F  c_w.l(libinit2.o)
    0x080002d8   0x080002d8   0x00000000   Code   RO         7514    .ARM.Collect$$libinit$$00000011  c_w.l(libinit2.o)
    0x080002d8   0x080002d8   0x0000000c   Code   RO         7515    .ARM.Collect$$libinit$$00000012  c_w.l(libinit2.o)
    0x080002e4   0x080002e4   0x00000000   Code   RO         7516    .ARM.Collect$$libinit$$00000013  c_w.l(libinit2.o)
    0x080002e4   0x080002e4   0x00000000   Code   RO         7518    .ARM.Collect$$libinit$$00000015  c_w.l(libinit2.o)
    0x080002e4   0x080002e4   0x0000000a   Code   RO         7519    .ARM.Collect$$libinit$$00000016  c_w.l(libinit2.o)
    0x080002ee   0x080002ee   0x00000000   Code   RO         7520    .ARM.Collect$$libinit$$00000017  c_w.l(libinit2.o)
    0x080002ee   0x080002ee   0x00000000   Code   RO         7522    .ARM.Collect$$libinit$$00000019  c_w.l(libinit2.o)
    0x080002ee   0x080002ee   0x00000000   Code   RO         7524    .ARM.Collect$$libinit$$0000001B  c_w.l(libinit2.o)
    0x080002ee   0x080002ee   0x00000000   Code   RO         7526    .ARM.Collect$$libinit$$0000001D  c_w.l(libinit2.o)
    0x080002ee   0x080002ee   0x00000000   Code   RO         7528    .ARM.Collect$$libinit$$0000001F  c_w.l(libinit2.o)
    0x080002ee   0x080002ee   0x00000000   Code   RO         7530    .ARM.Collect$$libinit$$00000021  c_w.l(libinit2.o)
    0x080002ee   0x080002ee   0x00000000   Code   RO         7532    .ARM.Collect$$libinit$$00000023  c_w.l(libinit2.o)
    0x080002ee   0x080002ee   0x00000000   Code   RO         7534    .ARM.Collect$$libinit$$00000025  c_w.l(libinit2.o)
    0x080002ee   0x080002ee   0x00000000   Code   RO         7538    .ARM.Collect$$libinit$$0000002C  c_w.l(libinit2.o)
    0x080002ee   0x080002ee   0x00000000   Code   RO         7540    .ARM.Collect$$libinit$$0000002E  c_w.l(libinit2.o)
    0x080002ee   0x080002ee   0x00000000   Code   RO         7542    .ARM.Collect$$libinit$$00000030  c_w.l(libinit2.o)
    0x080002ee   0x080002ee   0x00000000   Code   RO         7544    .ARM.Collect$$libinit$$00000032  c_w.l(libinit2.o)
    0x080002ee   0x080002ee   0x00000002   Code   RO         7545    .ARM.Collect$$libinit$$00000033  c_w.l(libinit2.o)
    0x080002f0   0x080002f0   0x00000002   Code   RO         7576    .ARM.Collect$$libshutdown$$00000000  c_w.l(libshutdown.o)
    0x080002f2   0x080002f2   0x00000000   Code   RO         7602    .ARM.Collect$$libshutdown$$00000002  c_w.l(libshutdown2.o)
    0x080002f2   0x080002f2   0x00000000   Code   RO         7604    .ARM.Collect$$libshutdown$$00000004  c_w.l(libshutdown2.o)
    0x080002f2   0x080002f2   0x00000000   Code   RO         7607    .ARM.Collect$$libshutdown$$00000007  c_w.l(libshutdown2.o)
    0x080002f2   0x080002f2   0x00000000   Code   RO         7610    .ARM.Collect$$libshutdown$$0000000A  c_w.l(libshutdown2.o)
    0x080002f2   0x080002f2   0x00000000   Code   RO         7612    .ARM.Collect$$libshutdown$$0000000C  c_w.l(libshutdown2.o)
    0x080002f2   0x080002f2   0x00000000   Code   RO         7615    .ARM.Collect$$libshutdown$$0000000F  c_w.l(libshutdown2.o)
    0x080002f2   0x080002f2   0x00000002   Code   RO         7616    .ARM.Collect$$libshutdown$$00000010  c_w.l(libshutdown2.o)
    0x080002f4   0x080002f4   0x00000000   Code   RO         7244    .ARM.Collect$$rtentry$$00000000  c_w.l(__rtentry.o)
    0x080002f4   0x080002f4   0x00000000   Code   RO         7391    .ARM.Collect$$rtentry$$00000002  c_w.l(__rtentry2.o)
    0x080002f4   0x080002f4   0x00000006   Code   RO         7403    .ARM.Collect$$rtentry$$00000004  c_w.l(__rtentry4.o)
    0x080002fa   0x080002fa   0x00000000   Code   RO         7393    .ARM.Collect$$rtentry$$00000009  c_w.l(__rtentry2.o)
    0x080002fa   0x080002fa   0x00000004   Code   RO         7394    .ARM.Collect$$rtentry$$0000000A  c_w.l(__rtentry2.o)
    0x080002fe   0x080002fe   0x00000000   Code   RO         7396    .ARM.Collect$$rtentry$$0000000C  c_w.l(__rtentry2.o)
    0x080002fe   0x080002fe   0x00000008   Code   RO         7397    .ARM.Collect$$rtentry$$0000000D  c_w.l(__rtentry2.o)
    0x08000306   0x08000306   0x00000002   Code   RO         7488    .ARM.Collect$$rtexit$$00000000  c_w.l(rtexit.o)
    0x08000308   0x08000308   0x00000000   Code   RO         7549    .ARM.Collect$$rtexit$$00000002  c_w.l(rtexit2.o)
    0x08000308   0x08000308   0x00000004   Code   RO         7550    .ARM.Collect$$rtexit$$00000003  c_w.l(rtexit2.o)
    0x0800030c   0x0800030c   0x00000006   Code   RO         7551    .ARM.Collect$$rtexit$$00000004  c_w.l(rtexit2.o)
    0x08000312   0x08000312   0x00000002   PAD
    0x08000314   0x08000314   0x000000be   Code   RO         5317    .emb_text           port.o
    0x080003d2   0x080003d2   0x00000002   PAD
    0x080003d4   0x080003d4   0x00000040   Code   RO            4    .text               startup_stm32f407xx.o
    0x08000414   0x08000414   0x000000ee   Code   RO         7138    .text               c_w.l(lludivv7m.o)
    0x08000502   0x08000502   0x00000002   PAD
    0x08000504   0x08000504   0x00000024   Code   RO         7140    .text               c_w.l(vsprintf.o)
    0x08000528   0x08000528   0x00000064   Code   RO         7144    .text               c_w.l(rt_memcpy_w.o)
    0x0800058c   0x0800058c   0x0000004e   Code   RO         7148    .text               c_w.l(rt_memclr_w.o)
    0x080005da   0x080005da   0x00000006   Code   RO         7150    .text               c_w.l(heapauxi.o)
    0x080005e0   0x080005e0   0x00000016   Code   RO         7249    .text               c_w.l(_rserrno.o)
    0x080005f6   0x080005f6   0x0000004e   Code   RO         7253    .text               c_w.l(_printf_pad.o)
    0x08000644   0x08000644   0x00000024   Code   RO         7255    .text               c_w.l(_printf_truncate.o)
    0x08000668   0x08000668   0x00000052   Code   RO         7257    .text               c_w.l(_printf_str.o)
    0x080006ba   0x080006ba   0x00000002   PAD
    0x080006bc   0x080006bc   0x00000078   Code   RO         7259    .text               c_w.l(_printf_dec.o)
    0x08000734   0x08000734   0x00000028   Code   RO         7261    .text               c_w.l(_printf_charcount.o)
    0x0800075c   0x0800075c   0x00000030   Code   RO         7263    .text               c_w.l(_printf_char_common.o)
    0x0800078c   0x0800078c   0x0000000a   Code   RO         7265    .text               c_w.l(_sputc.o)
    0x08000796   0x08000796   0x00000002   PAD
    0x08000798   0x08000798   0x000000bc   Code   RO         7267    .text               c_w.l(_printf_wctomb.o)
    0x08000854   0x08000854   0x0000007c   Code   RO         7270    .text               c_w.l(_printf_longlong_dec.o)
    0x080008d0   0x080008d0   0x00000070   Code   RO         7276    .text               c_w.l(_printf_oct_int_ll.o)
    0x08000940   0x08000940   0x00000094   Code   RO         7296    .text               c_w.l(_printf_hex_int_ll_ptr.o)
    0x080009d4   0x080009d4   0x00000188   Code   RO         7316    .text               c_w.l(__printf_flags_ss_wp.o)
    0x08000b5c   0x08000b5c   0x00000008   Code   RO         7410    .text               c_w.l(rt_errno_addr_intlibspace.o)
    0x08000b64   0x08000b64   0x0000008a   Code   RO         7412    .text               c_w.l(lludiv10.o)
    0x08000bee   0x08000bee   0x000000b2   Code   RO         7414    .text               c_w.l(_printf_intcommon.o)
    0x08000ca0   0x08000ca0   0x0000041e   Code   RO         7416    .text               c_w.l(_printf_fp_dec.o)
    0x080010be   0x080010be   0x00000002   PAD
    0x080010c0   0x080010c0   0x000002fc   Code   RO         7418    .text               c_w.l(_printf_fp_hex.o)
    0x080013bc   0x080013bc   0x0000002c   Code   RO         7423    .text               c_w.l(_printf_char.o)
    0x080013e8   0x080013e8   0x0000002c   Code   RO         7425    .text               c_w.l(_printf_wchar.o)
    0x08001414   0x08001414   0x00000040   Code   RO         7428    .text               c_w.l(_wcrtomb.o)
    0x08001454   0x08001454   0x00000008   Code   RO         7432    .text               c_w.l(libspace.o)
    0x0800145c   0x0800145c   0x0000004a   Code   RO         7435    .text               c_w.l(sys_stackheap_outer.o)
    0x080014a6   0x080014a6   0x00000002   PAD
    0x080014a8   0x080014a8   0x00000010   Code   RO         7437    .text               c_w.l(rt_ctype_table.o)
    0x080014b8   0x080014b8   0x00000008   Code   RO         7442    .text               c_w.l(rt_locale_intlibspace.o)
    0x080014c0   0x080014c0   0x00000080   Code   RO         7444    .text               c_w.l(_printf_fp_infnan.o)
    0x08001540   0x08001540   0x000000e4   Code   RO         7446    .text               c_w.l(bigflt0.o)
    0x08001624   0x08001624   0x00000012   Code   RO         7474    .text               c_w.l(exit.o)
    0x08001636   0x08001636   0x00000002   PAD
    0x08001638   0x08001638   0x00000080   Code   RO         7499    .text               c_w.l(strcmpv7m.o)
    0x080016b8   0x080016b8   0x0000000c   Code   RO         7546    .text               c_w.l(sys_exit.o)
    0x080016c4   0x080016c4   0x00000002   Code   RO         7565    .text               c_w.l(use_no_semi.o)
    0x080016c6   0x080016c6   0x00000000   Code   RO         7567    .text               c_w.l(indicate_semi.o)
    0x080016c6   0x080016c6   0x0000003e   Code   RO         7449    CL$$btod_d2e        c_w.l(btod.o)
    0x08001704   0x08001704   0x00000046   Code   RO         7451    CL$$btod_d2e_denorm_low  c_w.l(btod.o)
    0x0800174a   0x0800174a   0x00000060   Code   RO         7450    CL$$btod_d2e_norm_op1  c_w.l(btod.o)
    0x080017aa   0x080017aa   0x00000338   Code   RO         7459    CL$$btod_div_common  c_w.l(btod.o)
    0x08001ae2   0x08001ae2   0x000000dc   Code   RO         7456    CL$$btod_e2e        c_w.l(btod.o)
    0x08001bbe   0x08001bbe   0x0000002a   Code   RO         7453    CL$$btod_ediv       c_w.l(btod.o)
    0x08001be8   0x08001be8   0x0000002a   Code   RO         7452    CL$$btod_emul       c_w.l(btod.o)
    0x08001c12   0x08001c12   0x00000244   Code   RO         7458    CL$$btod_mult_common  c_w.l(btod.o)
    0x08001e56   0x08001e56   0x00000002   Code   RO          627    i.BusFault_Handler  stm32f4xx_it.o
    0x08001e58   0x08001e58   0x0000006a   Code   RO         5584    i.Byte_to_Float     can_recv_1.o
    0x08001ec2   0x08001ec2   0x00000002   PAD
    0x08001ec4   0x08001ec4   0x0000000c   Code   RO          628    i.CAN1_RX0_IRQHandler  stm32f4xx_it.o
    0x08001ed0   0x08001ed0   0x0000000c   Code   RO          629    i.CAN2_RX0_IRQHandler  stm32f4xx_it.o
    0x08001edc   0x08001edc   0x00000004   Code   RO         6473    i.CDC_Control_FS    usbd_cdc_if.o
    0x08001ee0   0x08001ee0   0x00000004   Code   RO         6474    i.CDC_DeInit_FS     usbd_cdc_if.o
    0x08001ee4   0x08001ee4   0x00000024   Code   RO         6475    i.CDC_Init_FS       usbd_cdc_if.o
    0x08001f08   0x08001f08   0x00000034   Code   RO         6476    i.CDC_Receive_FS    usbd_cdc_if.o
    0x08001f3c   0x08001f3c   0x00000004   Code   RO         6477    i.CDC_TransmitCplt_FS  usbd_cdc_if.o
    0x08001f40   0x08001f40   0x0000006c   Code   RO         6079    i.CMD_to_chassis_task  date_exchange.o
    0x08001fac   0x08001fac   0x0000000c   Code   RO          630    i.DMA1_Stream1_IRQHandler  stm32f4xx_it.o
    0x08001fb8   0x08001fb8   0x0000000c   Code   RO          631    i.DMA2_Stream7_IRQHandler  stm32f4xx_it.o
    0x08001fc4   0x08001fc4   0x00000028   Code   RO         1795    i.DMA_CalcBaseAndBitshift  stm32f4xx_hal_dma.o
    0x08001fec   0x08001fec   0x00000054   Code   RO         1796    i.DMA_CheckFifoParam  stm32f4xx_hal_dma.o
    0x08002040   0x08002040   0x00000028   Code   RO         1797    i.DMA_SetConfig     stm32f4xx_hal_dma.o
    0x08002068   0x08002068   0x00000148   Code   RO         5954    i.DM_Motor_Init     top_ctrl.o
    0x080021b0   0x080021b0   0x00000002   Code   RO          632    i.DebugMon_Handler  stm32f4xx_it.o
    0x080021b2   0x080021b2   0x00000004   Code   RO           13    i.Error_Handler     main.o
    0x080021b6   0x080021b6   0x00000026   Code   RO         5586    i.Float_to_Byte     can_recv_1.o
    0x080021dc   0x080021dc   0x00000024   Code   RO         2475    i.HAL_CAN_ActivateNotification  stm32f4xx_hal_can.o
    0x08002200   0x08002200   0x000000bc   Code   RO         2476    i.HAL_CAN_AddTxMessage  stm32f4xx_hal_can.o
    0x080022bc   0x080022bc   0x0000010c   Code   RO         2477    i.HAL_CAN_ConfigFilter  stm32f4xx_hal_can.o
    0x080023c8   0x080023c8   0x00000002   Code   RO         2480    i.HAL_CAN_ErrorCallback  stm32f4xx_hal_can.o
    0x080023ca   0x080023ca   0x000000f4   Code   RO         2483    i.HAL_CAN_GetRxMessage  stm32f4xx_hal_can.o
    0x080024be   0x080024be   0x000001fc   Code   RO         2487    i.HAL_CAN_IRQHandler  stm32f4xx_hal_can.o
    0x080026ba   0x080026ba   0x0000011a   Code   RO         2488    i.HAL_CAN_Init      stm32f4xx_hal_can.o
    0x080027d4   0x080027d4   0x000000f0   Code   RO          354    i.HAL_CAN_MspInit   can.o
    0x080028c4   0x080028c4   0x00000002   Code   RO         2495    i.HAL_CAN_RxFifo0FullCallback  stm32f4xx_hal_can.o
    0x080028c6   0x080028c6   0x00000002   PAD
    0x080028c8   0x080028c8   0x00000188   Code   RO         5587    i.HAL_CAN_RxFifo0MsgPendingCallback  can_recv_1.o
    0x08002a50   0x08002a50   0x00000002   Code   RO         2497    i.HAL_CAN_RxFifo1FullCallback  stm32f4xx_hal_can.o
    0x08002a52   0x08002a52   0x00000002   Code   RO         2498    i.HAL_CAN_RxFifo1MsgPendingCallback  stm32f4xx_hal_can.o
    0x08002a54   0x08002a54   0x00000002   Code   RO         2499    i.HAL_CAN_SleepCallback  stm32f4xx_hal_can.o
    0x08002a56   0x08002a56   0x00000002   PAD
    0x08002a58   0x08002a58   0x00000058   Code   RO         2500    i.HAL_CAN_Start     stm32f4xx_hal_can.o
    0x08002ab0   0x08002ab0   0x00000002   Code   RO         2502    i.HAL_CAN_TxMailbox0AbortCallback  stm32f4xx_hal_can.o
    0x08002ab2   0x08002ab2   0x00000002   Code   RO         2503    i.HAL_CAN_TxMailbox0CompleteCallback  stm32f4xx_hal_can.o
    0x08002ab4   0x08002ab4   0x00000002   Code   RO         2504    i.HAL_CAN_TxMailbox1AbortCallback  stm32f4xx_hal_can.o
    0x08002ab6   0x08002ab6   0x00000002   Code   RO         2505    i.HAL_CAN_TxMailbox1CompleteCallback  stm32f4xx_hal_can.o
    0x08002ab8   0x08002ab8   0x00000002   Code   RO         2506    i.HAL_CAN_TxMailbox2AbortCallback  stm32f4xx_hal_can.o
    0x08002aba   0x08002aba   0x00000002   Code   RO         2507    i.HAL_CAN_TxMailbox2CompleteCallback  stm32f4xx_hal_can.o
    0x08002abc   0x08002abc   0x00000002   Code   RO         2509    i.HAL_CAN_WakeUpFromRxMsgCallback  stm32f4xx_hal_can.o
    0x08002abe   0x08002abe   0x00000092   Code   RO         1798    i.HAL_DMA_Abort     stm32f4xx_hal_dma.o
    0x08002b50   0x08002b50   0x00000024   Code   RO         1799    i.HAL_DMA_Abort_IT  stm32f4xx_hal_dma.o
    0x08002b74   0x08002b74   0x000001a0   Code   RO         1803    i.HAL_DMA_IRQHandler  stm32f4xx_hal_dma.o
    0x08002d14   0x08002d14   0x000000d4   Code   RO         1804    i.HAL_DMA_Init      stm32f4xx_hal_dma.o
    0x08002de8   0x08002de8   0x0000006e   Code   RO         1808    i.HAL_DMA_Start_IT  stm32f4xx_hal_dma.o
    0x08002e56   0x08002e56   0x00000002   PAD
    0x08002e58   0x08002e58   0x00000024   Code   RO         2223    i.HAL_Delay         stm32f4xx_hal.o
    0x08002e7c   0x08002e7c   0x000001f0   Code   RO         1691    i.HAL_GPIO_Init     stm32f4xx_hal_gpio.o
    0x0800306c   0x0800306c   0x0000000a   Code   RO         1695    i.HAL_GPIO_WritePin  stm32f4xx_hal_gpio.o
    0x08003076   0x08003076   0x00000002   PAD
    0x08003078   0x08003078   0x0000000c   Code   RO         2229    i.HAL_GetTick       stm32f4xx_hal.o
    0x08003084   0x08003084   0x00000010   Code   RO         2235    i.HAL_IncTick       stm32f4xx_hal.o
    0x08003094   0x08003094   0x00000034   Code   RO         2236    i.HAL_Init          stm32f4xx_hal.o
    0x080030c8   0x080030c8   0x00000040   Code   RO         2237    i.HAL_InitTick      stm32f4xx_hal.o
    0x08003108   0x08003108   0x00000038   Code   RO          727    i.HAL_MspInit       stm32f4xx_hal_msp.o
    0x08003140   0x08003140   0x0000001a   Code   RO         2081    i.HAL_NVIC_EnableIRQ  stm32f4xx_hal_cortex.o
    0x0800315a   0x0800315a   0x00000002   PAD
    0x0800315c   0x0800315c   0x00000040   Code   RO         2087    i.HAL_NVIC_SetPriority  stm32f4xx_hal_cortex.o
    0x0800319c   0x0800319c   0x00000024   Code   RO         2088    i.HAL_NVIC_SetPriorityGrouping  stm32f4xx_hal_cortex.o
    0x080031c0   0x080031c0   0x00000002   Code   RO          990    i.HAL_PCDEx_LPM_Callback  stm32f4xx_hal_pcd_ex.o
    0x080031c2   0x080031c2   0x00000008   Code   RO          991    i.HAL_PCDEx_SetRxFiFo  stm32f4xx_hal_pcd_ex.o
    0x080031ca   0x080031ca   0x00000044   Code   RO          992    i.HAL_PCDEx_SetTxFiFo  stm32f4xx_hal_pcd_ex.o
    0x0800320e   0x0800320e   0x00000008   Code   RO         6534    i.HAL_PCD_ConnectCallback  usbd_conf.o
    0x08003216   0x08003216   0x00000012   Code   RO         6535    i.HAL_PCD_DataInStageCallback  usbd_conf.o
    0x08003228   0x08003228   0x00000014   Code   RO         6536    i.HAL_PCD_DataOutStageCallback  usbd_conf.o
    0x0800323c   0x0800323c   0x00000008   Code   RO         6537    i.HAL_PCD_DisconnectCallback  usbd_conf.o
    0x08003244   0x08003244   0x0000001e   Code   RO          760    i.HAL_PCD_EP_Abort  stm32f4xx_hal_pcd.o
    0x08003262   0x08003262   0x0000004a   Code   RO          761    i.HAL_PCD_EP_Close  stm32f4xx_hal_pcd.o
    0x080032ac   0x080032ac   0x0000005a   Code   RO          762    i.HAL_PCD_EP_ClrStall  stm32f4xx_hal_pcd.o
    0x08003306   0x08003306   0x00000012   Code   RO          764    i.HAL_PCD_EP_GetRxCount  stm32f4xx_hal_pcd.o
    0x08003318   0x08003318   0x0000005e   Code   RO          765    i.HAL_PCD_EP_Open   stm32f4xx_hal_pcd.o
    0x08003376   0x08003376   0x00000038   Code   RO          766    i.HAL_PCD_EP_Receive  stm32f4xx_hal_pcd.o
    0x080033ae   0x080033ae   0x00000072   Code   RO          767    i.HAL_PCD_EP_SetStall  stm32f4xx_hal_pcd.o
    0x08003420   0x08003420   0x00000032   Code   RO          768    i.HAL_PCD_EP_Transmit  stm32f4xx_hal_pcd.o
    0x08003452   0x08003452   0x00000002   PAD
    0x08003454   0x08003454   0x0000055c   Code   RO          770    i.HAL_PCD_IRQHandler  stm32f4xx_hal_pcd.o
    0x080039b0   0x080039b0   0x00000008   Code   RO         6538    i.HAL_PCD_ISOINIncompleteCallback  usbd_conf.o
    0x080039b8   0x080039b8   0x00000008   Code   RO         6539    i.HAL_PCD_ISOOUTIncompleteCallback  usbd_conf.o
    0x080039c0   0x080039c0   0x000000cc   Code   RO          773    i.HAL_PCD_Init      stm32f4xx_hal_pcd.o
    0x08003a8c   0x08003a8c   0x00000084   Code   RO         6541    i.HAL_PCD_MspInit   usbd_conf.o
    0x08003b10   0x08003b10   0x0000002c   Code   RO         6542    i.HAL_PCD_ResetCallback  usbd_conf.o
    0x08003b3c   0x08003b3c   0x00000008   Code   RO         6543    i.HAL_PCD_ResumeCallback  usbd_conf.o
    0x08003b44   0x08003b44   0x00000008   Code   RO         6544    i.HAL_PCD_SOFCallback  usbd_conf.o
    0x08003b4c   0x08003b4c   0x00000026   Code   RO          779    i.HAL_PCD_SetAddress  stm32f4xx_hal_pcd.o
    0x08003b72   0x08003b72   0x0000000e   Code   RO         6545    i.HAL_PCD_SetupStageCallback  usbd_conf.o
    0x08003b80   0x08003b80   0x00000042   Code   RO          782    i.HAL_PCD_Start     stm32f4xx_hal_pcd.o
    0x08003bc2   0x08003bc2   0x00000002   PAD
    0x08003bc4   0x08003bc4   0x00000030   Code   RO         6546    i.HAL_PCD_SuspendCallback  usbd_conf.o
    0x08003bf4   0x08003bf4   0x00000134   Code   RO         1337    i.HAL_RCC_ClockConfig  stm32f4xx_hal_rcc.o
    0x08003d28   0x08003d28   0x0000000c   Code   RO         1342    i.HAL_RCC_GetHCLKFreq  stm32f4xx_hal_rcc.o
    0x08003d34   0x08003d34   0x00000020   Code   RO         1344    i.HAL_RCC_GetPCLK1Freq  stm32f4xx_hal_rcc.o
    0x08003d54   0x08003d54   0x00000020   Code   RO         1345    i.HAL_RCC_GetPCLK2Freq  stm32f4xx_hal_rcc.o
    0x08003d74   0x08003d74   0x00000064   Code   RO         1346    i.HAL_RCC_GetSysClockFreq  stm32f4xx_hal_rcc.o
    0x08003dd8   0x08003dd8   0x0000036c   Code   RO         1349    i.HAL_RCC_OscConfig  stm32f4xx_hal_rcc.o
    0x08004144   0x08004144   0x00000028   Code   RO         2092    i.HAL_SYSTICK_Config  stm32f4xx_hal_cortex.o
    0x0800416c   0x0800416c   0x00000090   Code   RO         3433    i.HAL_TIMEx_MasterConfigSynchronization  stm32f4xx_hal_tim_ex.o
    0x080041fc   0x080041fc   0x00000054   Code   RO          531    i.HAL_TIM_MspPostInit  tim.o
    0x08004250   0x08004250   0x000000cc   Code   RO         2782    i.HAL_TIM_PWM_ConfigChannel  stm32f4xx_hal_tim.o
    0x0800431c   0x0800431c   0x0000005a   Code   RO         2785    i.HAL_TIM_PWM_Init  stm32f4xx_hal_tim.o
    0x08004376   0x08004376   0x00000002   PAD
    0x08004378   0x08004378   0x00000028   Code   RO          533    i.HAL_TIM_PWM_MspInit  tim.o
    0x080043a0   0x080043a0   0x00000002   Code   RO         3693    i.HAL_UARTEx_RxEventCallback  stm32f4xx_hal_uart.o
    0x080043a2   0x080043a2   0x00000002   Code   RO         3707    i.HAL_UART_ErrorCallback  stm32f4xx_hal_uart.o
    0x080043a4   0x080043a4   0x00000270   Code   RO         3710    i.HAL_UART_IRQHandler  stm32f4xx_hal_uart.o
    0x08004614   0x08004614   0x00000064   Code   RO         3711    i.HAL_UART_Init     stm32f4xx_hal_uart.o
    0x08004678   0x08004678   0x0000016c   Code   RO          580    i.HAL_UART_MspInit  usart.o
    0x080047e4   0x080047e4   0x00000002   Code   RO         3717    i.HAL_UART_RxCpltCallback  stm32f4xx_hal_uart.o
    0x080047e6   0x080047e6   0x00000002   PAD
    0x080047e8   0x080047e8   0x00000078   Code   RO         3720    i.HAL_UART_Transmit_DMA  stm32f4xx_hal_uart.o
    0x08004860   0x08004860   0x00000002   Code   RO         3722    i.HAL_UART_TxCpltCallback  stm32f4xx_hal_uart.o
    0x08004862   0x08004862   0x00000002   Code   RO         3723    i.HAL_UART_TxHalfCpltCallback  stm32f4xx_hal_uart.o
    0x08004864   0x08004864   0x00000002   Code   RO          633    i.HardFault_Handler  stm32f4xx_it.o
    0x08004866   0x08004866   0x00000002   PAD
    0x08004868   0x08004868   0x00000038   Code   RO         6387    i.IntToUnicode      usbd_desc.o
    0x080048a0   0x080048a0   0x0000015e   Code   RO         5588    i.MD_CanReceive     can_recv_1.o
    0x080049fe   0x080049fe   0x00000002   PAD
    0x08004a00   0x08004a00   0x000000f4   Code   RO         5589    i.MD_motor_SendCurrent  can_recv_1.o
    0x08004af4   0x08004af4   0x00000044   Code   RO          355    i.MX_CAN1_Init      can.o
    0x08004b38   0x08004b38   0x00000048   Code   RO          356    i.MX_CAN2_Init      can.o
    0x08004b80   0x08004b80   0x0000004c   Code   RO          402    i.MX_DMA_Init       dma.o
    0x08004bcc   0x08004bcc   0x00000054   Code   RO          289    i.MX_FREERTOS_Init  freertos.o
    0x08004c20   0x08004c20   0x00000098   Code   RO          264    i.MX_GPIO_Init      gpio.o
    0x08004cb8   0x08004cb8   0x00000070   Code   RO          534    i.MX_TIM4_Init      tim.o
    0x08004d28   0x08004d28   0x00000038   Code   RO          581    i.MX_USART1_UART_Init  usart.o
    0x08004d60   0x08004d60   0x0000003c   Code   RO          582    i.MX_USART3_UART_Init  usart.o
    0x08004d9c   0x08004d9c   0x00000054   Code   RO         6339    i.MX_USB_DEVICE_Init  usb_device.o
    0x08004df0   0x08004df0   0x00000002   Code   RO          634    i.MemManage_Handler  stm32f4xx_it.o
    0x08004df2   0x08004df2   0x00000002   Code   RO          635    i.NMI_Handler       stm32f4xx_it.o
    0x08004df4   0x08004df4   0x0000000c   Code   RO          636    i.OTG_FS_IRQHandler  stm32f4xx_it.o
    0x08004e00   0x08004e00   0x000000cc   Code   RO          786    i.PCD_EP_OutXfrComplete_int  stm32f4xx_hal_pcd.o
    0x08004ecc   0x08004ecc   0x000000a2   Code   RO          787    i.PCD_WriteEmptyTxFifo  stm32f4xx_hal_pcd.o
    0x08004f6e   0x08004f6e   0x00000002   PAD
    0x08004f70   0x08004f70   0x00000128   Code   RO         6139    i.PID_calc          pid.o
    0x08005098   0x08005098   0x00000040   Code   RO         6140    i.PID_clear         pid.o
    0x080050d8   0x080050d8   0x0000005c   Code   RO         6141    i.PID_init          pid.o
    0x08005134   0x08005134   0x00000060   Code   RO         5556    i.RC_init           bsp_rc.o
    0x08005194   0x08005194   0x0000000a   Code   RO         6900    i.SWAPBYTE          usbd_ctlreq.o
    0x0800519e   0x0800519e   0x0000000c   Code   RO          290    i.StartDefaultTask  freertos.o
    0x080051aa   0x080051aa   0x00000018   Code   RO          637    i.SysTick_Handler   stm32f4xx_it.o
    0x080051c2   0x080051c2   0x00000002   PAD
    0x080051c4   0x080051c4   0x00000094   Code   RO           14    i.SystemClock_Config  main.o
    0x08005258   0x08005258   0x00000010   Code   RO         4045    i.SystemInit        system_stm32f4xx.o
    0x08005268   0x08005268   0x000000d8   Code   RO         2803    i.TIM_Base_SetConfig  stm32f4xx_hal_tim.o
    0x08005340   0x08005340   0x00000060   Code   RO         2816    i.TIM_OC1_SetConfig  stm32f4xx_hal_tim.o
    0x080053a0   0x080053a0   0x0000006c   Code   RO         2817    i.TIM_OC2_SetConfig  stm32f4xx_hal_tim.o
    0x0800540c   0x0800540c   0x00000068   Code   RO         2818    i.TIM_OC3_SetConfig  stm32f4xx_hal_tim.o
    0x08005474   0x08005474   0x00000050   Code   RO         2819    i.TIM_OC4_SetConfig  stm32f4xx_hal_tim.o
    0x080054c4   0x080054c4   0x00000010   Code   RO         3724    i.UART_DMAAbortOnError  stm32f4xx_hal_uart.o
    0x080054d4   0x080054d4   0x0000004a   Code   RO         3725    i.UART_DMAError     stm32f4xx_hal_uart.o
    0x0800551e   0x0800551e   0x00000042   Code   RO         3730    i.UART_DMATransmitCplt  stm32f4xx_hal_uart.o
    0x08005560   0x08005560   0x0000000a   Code   RO         3732    i.UART_DMATxHalfCplt  stm32f4xx_hal_uart.o
    0x0800556a   0x0800556a   0x0000004e   Code   RO         3734    i.UART_EndRxTransfer  stm32f4xx_hal_uart.o
    0x080055b8   0x080055b8   0x0000001c   Code   RO         3735    i.UART_EndTxTransfer  stm32f4xx_hal_uart.o
    0x080055d4   0x080055d4   0x000000c2   Code   RO         3736    i.UART_Receive_IT   stm32f4xx_hal_uart.o
    0x08005696   0x08005696   0x00000002   PAD
    0x08005698   0x08005698   0x0000010c   Code   RO         3737    i.UART_SetConfig    stm32f4xx_hal_uart.o
    0x080057a4   0x080057a4   0x0000000c   Code   RO          638    i.USART1_IRQHandler  stm32f4xx_it.o
    0x080057b0   0x080057b0   0x000000b4   Code   RO         5792    i.USART3_IRQHandler  remote_control.o
    0x08005864   0x08005864   0x00000076   Code   RO         7033    i.USBD_CDC_DataIn   usbd_cdc.o
    0x080058da   0x080058da   0x0000003c   Code   RO         7034    i.USBD_CDC_DataOut  usbd_cdc.o
    0x08005916   0x08005916   0x00000002   PAD
    0x08005918   0x08005918   0x00000090   Code   RO         7035    i.USBD_CDC_DeInit   usbd_cdc.o
    0x080059a8   0x080059a8   0x00000036   Code   RO         7036    i.USBD_CDC_EP0_RxReady  usbd_cdc.o
    0x080059de   0x080059de   0x00000002   PAD
    0x080059e0   0x080059e0   0x0000000c   Code   RO         7037    i.USBD_CDC_GetDeviceQualifierDescriptor  usbd_cdc.o
    0x080059ec   0x080059ec   0x0000003c   Code   RO         7038    i.USBD_CDC_GetFSCfgDesc  usbd_cdc.o
    0x08005a28   0x08005a28   0x00000040   Code   RO         7039    i.USBD_CDC_GetHSCfgDesc  usbd_cdc.o
    0x08005a68   0x08005a68   0x0000003c   Code   RO         7040    i.USBD_CDC_GetOtherSpeedCfgDesc  usbd_cdc.o
    0x08005aa4   0x08005aa4   0x00000118   Code   RO         7041    i.USBD_CDC_Init     usbd_cdc.o
    0x08005bbc   0x08005bbc   0x00000038   Code   RO         7042    i.USBD_CDC_ReceivePacket  usbd_cdc.o
    0x08005bf4   0x08005bf4   0x00000016   Code   RO         7043    i.USBD_CDC_RegisterInterface  usbd_cdc.o
    0x08005c0a   0x08005c0a   0x0000001a   Code   RO         7044    i.USBD_CDC_SetRxBuffer  usbd_cdc.o
    0x08005c24   0x08005c24   0x0000001e   Code   RO         7045    i.USBD_CDC_SetTxBuffer  usbd_cdc.o
    0x08005c42   0x08005c42   0x000000d4   Code   RO         7046    i.USBD_CDC_Setup    usbd_cdc.o
    0x08005d16   0x08005d16   0x00000014   Code   RO         6741    i.USBD_ClrClassConfig  usbd_core.o
    0x08005d2a   0x08005d2a   0x00000004   Code   RO         6742    i.USBD_CoreFindEP   usbd_core.o
    0x08005d2e   0x08005d2e   0x00000004   Code   RO         6743    i.USBD_CoreFindIF   usbd_core.o
    0x08005d32   0x08005d32   0x00000010   Code   RO         6973    i.USBD_CtlContinueRx  usbd_ioreq.o
    0x08005d42   0x08005d42   0x00000010   Code   RO         6974    i.USBD_CtlContinueSendData  usbd_ioreq.o
    0x08005d52   0x08005d52   0x00000016   Code   RO         6901    i.USBD_CtlError     usbd_ctlreq.o
    0x08005d68   0x08005d68   0x0000001e   Code   RO         6975    i.USBD_CtlPrepareRx  usbd_ioreq.o
    0x08005d86   0x08005d86   0x00000016   Code   RO         6976    i.USBD_CtlReceiveStatus  usbd_ioreq.o
    0x08005d9c   0x08005d9c   0x0000001a   Code   RO         6977    i.USBD_CtlSendData  usbd_ioreq.o
    0x08005db6   0x08005db6   0x00000016   Code   RO         6978    i.USBD_CtlSendStatus  usbd_ioreq.o
    0x08005dcc   0x08005dcc   0x00000020   Code   RO         6388    i.USBD_FS_ConfigStrDescriptor  usbd_desc.o
    0x08005dec   0x08005dec   0x0000000c   Code   RO         6389    i.USBD_FS_DeviceDescriptor  usbd_desc.o
    0x08005df8   0x08005df8   0x00000024   Code   RO         6390    i.USBD_FS_InterfaceStrDescriptor  usbd_desc.o
    0x08005e1c   0x08005e1c   0x0000000c   Code   RO         6391    i.USBD_FS_LangIDStrDescriptor  usbd_desc.o
    0x08005e28   0x08005e28   0x00000028   Code   RO         6392    i.USBD_FS_ManufacturerStrDescriptor  usbd_desc.o
    0x08005e50   0x08005e50   0x0000002c   Code   RO         6393    i.USBD_FS_ProductStrDescriptor  usbd_desc.o
    0x08005e7c   0x08005e7c   0x00000038   Code   RO         6394    i.USBD_FS_SerialStrDescriptor  usbd_desc.o
    0x08005eb4   0x08005eb4   0x000000e6   Code   RO         6902    i.USBD_GetDescriptor  usbd_ctlreq.o
    0x08005f9a   0x08005f9a   0x0000003a   Code   RO         6745    i.USBD_GetEpDesc    usbd_core.o
    0x08005fd4   0x08005fd4   0x0000000e   Code   RO         6746    i.USBD_GetNextDesc  usbd_core.o
    0x08005fe2   0x08005fe2   0x00000048   Code   RO         6903    i.USBD_GetString    usbd_ctlreq.o
    0x0800602a   0x0800602a   0x00000018   Code   RO         6547    i.USBD_Get_USB_Status  usbd_conf.o
    0x08006042   0x08006042   0x00000026   Code   RO         6747    i.USBD_Init         usbd_core.o
    0x08006068   0x08006068   0x00000012   Code   RO         6548    i.USBD_LL_ClearStallEP  usbd_conf.o
    0x0800607a   0x0800607a   0x00000012   Code   RO         6549    i.USBD_LL_CloseEP   usbd_conf.o
    0x0800608c   0x0800608c   0x000000b6   Code   RO         6748    i.USBD_LL_DataInStage  usbd_core.o
    0x08006142   0x08006142   0x0000008e   Code   RO         6749    i.USBD_LL_DataOutStage  usbd_core.o
    0x080061d0   0x080061d0   0x00000004   Code   RO         6750    i.USBD_LL_DevConnected  usbd_core.o
    0x080061d4   0x080061d4   0x0000001e   Code   RO         6751    i.USBD_LL_DevDisconnected  usbd_core.o
    0x080061f2   0x080061f2   0x00000008   Code   RO         6553    i.USBD_LL_GetRxDataSize  usbd_conf.o
    0x080061fa   0x080061fa   0x00000002   PAD
    0x080061fc   0x080061fc   0x00000060   Code   RO         6554    i.USBD_LL_Init      usbd_conf.o
    0x0800625c   0x0800625c   0x0000001e   Code   RO         6555    i.USBD_LL_IsStallEP  usbd_conf.o
    0x0800627a   0x0800627a   0x00000028   Code   RO         6752    i.USBD_LL_IsoINIncomplete  usbd_core.o
    0x080062a2   0x080062a2   0x00000028   Code   RO         6753    i.USBD_LL_IsoOUTIncomplete  usbd_core.o
    0x080062ca   0x080062ca   0x00000018   Code   RO         6556    i.USBD_LL_OpenEP    usbd_conf.o
    0x080062e2   0x080062e2   0x00000012   Code   RO         6557    i.USBD_LL_PrepareReceive  usbd_conf.o
    0x080062f4   0x080062f4   0x0000005c   Code   RO         6754    i.USBD_LL_Reset     usbd_core.o
    0x08006350   0x08006350   0x00000014   Code   RO         6755    i.USBD_LL_Resume    usbd_core.o
    0x08006364   0x08006364   0x0000001a   Code   RO         6756    i.USBD_LL_SOF       usbd_core.o
    0x0800637e   0x0800637e   0x00000006   Code   RO         6757    i.USBD_LL_SetSpeed  usbd_core.o
    0x08006384   0x08006384   0x00000012   Code   RO         6558    i.USBD_LL_SetUSBAddress  usbd_conf.o
    0x08006396   0x08006396   0x00000060   Code   RO         6758    i.USBD_LL_SetupStage  usbd_core.o
    0x080063f6   0x080063f6   0x00000012   Code   RO         6559    i.USBD_LL_StallEP   usbd_conf.o
    0x08006408   0x08006408   0x00000012   Code   RO         6560    i.USBD_LL_Start     usbd_conf.o
    0x0800641a   0x0800641a   0x0000001a   Code   RO         6759    i.USBD_LL_Suspend   usbd_core.o
    0x08006434   0x08006434   0x00000012   Code   RO         6562    i.USBD_LL_Transmit  usbd_conf.o
    0x08006446   0x08006446   0x0000002c   Code   RO         6904    i.USBD_ParseSetupRequest  usbd_ctlreq.o
    0x08006472   0x08006472   0x0000003a   Code   RO         6760    i.USBD_RegisterClass  usbd_core.o
    0x080064ac   0x080064ac   0x00000014   Code   RO         6762    i.USBD_SetClassConfig  usbd_core.o
    0x080064c0   0x080064c0   0x000000b8   Code   RO         6905    i.USBD_SetConfig    usbd_ctlreq.o
    0x08006578   0x08006578   0x00000004   Code   RO         6763    i.USBD_Start        usbd_core.o
    0x0800657c   0x0800657c   0x0000012c   Code   RO         6906    i.USBD_StdDevReq    usbd_ctlreq.o
    0x080066a8   0x080066a8   0x00000160   Code   RO         6907    i.USBD_StdEPReq     usbd_ctlreq.o
    0x08006808   0x08006808   0x00000072   Code   RO         6908    i.USBD_StdItfReq    usbd_ctlreq.o
    0x0800687a   0x0800687a   0x00000002   Code   RO         6563    i.USBD_static_free  usbd_conf.o
    0x0800687c   0x0800687c   0x00000008   Code   RO         6564    i.USBD_static_malloc  usbd_conf.o
    0x08006884   0x08006884   0x00000080   Code   RO         1032    i.USB_ActivateEndpoint  stm32f4xx_ll_usb.o
    0x08006904   0x08006904   0x0000001c   Code   RO         1034    i.USB_ActivateSetup  stm32f4xx_ll_usb.o
    0x08006920   0x08006920   0x00000084   Code   RO         1036    i.USB_CoreInit      stm32f4xx_ll_usb.o
    0x080069a4   0x080069a4   0x0000003c   Code   RO         1037    i.USB_CoreReset     stm32f4xx_ll_usb.o
    0x080069e0   0x080069e0   0x000000cc   Code   RO         1040    i.USB_DeactivateEndpoint  stm32f4xx_ll_usb.o
    0x08006aac   0x08006aac   0x0000001c   Code   RO         1041    i.USB_DevConnect    stm32f4xx_ll_usb.o
    0x08006ac8   0x08006ac8   0x0000001c   Code   RO         1042    i.USB_DevDisconnect  stm32f4xx_ll_usb.o
    0x08006ae4   0x08006ae4   0x0000017c   Code   RO         1043    i.USB_DevInit       stm32f4xx_ll_usb.o
    0x08006c60   0x08006c60   0x0000000c   Code   RO         1044    i.USB_DisableGlobalInt  stm32f4xx_ll_usb.o
    0x08006c6c   0x08006c6c   0x00000058   Code   RO         1047    i.USB_EP0_OutStart  stm32f4xx_ll_usb.o
    0x08006cc4   0x08006cc4   0x00000058   Code   RO         1048    i.USB_EPClearStall  stm32f4xx_ll_usb.o
    0x08006d1c   0x08006d1c   0x00000058   Code   RO         1049    i.USB_EPSetStall    stm32f4xx_ll_usb.o
    0x08006d74   0x08006d74   0x00000230   Code   RO         1050    i.USB_EPStartXfer   stm32f4xx_ll_usb.o
    0x08006fa4   0x08006fa4   0x0000009e   Code   RO         1051    i.USB_EPStopXfer    stm32f4xx_ll_usb.o
    0x08007042   0x08007042   0x0000000c   Code   RO         1052    i.USB_EnableGlobalInt  stm32f4xx_ll_usb.o
    0x0800704e   0x0800704e   0x00000038   Code   RO         1053    i.USB_FlushRxFifo   stm32f4xx_ll_usb.o
    0x08007086   0x08007086   0x0000003c   Code   RO         1054    i.USB_FlushTxFifo   stm32f4xx_ll_usb.o
    0x080070c2   0x080070c2   0x0000001a   Code   RO         1056    i.USB_GetDevSpeed   stm32f4xx_ll_usb.o
    0x080070dc   0x080070dc   0x00000008   Code   RO         1058    i.USB_GetMode       stm32f4xx_ll_usb.o
    0x080070e4   0x080070e4   0x0000000e   Code   RO         1066    i.USB_ReadDevAllInEpInterrupt  stm32f4xx_ll_usb.o
    0x080070f2   0x080070f2   0x0000000e   Code   RO         1067    i.USB_ReadDevAllOutEpInterrupt  stm32f4xx_ll_usb.o
    0x08007100   0x08007100   0x00000024   Code   RO         1068    i.USB_ReadDevInEPInterrupt  stm32f4xx_ll_usb.o
    0x08007124   0x08007124   0x00000010   Code   RO         1069    i.USB_ReadDevOutEPInterrupt  stm32f4xx_ll_usb.o
    0x08007134   0x08007134   0x00000008   Code   RO         1070    i.USB_ReadInterrupts  stm32f4xx_ll_usb.o
    0x0800713c   0x0800713c   0x0000003e   Code   RO         1071    i.USB_ReadPacket    stm32f4xx_ll_usb.o
    0x0800717a   0x0800717a   0x0000005c   Code   RO         1073    i.USB_SetCurrentMode  stm32f4xx_ll_usb.o
    0x080071d6   0x080071d6   0x00000022   Code   RO         1074    i.USB_SetDevAddress  stm32f4xx_ll_usb.o
    0x080071f8   0x080071f8   0x000000e8   Code   RO         1076    i.USB_SetTurnaroundTime  stm32f4xx_ll_usb.o
    0x080072e0   0x080072e0   0x00000028   Code   RO         1079    i.USB_WritePacket   stm32f4xx_ll_usb.o
    0x08007308   0x08007308   0x00000002   Code   RO          639    i.UsageFault_Handler  stm32f4xx_it.o
    0x0800730a   0x0800730a   0x00000030   Code   RO         7385    i.__ARM_fpclassify  m_wm.l(fpclassify.o)
    0x0800733a   0x0800733a   0x00000020   Code   RO         2094    i.__NVIC_SetPriority  stm32f4xx_hal_cortex.o
    0x0800735a   0x0800735a   0x00000006   PAD
    0x08007360   0x08007360   0x000002d8   Code   RO         7180    i.__hardfp_atan     m_wm.l(atan.o)
    0x08007638   0x08007638   0x000001f0   Code   RO         7194    i.__hardfp_atan2    m_wm.l(atan2.o)
    0x08007828   0x08007828   0x00000014   Code   RO         7206    i.__hardfp_fabs     m_wm.l(fabs.o)
    0x0800783c   0x0800783c   0x00000048   Code   RO         7236    i.__hardfp_fmaxf    m_wm.l(fmaxf.o)
    0x08007884   0x08007884   0x00000048   Code   RO         7240    i.__hardfp_fminf    m_wm.l(fminf.o)
    0x080078cc   0x080078cc   0x00000004   PAD
    0x080078d0   0x080078d0   0x00000378   Code   RO         7212    i.__hardfp_hypot    m_wm.l(hypot.o)
    0x08007c48   0x08007c48   0x000000f8   Code   RO         7387    i.__kernel_poly     m_wm.l(poly.o)
    0x08007d40   0x08007d40   0x00000014   Code   RO         7372    i.__mathlib_dbl_infnan  m_wm.l(dunder.o)
    0x08007d54   0x08007d54   0x00000014   Code   RO         7373    i.__mathlib_dbl_infnan2  m_wm.l(dunder.o)
    0x08007d68   0x08007d68   0x00000020   Code   RO         7375    i.__mathlib_dbl_overflow  m_wm.l(dunder.o)
    0x08007d88   0x08007d88   0x00000020   Code   RO         7377    i.__mathlib_dbl_underflow  m_wm.l(dunder.o)
    0x08007da8   0x08007da8   0x0000000e   Code   RO         7309    i._is_digit         c_w.l(__printf_wp.o)
    0x08007db6   0x08007db6   0x00000010   Code   RO         7182    i.atan              m_wm.l(atan.o)
    0x08007dc6   0x08007dc6   0x00000002   PAD
    0x08007dc8   0x08007dc8   0x000001dc   Code   RO         6028    i.ball_track_calc   ball_track.o
    0x08007fa4   0x08007fa4   0x00000044   Code   RO         6029    i.ball_track_pid_init  ball_track.o
    0x08007fe8   0x08007fe8   0x00000058   Code   RO         5397    i.can_filter_init   bsp_can_1.o
    0x08008040   0x08008040   0x00000038   Code   RO         5591    i.chassis_cmd_aotu  can_recv_1.o
    0x08008078   0x08008078   0x00000018   Code   RO         7208    i.fabs              m_wm.l(fabs.o)
    0x08008090   0x08008090   0x00000020   Code   RO         5957    i.float_constrain   top_ctrl.o
    0x080080b0   0x080080b0   0x00000044   Code   RO         5592    i.float_to_uint     can_recv_1.o
    0x080080f4   0x080080f4   0x00000008   Code   RO         5593    i.get_3508_M5_motor_measure_point  can_recv_1.o
    0x080080fc   0x080080fc   0x00000120   Code   RO         5958    i.hit_big_once      top_ctrl.o
    0x0800821c   0x0800821c   0x000001ec   Code   RO         5959    i.hit_once          top_ctrl.o
    0x08008408   0x08008408   0x00000370   Code   RO         5960    i.hit_start         top_ctrl.o
    0x08008778   0x08008778   0x00000138   Code   RO         5961    i.juggle_Mode       top_ctrl.o
    0x080088b0   0x080088b0   0x0000004a   Code   RO           15    i.main              main.o
    0x080088fa   0x080088fa   0x0000000c   Code   RO         4883    i.makeFreeRtosPriority  cmsis_os.o
    0x08008906   0x08008906   0x00000002   PAD
    0x08008908   0x08008908   0x000000a4   Code   RO         5722    i.motor_feedback_update  chassis.o
    0x080089ac   0x080089ac   0x000000dc   Code   RO         5723    i.motor_init        chassis.o
    0x08008a88   0x08008a88   0x0000000e   Code   RO         4885    i.osDelay           cmsis_os.o
    0x08008a96   0x08008a96   0x0000000a   Code   RO         4888    i.osKernelStart     cmsis_os.o
    0x08008aa0   0x08008aa0   0x00000054   Code   RO         4922    i.osThreadCreate    cmsis_os.o
    0x08008af4   0x08008af4   0x00000070   Code   RO         4559    i.prvAddCurrentTaskToDelayedList  tasks.o
    0x08008b64   0x08008b64   0x000000d0   Code   RO         4560    i.prvAddNewTaskToReadyList  tasks.o
    0x08008c34   0x08008c34   0x00000034   Code   RO         4561    i.prvDeleteTCB      tasks.o
    0x08008c68   0x08008c68   0x0000004c   Code   RO         5250    i.prvHeapInit       heap_4.o
    0x08008cb4   0x08008cb4   0x00000060   Code   RO         4562    i.prvIdleTask       tasks.o
    0x08008d14   0x08008d14   0x00000098   Code   RO         4563    i.prvInitialiseNewTask  tasks.o
    0x08008dac   0x08008dac   0x0000004c   Code   RO         5251    i.prvInsertBlockIntoFreeList  heap_4.o
    0x08008df8   0x08008df8   0x00000020   Code   RO         4564    i.prvResetNextTaskUnblockTime  tasks.o
    0x08008e18   0x08008e18   0x00000028   Code   RO         5318    i.prvTaskExitError  port.o
    0x08008e40   0x08008e40   0x000000dc   Code   RO         5252    i.pvPortMalloc      heap_4.o
    0x08008f1c   0x08008f1c   0x0000002c   Code   RO         5319    i.pxPortInitialiseStack  port.o
    0x08008f48   0x08008f48   0x00000010   Code   RO         5794    i.remote_control_init  remote_control.o
    0x08008f58   0x08008f58   0x0000015c   Code   RO         5795    i.sbus_to_rc        remote_control.o
    0x080090b4   0x080090b4   0x0000006e   Code   RO         7226    i.sqrt              m_wm.l(sqrt.o)
    0x08009122   0x08009122   0x00000042   Code   RO         5597    i.start_motor       can_recv_1.o
    0x08009164   0x08009164   0x00000174   Code   RO         5962    i.top_contorl_Task  top_ctrl.o
    0x080092d8   0x080092d8   0x00000038   Code   RO         5425    i.uart_dma_printf   bsp_usart.o
    0x08009310   0x08009310   0x00000028   Code   RO         5598    i.uint_to_float     can_recv_1.o
    0x08009338   0x08009338   0x00000026   Code   RO         4183    i.uxListRemove      list.o
    0x0800935e   0x0800935e   0x00000002   PAD
    0x08009360   0x08009360   0x00000014   Code   RO          292    i.vApplicationGetIdleTaskMemory  freertos.o
    0x08009374   0x08009374   0x00000016   Code   RO         4184    i.vListInitialise   list.o
    0x0800938a   0x0800938a   0x00000006   Code   RO         4185    i.vListInitialiseItem  list.o
    0x08009390   0x08009390   0x00000030   Code   RO         4186    i.vListInsert       list.o
    0x080093c0   0x080093c0   0x00000018   Code   RO         4187    i.vListInsertEnd    list.o
    0x080093d8   0x080093d8   0x00000040   Code   RO         5321    i.vPortEnterCritical  port.o
    0x08009418   0x08009418   0x00000028   Code   RO         5322    i.vPortExitCritical  port.o
    0x08009440   0x08009440   0x00000064   Code   RO         5253    i.vPortFree         heap_4.o
    0x080094a4   0x080094a4   0x00000024   Code   RO         5323    i.vPortSetupTimerInterrupt  port.o
    0x080094c8   0x080094c8   0x0000004c   Code   RO         4573    i.vTaskDelay        tasks.o
    0x08009514   0x08009514   0x0000006c   Code   RO         4587    i.vTaskStartScheduler  tasks.o
    0x08009580   0x08009580   0x00000010   Code   RO         4589    i.vTaskSuspendAll   tasks.o
    0x08009590   0x08009590   0x0000005c   Code   RO         4590    i.vTaskSwitchContext  tasks.o
    0x080095ec   0x080095ec   0x000000f4   Code   RO         5325    i.xPortStartScheduler  port.o
    0x080096e0   0x080096e0   0x0000002c   Code   RO         5326    i.xPortSysTickHandler  port.o
    0x0800970c   0x0800970c   0x0000005a   Code   RO         4593    i.xTaskCreate       tasks.o
    0x08009766   0x08009766   0x00000056   Code   RO         4594    i.xTaskCreateStatic  tasks.o
    0x080097bc   0x080097bc   0x0000001c   Code   RO         4598    i.xTaskGetSchedulerState  tasks.o
    0x080097d8   0x080097d8   0x000000cc   Code   RO         4601    i.xTaskIncrementTick  tasks.o
    0x080098a4   0x080098a4   0x000000c4   Code   RO         4607    i.xTaskResumeAll    tasks.o
    0x08009968   0x08009968   0x0000002c   Code   RO         7472    locale$$code        c_w.l(lc_numeric_c.o)
    0x08009994   0x08009994   0x0000002c   Code   RO         7493    locale$$code        c_w.l(lc_ctype_c.o)
    0x080099c0   0x080099c0   0x00000018   Code   RO         7154    x$fpl$basic         fz_wm.l(basic.o)
    0x080099d8   0x080099d8   0x00000062   Code   RO         7156    x$fpl$d2f           fz_wm.l(d2f.o)
    0x08009a3a   0x08009a3a   0x00000002   PAD
    0x08009a3c   0x08009a3c   0x00000150   Code   RO         7158    x$fpl$dadd          fz_wm.l(daddsub_clz.o)
    0x08009b8c   0x08009b8c   0x00000018   Code   RO         7344    x$fpl$dcmpinf       fz_wm.l(dcmpi.o)
    0x08009ba4   0x08009ba4   0x000002b0   Code   RO         7165    x$fpl$ddiv          fz_wm.l(ddiv.o)
    0x08009e54   0x08009e54   0x0000002e   Code   RO         7169    x$fpl$dflt          fz_wm.l(dflt_clz.o)
    0x08009e82   0x08009e82   0x00000002   PAD
    0x08009e84   0x08009e84   0x00000078   Code   RO         7174    x$fpl$dleqf         fz_wm.l(dleqf.o)
    0x08009efc   0x08009efc   0x00000154   Code   RO         7176    x$fpl$dmul          fz_wm.l(dmul.o)
    0x0800a050   0x0800a050   0x0000009c   Code   RO         7346    x$fpl$dnaninf       fz_wm.l(dnaninf.o)
    0x0800a0ec   0x0800a0ec   0x0000000c   Code   RO         7348    x$fpl$dretinf       fz_wm.l(dretinf.o)
    0x0800a0f8   0x0800a0f8   0x0000006c   Code   RO         7350    x$fpl$drleqf        fz_wm.l(drleqf.o)
    0x0800a164   0x0800a164   0x00000016   Code   RO         7159    x$fpl$drsb          fz_wm.l(daddsub_clz.o)
    0x0800a17a   0x0800a17a   0x00000002   PAD
    0x0800a17c   0x0800a17c   0x00000198   Code   RO         7352    x$fpl$dsqrt         fz_wm.l(dsqrt_umaal.o)
    0x0800a314   0x0800a314   0x000001d4   Code   RO         7160    x$fpl$dsub          fz_wm.l(daddsub_clz.o)
    0x0800a4e8   0x0800a4e8   0x00000056   Code   RO         7178    x$fpl$f2d           fz_wm.l(f2d.o)
    0x0800a53e   0x0800a53e   0x00000002   PAD
    0x0800a540   0x0800a540   0x00000052   Code   RO         7354    x$fpl$fcmp4         fz_wm.l(fcmp4.o)
    0x0800a592   0x0800a592   0x00000018   Code   RO         7430    x$fpl$fcmpinf       fz_wm.l(fcmpi.o)
    0x0800a5aa   0x0800a5aa   0x0000008c   Code   RO         7358    x$fpl$fnaninf       fz_wm.l(fnaninf.o)
    0x0800a636   0x0800a636   0x0000000a   Code   RO         7561    x$fpl$fpinit        fz_wm.l(fpinit.o)
    0x0800a640   0x0800a640   0x0000000a   Code   RO         7360    x$fpl$fretinf       fz_wm.l(fretinf.o)
    0x0800a64a   0x0800a64a   0x00000004   Code   RO         7362    x$fpl$printf1       fz_wm.l(printf1.o)
    0x0800a64e   0x0800a64e   0x00000004   Code   RO         7364    x$fpl$printf2       fz_wm.l(printf2.o)
    0x0800a652   0x0800a652   0x00000000   Code   RO         7370    x$fpl$usenofp       fz_wm.l(usenofp.o)
    0x0800a652   0x0800a652   0x00000002   PAD
    0x0800a654   0x0800a654   0x00000054   Data   RO          294    .constdata          freertos.o
    0x0800a6a8   0x0800a6a8   0x00000008   Data   RO         1810    .constdata          stm32f4xx_hal_dma.o
    0x0800a6b0   0x0800a6b0   0x00000010   Data   RO         4046    .constdata          system_stm32f4xx.o
    0x0800a6c0   0x0800a6c0   0x00000008   Data   RO         4047    .constdata          system_stm32f4xx.o
    0x0800a6c8   0x0800a6c8   0x0000000c   Data   RO         5725    .constdata          chassis.o
    0x0800a6d4   0x0800a6d4   0x00000004   PAD
    0x0800a6d8   0x0800a6d8   0x00000098   Data   RO         7183    .constdata          m_wm.l(atan.o)
    0x0800a770   0x0800a770   0x00000008   Data   RO         7268    .constdata          c_w.l(_printf_wctomb.o)
    0x0800a778   0x0800a778   0x00000028   Data   RO         7297    .constdata          c_w.l(_printf_hex_int_ll_ptr.o)
    0x0800a7a0   0x0800a7a0   0x00000011   Data   RO         7317    .constdata          c_w.l(__printf_flags_ss_wp.o)
    0x0800a7b1   0x0800a7b1   0x00000007   PAD
    0x0800a7b8   0x0800a7b8   0x00000008   Data   RO         7389    .constdata          m_wm.l(qnan.o)
    0x0800a7c0   0x0800a7c0   0x00000026   Data   RO         7419    .constdata          c_w.l(_printf_fp_hex.o)
    0x0800a7e6   0x0800a7e6   0x00000002   PAD
    0x0800a7e8   0x0800a7e8   0x00000094   Data   RO         7447    .constdata          c_w.l(bigflt0.o)
    0x0800a87c   0x0800a87c   0x00000020   Data   RO          295    .conststring        freertos.o
    0x0800a89c   0x0800a89c   0x00000020   Data   RO         7617    Region$$Table       anon$$obj.o
    0x0800a8bc   0x0800a8bc   0x0000001c   Data   RO         7471    locale$$data        c_w.l(lc_numeric_c.o)
    0x0800a8d8   0x0800a8d8   0x00000110   Data   RO         7492    locale$$data        c_w.l(lc_ctype_c.o)


    Execution Region RW_IRAM1 (Exec base: 0x20000000, Load base: 0x0800a9e8, Size: 0x00008e18, Max: 0x0001c000, ABSOLUTE, COMPRESSED[0x000000c0])

    Exec Addr    Load Addr    Size         Type   Attr      Idx    E Section Name        Object

    0x20000000   COMPRESSED   0x0000000c   Data   RW          296    .data               freertos.o
    0x2000000c   COMPRESSED   0x00000004   Data   RW          358    .data               can.o
    0x20000010   COMPRESSED   0x0000000c   Data   RW         2243    .data               stm32f4xx_hal.o
    0x2000001c   COMPRESSED   0x00000004   Data   RW         4048    .data               system_stm32f4xx.o
    0x20000020   COMPRESSED   0x0000003c   Data   RW         4610    .data               tasks.o
    0x2000005c   COMPRESSED   0x00000020   Data   RW         5259    .data               heap_4.o
    0x2000007c   COMPRESSED   0x0000000c   Data   RW         5327    .data               port.o
    0x20000088   COMPRESSED   0x0000000c   Data   RW         5430    .data               bsp_usart.o
    0x20000094   COMPRESSED   0x00000009   Data   RW         5600    .data               can_recv_1.o
    0x2000009d   COMPRESSED   0x00000001   PAD
    0x2000009e   COMPRESSED   0x00000002   Data   RW         5797    .data               remote_control.o
    0x200000a0   COMPRESSED   0x00000004   Data   RW         5966    .data               top_ctrl.o
    0x200000a4   COMPRESSED   0x0000001c   Data   RW         6396    .data               usbd_desc.o
    0x200000c0   COMPRESSED   0x00000032   Data   RW         6397    .data               usbd_desc.o
    0x200000f2   COMPRESSED   0x00000002   PAD
    0x200000f4   COMPRESSED   0x00000014   Data   RW         6481    .data               usbd_cdc_if.o
    0x20000108   COMPRESSED   0x00000001   Data   RW         6909    .data               usbd_ctlreq.o
    0x20000109   COMPRESSED   0x00000003   PAD
    0x2000010c   COMPRESSED   0x00000053   Data   RW         7048    .data               usbd_cdc.o
    0x2000015f   COMPRESSED   0x00000001   PAD
    0x20000160   COMPRESSED   0x00000038   Data   RW         7049    .data               usbd_cdc.o
    0x20000198        -       0x00000254   Zero   RW          293    .bss                freertos.o
    0x200003ec        -       0x00000050   Zero   RW          357    .bss                can.o
    0x2000043c        -       0x00000048   Zero   RW          535    .bss                tim.o
    0x20000484        -       0x00000150   Zero   RW          583    .bss                usart.o
    0x200005d4        -       0x000000f0   Zero   RW         4609    .bss                tasks.o
    0x200006c4        -       0x00003c00   Zero   RW         5258    .bss                heap_4.o
    0x200042c4        -       0x00000180   Zero   RW         5429    .bss                bsp_usart.o
    0x20004444   COMPRESSED   0x00000004   PAD
    0x20004448        -       0x00000224   Zero   RW         5599    .bss                can_recv_1.o
    0x2000466c        -       0x00000790   Zero   RW         5724    .bss                chassis.o
    0x20004dfc        -       0x0000005e   Zero   RW         5796    .bss                remote_control.o
    0x20004e5a   COMPRESSED   0x00000006   PAD
    0x20004e60        -       0x000000dc   Zero   RW         5963    .bss                top_ctrl.o
    0x20004f3c        -       0x0000009c   Zero   RW         6032    .bss                ball_track.o
    0x20004fd8        -       0x000002dc   Zero   RW         6340    .bss                usb_device.o
    0x200052b4        -       0x00000400   Zero   RW         6395    .bss                usbd_desc.o
    0x200056b4        -       0x00001000   Zero   RW         6479    .bss                usbd_cdc_if.o
    0x200066b4        -       0x00000704   Zero   RW         6565    .bss                usbd_conf.o
    0x20006db8        -       0x00000060   Zero   RW         7433    .bss                c_w.l(libspace.o)
    0x20006e18        -       0x00001000   Zero   RW            2    HEAP                startup_stm32f407xx.o
    0x20007e18        -       0x00001000   Zero   RW            1    STACK               startup_stm32f407xx.o


    Execution Region RW_IRAM2 (Exec base: 0x2001c000, Load base: 0x0800aaa8, Size: 0x00000000, Max: 0x00004000, ABSOLUTE)

    **** No section assigned to this execution region ****


==============================================================================

Image component sizes


      Code (inc. data)   RO Data    RW Data    ZI Data      Debug   Object Name

       544         74          0          0        156       1813   ball_track.o
        88          8          0          0          0        594   bsp_can_1.o
        96         12          0          0          0       1038   bsp_rc.o
        56          8          0         12        384     585126   bsp_usart.o
       380         44          0          4         80       2598   can.o
      1368         60          0          9        548      16759   can_recv_1.o
       384         38         12          0       1936       3767   chassis.o
       120          0          0          0          0      23377   cmsis_os.o
       108         30          0          0          0        630   date_exchange.o
        76          4          0          0          0     706274   dma.o
         0          0          0          0          0      16868   event_groups.o
       116         14        116         12        596       2775   freertos.o
       152          8          0          0          0       1035   gpio.o
       472         24          0         32      15360       7551   heap_4.o
       138          0          0          0          0       3662   list.o
       226          8          0          0          0     719260   main.o
       452         14          0          0          0       3934   pid.o
       702         72          0         12          0      11220   port.o
       544         38          0          2         94     583073   remote_control.o
        64         26        392          0       8192        864   startup_stm32f407xx.o
       180         28          0         12          0       9569   stm32f4xx_hal.o
      1638          6          0          0          0      14707   stm32f4xx_hal_can.o
       198         14          0          0          0      33943   stm32f4xx_hal_cortex.o
      1084         16          8          0          0       7526   stm32f4xx_hal_dma.o
       506         46          0          0          0       2252   stm32f4xx_hal_gpio.o
        56          4          0          0          0        906   stm32f4xx_hal_msp.o
      2572         12          0          0          0      13848   stm32f4xx_hal_pcd.o
        78          0          0          0          0       2481   stm32f4xx_hal_pcd_ex.o
      1360         82          0          0          0       5860   stm32f4xx_hal_rcc.o
       898         82          0          0          0       7118   stm32f4xx_hal_tim.o
       144         28          0          0          0       1416   stm32f4xx_hal_tim_ex.o
      1588         30          0          0          0      12554   stm32f4xx_hal_uart.o
       108         36          0          0          0       6415   stm32f4xx_it.o
      2692        116          0          0          0      23840   stm32f4xx_ll_usb.o
         0          0          0          0          0        384   stream_buffer.o
        16          4         24          4          0       1187   system_stm32f4xx.o
      1548        118          0         60        240      20487   tasks.o
       236         34          0          0         72       2395   tim.o
      2704        364          0          4        220       6753   top_ctrl.o
       480         60          0          0        336       2753   usart.o
        84         18          0          0        732       2683   usb_device.o
      1198         32          0        139          0      13931   usbd_cdc.o
       100         22          0         20       4096       3585   usbd_cdc_if.o
       642         24          0          0       1796      17380   usbd_conf.o
       924          0          0          0          0      15903   usbd_core.o
      1328         28          0          1          0      15108   usbd_ctlreq.o
       288        104          0         78       1024       6385   usbd_desc.o
       132          0          0          0          0       4668   usbd_ioreq.o

    ----------------------------------------------------------------------
     28916       1790        588        408      35872    2948255   Object Totals
         0          0         32          0          0          0   (incl. Generated)
        48          0          4          7         10          0   (incl. Padding)

    ----------------------------------------------------------------------

      Code (inc. data)   RO Data    RW Data    ZI Data      Debug   Library Member Name

        90          0          0          0          0          0   __dczerorl2.o
         8          0          0          0          0         68   __main.o
       392          4         17          0          0         92   __printf_flags_ss_wp.o
        14          0          0          0          0         68   __printf_wp.o
         0          0          0          0          0          0   __rtentry.o
        12          0          0          0          0          0   __rtentry2.o
         6          0          0          0          0          0   __rtentry4.o
        52          8          0          0          0          0   __scatter.o
        28          0          0          0          0          0   __scatter_zi.o
         6          0          0          0          0          0   _printf_a.o
         6          0          0          0          0          0   _printf_c.o
        44          0          0          0          0        108   _printf_char.o
        48          6          0          0          0         96   _printf_char_common.o
        40          0          0          0          0         68   _printf_charcount.o
         6          0          0          0          0          0   _printf_d.o
       120         16          0          0          0         92   _printf_dec.o
         6          0          0          0          0          0   _printf_e.o
         6          0          0          0          0          0   _printf_f.o
      1054          0          0          0          0        216   _printf_fp_dec.o
       764          8         38          0          0        100   _printf_fp_hex.o
       128         16          0          0          0         84   _printf_fp_infnan.o
         6          0          0          0          0          0   _printf_g.o
       148          4         40          0          0        160   _printf_hex_int_ll_ptr.o
         6          0          0          0          0          0   _printf_i.o
       178          0          0          0          0         88   _printf_intcommon.o
        10          0          0          0          0          0   _printf_l.o
         6          0          0          0          0          0   _printf_lc.o
        10          0          0          0          0          0   _printf_ll.o
         6          0          0          0          0          0   _printf_lld.o
         6          0          0          0          0          0   _printf_lli.o
         6          0          0          0          0          0   _printf_llo.o
         6          0          0          0          0          0   _printf_llu.o
         6          0          0          0          0          0   _printf_llx.o
       124         16          0          0          0         92   _printf_longlong_dec.o
         6          0          0          0          0          0   _printf_ls.o
         6          0          0          0          0          0   _printf_n.o
         6          0          0          0          0          0   _printf_o.o
       112         10          0          0          0        124   _printf_oct_int_ll.o
         6          0          0          0          0          0   _printf_p.o
        78          0          0          0          0        108   _printf_pad.o
         0          0          0          0          0          0   _printf_percent.o
         4          0          0          0          0          0   _printf_percent_end.o
         6          0          0          0          0          0   _printf_s.o
        82          0          0          0          0         80   _printf_str.o
        36          0          0          0          0         84   _printf_truncate.o
         6          0          0          0          0          0   _printf_u.o
        44          0          0          0          0        108   _printf_wchar.o
       188          6          8          0          0         92   _printf_wctomb.o
         6          0          0          0          0          0   _printf_x.o
        22          0          0          0          0        100   _rserrno.o
        10          0          0          0          0         68   _sputc.o
        64          0          0          0          0         92   _wcrtomb.o
       228          4        148          0          0         96   bigflt0.o
      1936        128          0          0          0        672   btod.o
        18          0          0          0          0         80   exit.o
         6          0          0          0          0        152   heapauxi.o
         0          0          0          0          0          0   indicate_semi.o
        44         10        272          0          0         76   lc_ctype_c.o
        44         10         28          0          0         76   lc_numeric_c.o
         2          0          0          0          0          0   libinit.o
        34          0          0          0          0          0   libinit2.o
         2          0          0          0          0          0   libshutdown.o
         2          0          0          0          0          0   libshutdown2.o
         8          4          0          0         96         68   libspace.o
       138          0          0          0          0         80   lludiv10.o
       238          0          0          0          0        100   lludivv7m.o
        16          4          0          0          0         76   rt_ctype_table.o
         8          4          0          0          0         68   rt_errno_addr_intlibspace.o
         8          4          0          0          0         68   rt_locale_intlibspace.o
        78          0          0          0          0         80   rt_memclr_w.o
       100          0          0          0          0         80   rt_memcpy_w.o
         2          0          0          0          0          0   rtexit.o
        10          0          0          0          0          0   rtexit2.o
       128          0          0          0          0         68   strcmpv7m.o
        12          4          0          0          0         68   sys_exit.o
        74          0          0          0          0         80   sys_stackheap_outer.o
         2          0          0          0          0         68   use_no_semi.o
        36          4          0          0          0         76   vsprintf.o
        24          0          0          0          0        164   basic.o
        98          4          0          0          0        140   d2f.o
       826         16          0          0          0        492   daddsub_clz.o
        24          0          0          0          0        116   dcmpi.o
       688        140          0          0          0        256   ddiv.o
        46          0          0          0          0        116   dflt_clz.o
       120          4          0          0          0        140   dleqf.o
       340         12          0          0          0        152   dmul.o
       156          4          0          0          0        140   dnaninf.o
        12          0          0          0          0        116   dretinf.o
       108          0          0          0          0        128   drleqf.o
       408         56          0          0          0        168   dsqrt_umaal.o
        86          4          0          0          0        132   f2d.o
        82          4          0          0          0        160   fcmp4.o
        24          0          0          0          0        116   fcmpi.o
       140          4          0          0          0        132   fnaninf.o
        10          0          0          0          0        116   fpinit.o
        10          0          0          0          0        116   fretinf.o
         4          0          0          0          0        116   printf1.o
         4          0          0          0          0        116   printf2.o
         0          0          0          0          0          0   usenofp.o
       744        106        152          0          0        352   atan.o
       496         64          0          0          0        192   atan2.o
       104         16          0          0          0        496   dunder.o
        44          0          0          0          0        248   fabs.o
        72          0          0          0          0        148   fmaxf.o
        72          0          0          0          0        148   fminf.o
        48          0          0          0          0        124   fpclassify.o
       888         42          0          0          0        192   hypot.o
       248          0          0          0          0        152   poly.o
         0          0          8          0          0          0   qnan.o
       110          0          0          0          0        148   sqrt.o

    ----------------------------------------------------------------------
     13272        746        720          0         96       9652   Library Totals
        32          0          9          0          0          0   (incl. Padding)

    ----------------------------------------------------------------------

      Code (inc. data)   RO Data    RW Data    ZI Data      Debug   Library Name

      7204        270        551          0         96       4320   c_w.l
      3210        248          0          0          0       3132   fz_wm.l
      2826        228        160          0          0       2200   m_wm.l

    ----------------------------------------------------------------------
     13272        746        720          0         96       9652   Library Totals

    ----------------------------------------------------------------------

==============================================================================


      Code (inc. data)   RO Data    RW Data    ZI Data      Debug   

     42188       2536       1308        408      35968    2922867   Grand Totals
     42188       2536       1308        192      35968    2922867   ELF Image Totals (compressed)
     42188       2536       1308        192          0          0   ROM Totals

==============================================================================

    Total RO  Size (Code + RO Data)                43496 (  42.48kB)
    Total RW  Size (RW Data + ZI Data)             36376 (  35.52kB)
    Total ROM Size (Code + RO Data + RW Data)      43688 (  42.66kB)

==============================================================================

