<html>
<body>
<pre>
<h1>µVision Build Log</h1>
<h2>Tool Versions:</h2>
IDE-Version: ¦ÌVision V5.36.0.0
Copyright (C) 2021 ARM Ltd and ARM Germany GmbH. All rights reserved.
License Information: 1 1, 1, LIC=PE7DL-0AMTX-BSJYX-HD883-J0CQ9-LWNGN
 
Tool Versions:
Toolchain:       MDK-ARM Plus  Version: 5.36.0.0
Toolchain Path:  D:\Program Files\keil_v5\ARM\ARMCC\Bin
C Compiler:      Armcc.exe V5.06 update 7 (build 960)
Assembler:       Armasm.exe V5.06 update 7 (build 960)
Linker/Locator:  ArmLink.exe V5.06 update 7 (build 960)
Library Manager: ArmAr.exe V5.06 update 7 (build 960)
Hex Converter:   FromElf.exe V5.06 update 7 (build 960)
CPU DLL:         SARMCM3.DLL V5.36.0.0
Dialog DLL:      DCM.DLL V1.17.3.0
Target DLL:      CMSIS_AGDI.dll V1.33.0.0
Dialog DLL:      TCM.DLL V1.53.0.0
 
<h2>Project:</h2>
D:\Chromedownload\RC_VolletBall_V0.2-main\RC_VolletBall_V0.2-main\v_ball_chassis\MDK-ARM\v_ball.uvprojx
Project File Date:  07/08/2024

<h2>Output:</h2>
*** Using Compiler 'V5.06 update 7 (build 960)', folder: 'D:\Program Files\keil_v5\ARM\ARMCC\Bin'
Build target 'v_ball'
compiling can_recv.c...
compiling chassis.c...
..\applications\chassis.c(257): warning:  #177-D: variable "flag"  was declared but never referenced
      int flag = 1;
..\applications\chassis.c(409): warning:  #1-D: last line of file ends without a newline
  }
..\applications\chassis.c: 2 warnings, 0 errors
compiling remote_control.c...
linking...
Program Size: Code=23092 RO-data=764 RW-data=172 ZI-data=19772  
FromELF: creating hex file...
"v_ball\v_ball.axf" - 0 Error(s), 2 Warning(s).

<h2>Software Packages used:</h2>

Package Vendor: ARM
                http://www.keil.com/pack/ARM.CMSIS.5.8.0.pack
                ARM.CMSIS.5.8.0
                CMSIS (Common Microcontroller Software Interface Standard)
   * Component: CORE Version: 5.5.0

Package Vendor: Keil
                http://www.keil.com/pack/Keil.STM32F4xx_DFP.2.15.0.pack
                Keil.STM32F4xx_DFP.2.15.0
                STMicroelectronics STM32F4 Series Device Support, Drivers and Examples

<h2>Collection of Component include folders:</h2>
  .\RTE\_v_ball
  D:\Program Files\keil_v5\ARM\CMSIS\5.8.0\CMSIS\Core\Include
  D:\Program Files\keil_v5\Keil\STM32F4xx_DFP\2.15.0\Drivers\CMSIS\Device\ST\STM32F4xx\Include

<h2>Collection of Component Files used:</h2>

   * Component: ARM::CMSIS:CORE:5.5.0
      Include file:  CMSIS\Core\Include\tz_context.h
Build Time Elapsed:  00:00:12
</pre>
</body>
</html>
