Component: ARM Compiler 5.06 update 5 (build 528) Tool: armlink [4d35e2]

==============================================================================

Section Cross References

    startup_stm32f407xx.o(STACK) refers (Special) to heapauxi.o(.text) for __use_two_region_memory
    startup_stm32f407xx.o(HEAP) refers (Special) to heapauxi.o(.text) for __use_two_region_memory
    startup_stm32f407xx.o(RESET) refers (Special) to heapauxi.o(.text) for __use_two_region_memory
    startup_stm32f407xx.o(RESET) refers to startup_stm32f407xx.o(STACK) for __initial_sp
    startup_stm32f407xx.o(RESET) refers to startup_stm32f407xx.o(.text) for Reset_Handler
    startup_stm32f407xx.o(RESET) refers to stm32f4xx_it.o(i.NMI_Handler) for NMI_Handler
    startup_stm32f407xx.o(RESET) refers to stm32f4xx_it.o(i.HardFault_Handler) for HardFault_Handler
    startup_stm32f407xx.o(RESET) refers to stm32f4xx_it.o(i.MemManage_Handler) for MemManage_Handler
    startup_stm32f407xx.o(RESET) refers to stm32f4xx_it.o(i.BusFault_Handler) for BusFault_Handler
    startup_stm32f407xx.o(RESET) refers to stm32f4xx_it.o(i.UsageFault_Handler) for UsageFault_Handler
    startup_stm32f407xx.o(RESET) refers to port.o(.emb_text) for SVC_Handler
    startup_stm32f407xx.o(RESET) refers to stm32f4xx_it.o(i.DebugMon_Handler) for DebugMon_Handler
    startup_stm32f407xx.o(RESET) refers to stm32f4xx_it.o(i.SysTick_Handler) for SysTick_Handler
    startup_stm32f407xx.o(RESET) refers to stm32f4xx_it.o(i.EXTI0_IRQHandler) for EXTI0_IRQHandler
    startup_stm32f407xx.o(RESET) refers to stm32f4xx_it.o(i.EXTI3_IRQHandler) for EXTI3_IRQHandler
    startup_stm32f407xx.o(RESET) refers to stm32f4xx_it.o(i.EXTI4_IRQHandler) for EXTI4_IRQHandler
    startup_stm32f407xx.o(RESET) refers to stm32f4xx_it.o(i.DMA1_Stream1_IRQHandler) for DMA1_Stream1_IRQHandler
    startup_stm32f407xx.o(RESET) refers to stm32f4xx_it.o(i.CAN1_RX0_IRQHandler) for CAN1_RX0_IRQHandler
    startup_stm32f407xx.o(RESET) refers to stm32f4xx_it.o(i.EXTI9_5_IRQHandler) for EXTI9_5_IRQHandler
    startup_stm32f407xx.o(RESET) refers to stm32f4xx_it.o(i.USART1_IRQHandler) for USART1_IRQHandler
    startup_stm32f407xx.o(RESET) refers to remote_control.o(i.USART3_IRQHandler) for USART3_IRQHandler
    startup_stm32f407xx.o(RESET) refers to stm32f4xx_it.o(i.CAN2_RX0_IRQHandler) for CAN2_RX0_IRQHandler
    startup_stm32f407xx.o(RESET) refers to stm32f4xx_it.o(i.DMA2_Stream7_IRQHandler) for DMA2_Stream7_IRQHandler
    startup_stm32f407xx.o(.text) refers (Special) to heapauxi.o(.text) for __use_two_region_memory
    startup_stm32f407xx.o(.text) refers to system_stm32f4xx.o(i.SystemInit) for SystemInit
    startup_stm32f407xx.o(.text) refers to __main.o(!!!main) for __main
    startup_stm32f407xx.o(.text) refers to startup_stm32f407xx.o(HEAP) for Heap_Mem
    startup_stm32f407xx.o(.text) refers to startup_stm32f407xx.o(STACK) for Stack_Mem
    main.o(i.SystemClock_Config) refers to rt_memclr_w.o(.text) for __aeabi_memclr4
    main.o(i.SystemClock_Config) refers to stm32f4xx_hal_rcc.o(i.HAL_RCC_OscConfig) for HAL_RCC_OscConfig
    main.o(i.SystemClock_Config) refers to stm32f4xx_hal_rcc.o(i.HAL_RCC_ClockConfig) for HAL_RCC_ClockConfig
    main.o(i.main) refers to stm32f4xx_hal.o(i.HAL_Init) for HAL_Init
    main.o(i.main) refers to main.o(i.SystemClock_Config) for SystemClock_Config
    main.o(i.main) refers to gpio.o(i.MX_GPIO_Init) for MX_GPIO_Init
    main.o(i.main) refers to dma.o(i.MX_DMA_Init) for MX_DMA_Init
    main.o(i.main) refers to can.o(i.MX_CAN1_Init) for MX_CAN1_Init
    main.o(i.main) refers to can.o(i.MX_CAN2_Init) for MX_CAN2_Init
    main.o(i.main) refers to tim.o(i.MX_TIM4_Init) for MX_TIM4_Init
    main.o(i.main) refers to usart.o(i.MX_USART3_UART_Init) for MX_USART3_UART_Init
    main.o(i.main) refers to usart.o(i.MX_USART1_UART_Init) for MX_USART1_UART_Init
    main.o(i.main) refers to spi.o(i.MX_SPI1_Init) for MX_SPI1_Init
    main.o(i.main) refers to tim.o(i.MX_TIM10_Init) for MX_TIM10_Init
    main.o(i.main) refers to i2c.o(i.MX_I2C3_Init) for MX_I2C3_Init
    main.o(i.main) refers to bsp_can_1.o(i.can_filter_init) for can_filter_init
    main.o(i.main) refers to remote_control.o(i.remote_control_init) for remote_control_init
    main.o(i.main) refers to freertos.o(i.MX_FREERTOS_Init) for MX_FREERTOS_Init
    main.o(i.main) refers to cmsis_os.o(i.osKernelStart) for osKernelStart
    gpio.o(i.MX_GPIO_Init) refers to rt_memclr_w.o(.text) for __aeabi_memclr4
    gpio.o(i.MX_GPIO_Init) refers to stm32f4xx_hal_gpio.o(i.HAL_GPIO_WritePin) for HAL_GPIO_WritePin
    gpio.o(i.MX_GPIO_Init) refers to stm32f4xx_hal_gpio.o(i.HAL_GPIO_Init) for HAL_GPIO_Init
    gpio.o(i.MX_GPIO_Init) refers to stm32f4xx_hal_cortex.o(i.HAL_NVIC_SetPriority) for HAL_NVIC_SetPriority
    gpio.o(i.MX_GPIO_Init) refers to stm32f4xx_hal_cortex.o(i.HAL_NVIC_EnableIRQ) for HAL_NVIC_EnableIRQ
    freertos.o(i.DateExchange_Task) refers to cmsis_os.o(i.osDelay) for osDelay
[...]
    M3508_speed_pid                          0x08005e5c   Data          12  chassis.o(.constdata)
    .constdata                               0x08005e68   Section      152  atan.o(.constdata)
    atanhi                                   0x08005e68   Data          32  atan.o(.constdata)
    atanlo                                   0x08005e88   Data          32  atan.o(.constdata)
    aTodd                                    0x08005ea8   Data          40  atan.o(.constdata)
    aTeven                                   0x08005ed0   Data          48  atan.o(.constdata)
    .constdata                               0x08005f00   Section        8  qnan.o(.constdata)
    .conststring                             0x08005f08   Section       40  freertos.o(.conststring)
    .data                                    0x20000000   Section       12  freertos.o(.data)
    .data                                    0x2000000c   Section        4  can.o(.data)
    HAL_RCC_CAN1_CLK_ENABLED                 0x2000000c   Data           4  can.o(.data)
    .data                                    0x20000010   Section       12  stm32f4xx_hal.o(.data)
    .data                                    0x2000001c   Section        4  system_stm32f4xx.o(.data)
    .data                                    0x20000020   Section       60  tasks.o(.data)
    uxDeletedTasksWaitingCleanUp             0x20000024   Data           4  tasks.o(.data)
    uxCurrentNumberOfTasks                   0x20000028   Data           4  tasks.o(.data)
    xTickCount                               0x2000002c   Data           4  tasks.o(.data)
    uxTopReadyPriority                       0x20000030   Data           4  tasks.o(.data)
    xSchedulerRunning                        0x20000034   Data           4  tasks.o(.data)
    xPendedTicks                             0x20000038   Data           4  tasks.o(.data)
    xYieldPending                            0x2000003c   Data           4  tasks.o(.data)
    xNumOfOverflows                          0x20000040   Data           4  tasks.o(.data)
    uxTaskNumber                             0x20000044   Data           4  tasks.o(.data)
    xNextTaskUnblockTime                     0x20000048   Data           4  tasks.o(.data)
    xIdleTaskHandle                          0x2000004c   Data           4  tasks.o(.data)
    uxSchedulerSuspended                     0x20000050   Data           4  tasks.o(.data)
    pxDelayedTaskList                        0x20000054   Data           4  tasks.o(.data)
    pxOverflowDelayedTaskList                0x20000058   Data           4  tasks.o(.data)
    .data                                    0x2000005c   Section       32  heap_4.o(.data)
    pxEnd                                    0x2000005c   Data           4  heap_4.o(.data)
    xFreeBytesRemaining                      0x20000060   Data           4  heap_4.o(.data)
    xMinimumEverFreeBytesRemaining           0x20000064   Data           4  heap_4.o(.data)
    xNumberOfSuccessfulAllocations           0x20000068   Data           4  heap_4.o(.data)
    xNumberOfSuccessfulFrees                 0x2000006c   Data           4  heap_4.o(.data)
    xBlockAllocatedBit                       0x20000070   Data           4  heap_4.o(.data)
    xStart                                   0x20000074   Data           8  heap_4.o(.data)
    .data                                    0x2000007c   Section       12  port.o(.data)
    ucMaxSysCallPriority                     0x2000007c   Data           1  port.o(.data)
    uxCriticalNesting                        0x20000080   Data           4  port.o(.data)
    ulMaxPRIGROUPValue                       0x20000084   Data           4  port.o(.data)
    .data                                    0x20000088   Section       34  can_recv_1.o(.data)
    i                                        0x20000088   Data           1  can_recv_1.o(.data)
    i                                        0x20000089   Data           1  can_recv_1.o(.data)
    can_6020_send_data                       0x2000008a   Data           8  can_recv_1.o(.data)
    can_3508_send_data                       0x20000092   Data           8  can_recv_1.o(.data)
    DT7_ch_send_data                         0x2000009a   Data           8  can_recv_1.o(.data)
    DT7_s_send_data                          0x200000a2   Data           8  can_recv_1.o(.data)
    .data                                    0x200000aa   Section        2  remote_control.o(.data)
    this_time_rx_len                         0x200000aa   Data           2  remote_control.o(.data)
    .bss                                     0x200000ac   Section      596  freertos.o(.bss)
    xIdleTaskTCBBuffer                       0x200000ac   Data          84  freertos.o(.bss)
    xIdleStack                               0x20000100   Data         512  freertos.o(.bss)
    .bss                                     0x20000300   Section       80  can.o(.bss)
    .bss                                     0x20000350   Section       84  i2c.o(.bss)
    .bss                                     0x200003a4   Section      280  spi.o(.bss)
    .bss                                     0x200004bc   Section      144  tim.o(.bss)
    .bss                                     0x2000054c   Section      336  usart.o(.bss)
    .bss                                     0x2000069c   Section      240  tasks.o(.bss)
    pxReadyTasksLists                        0x2000069c   Data         140  tasks.o(.bss)
    xDelayedTaskList1                        0x20000728   Data          20  tasks.o(.bss)
    xDelayedTaskList2                        0x2000073c   Data          20  tasks.o(.bss)
    xPendingReadyList                        0x20000750   Data          20  tasks.o(.bss)
    xTasksWaitingTermination                 0x20000764   Data          20  tasks.o(.bss)
    xSuspendedTaskList                       0x20000778   Data          20  tasks.o(.bss)
    .bss                                     0x2000078c   Section    15360  heap_4.o(.bss)
    ucHeap                                   0x2000078c   Data       15360  heap_4.o(.bss)
    .bss                                     0x2000438c   Section      152  can_recv_1.o(.bss)
    RM6020_tx_message                        0x200043dc   Data          24  can_recv_1.o(.bss)
    RM3508_tx_message                        0x200043f4   Data          24  can_recv_1.o(.bss)
    DT7_tx_message                           0x2000440c   Data          24  can_recv_1.o(.bss)
    .bss                                     0x20004424   Section     1088  chassis.o(.bss)
    .bss                                     0x20004864   Section       94  remote_control.o(.bss)
    sbus_rx_buf                              0x2000487a   Data          72  remote_control.o(.bss)
    .bss                                     0x200048c4   Section       96  libspace.o(.bss)
    HEAP                                     0x20004928   Section      512  startup_stm32f407xx.o(HEAP)
    Heap_Mem                                 0x20004928   Data         512  startup_stm32f407xx.o(HEAP)
    STACK                                    0x20004b28   Section     1024  startup_stm32f407xx.o(STACK)
    Stack_Mem                                0x20004b28   Data        1024  startup_stm32f407xx.o(STACK)
    __initial_sp                             0x20004f28   Data           0  startup_stm32f407xx.o(STACK)

    Global Symbols

    Symbol Name                              Value     Ov Type        Size  Object(Section)

    BuildAttributes$$THM_ISAv4$E$P$D$K$B$S$7EM$VFPi3$EXTD16$VFPS$VFMA$PE$A:L22UL41UL21$X:L11$S22US41US21$IEEE1$IW$USESV6$~STKCKD$USESV7$~SHL$OTIME$ROPI$IEEEX$EBA8$UX$STANDARDLIB$REQ8$PRES8$EABIv2 0x00000000   Number         0  anon$$obj.o ABSOLUTE
    __ARM_use_no_argv                        0x00000000   Number         0  main.o ABSOLUTE
    _printf_flags                            0x00000000   Number         0  printf_stubs.o ABSOLUTE
    _printf_return_value                     0x00000000   Number         0  printf_stubs.o ABSOLUTE
    _printf_sizespec                         0x00000000   Number         0  printf_stubs.o ABSOLUTE
    _printf_widthprec                        0x00000000   Number         0  printf_stubs.o ABSOLUTE
    __ARM_exceptions_init                     - Undefined Weak Reference
    __alloca_initialize                       - Undefined Weak Reference
    __arm_preinit_                            - Undefined Weak Reference
    __cpp_initialize__aeabi_                  - Undefined Weak Reference
    __cxa_finalize                            - Undefined Weak Reference
    __sigvec_lookup                           - Undefined Weak Reference
    _atexit_init                              - Undefined Weak Reference
    _call_atexit_fns                          - Undefined Weak Reference
    _clock_init                               - Undefined Weak Reference
    _fp_trap_init                             - Undefined Weak Reference
    _fp_trap_shutdown                         - Undefined Weak Reference
    _get_lc_collate                           - Undefined Weak Reference
    _get_lc_monetary                          - Undefined Weak Reference
    _get_lc_time                              - Undefined Weak Reference
    _getenv_init                              - Undefined Weak Reference
    _handle_redirection                       - Undefined Weak Reference
    _init_alloc                               - Undefined Weak Reference
    _init_user_alloc                          - Undefined Weak Reference
    _initio                                   - Undefined Weak Reference
    _printf_mbtowc                            - Undefined Weak Reference
    _printf_wc                                - Undefined Weak Reference
    _rand_init                                - Undefined Weak Reference
    _signal_finish                            - Undefined Weak Reference
    _signal_init                              - Undefined Weak Reference
    _terminate_alloc                          - Undefined Weak Reference
    _terminate_user_alloc                     - Undefined Weak Reference
    _terminateio                              - Undefined Weak Reference
    __Vectors_Size                           0x00000188   Number         0  startup_stm32f407xx.o ABSOLUTE
    __Vectors                                0x08000000   Data           4  startup_stm32f407xx.o(RESET)
    __Vectors_End                            0x08000188   Data           0  startup_stm32f407xx.o(RESET)
    __main                                   0x08000189   Thumb Code     8  __main.o(!!!main)
    __scatterload                            0x08000191   Thumb Code     0  __scatter.o(!!!scatter)
    __scatterload_rt2                        0x08000191   Thumb Code    44  __scatter.o(!!!scatter)
    __scatterload_rt2_thumb_only             0x08000191   Thumb Code     0  __scatter.o(!!!scatter)
    __scatterload_null                       0x0800019f   Thumb Code     0  __scatter.o(!!!scatter)
    __scatterload_copy                       0x080001c5   Thumb Code    26  __scatter_copy.o(!!handler_copy)
    __scatterload_zeroinit                   0x080001e1   Thumb Code    28  __scatter_zi.o(!!handler_zi)
    __rt_lib_init                            0x080001fd   Thumb Code     0  libinit.o(.ARM.Collect$$libinit$$00000000)
    __rt_lib_init_fp_1                       0x080001ff   Thumb Code     0  libinit2.o(.ARM.Collect$$libinit$$00000001)
    __rt_lib_init_alloca_1                   0x08000203   Thumb Code     0  libinit2.o(.ARM.Collect$$libinit$$0000002E)
    __rt_lib_init_argv_1                     0x08000203   Thumb Code     0  libinit2.o(.ARM.Collect$$libinit$$0000002C)
    __rt_lib_init_atexit_1                   0x08000203   Thumb Code     0  libinit2.o(.ARM.Collect$$libinit$$0000001B)
    __rt_lib_init_clock_1                    0x08000203   Thumb Code     0  libinit2.o(.ARM.Collect$$libinit$$00000021)
    __rt_lib_init_cpp_1                      0x08000203   Thumb Code     0  libinit2.o(.ARM.Collect$$libinit$$00000032)
    __rt_lib_init_exceptions_1               0x08000203   Thumb Code     0  libinit2.o(.ARM.Collect$$libinit$$00000030)
    __rt_lib_init_fp_trap_1                  0x08000203   Thumb Code     0  libinit2.o(.ARM.Collect$$libinit$$0000001F)
    __rt_lib_init_getenv_1                   0x08000203   Thumb Code     0  libinit2.o(.ARM.Collect$$libinit$$00000023)
    __rt_lib_init_heap_1                     0x08000203   Thumb Code     0  libinit2.o(.ARM.Collect$$libinit$$0000000A)
    __rt_lib_init_lc_collate_1               0x08000203   Thumb Code     0  libinit2.o(.ARM.Collect$$libinit$$00000011)
    __rt_lib_init_lc_ctype_1                 0x08000203   Thumb Code     0  libinit2.o(.ARM.Collect$$libinit$$00000013)
    __rt_lib_init_lc_monetary_1              0x08000203   Thumb Code     0  libinit2.o(.ARM.Collect$$libinit$$00000015)
    __rt_lib_init_lc_numeric_1               0x08000203   Thumb Code     0  libinit2.o(.ARM.Collect$$libinit$$00000017)
    __rt_lib_init_lc_time_1                  0x08000203   Thumb Code     0  libinit2.o(.ARM.Collect$$libinit$$00000019)
    __rt_lib_init_preinit_1                  0x08000203   Thumb Code     0  libinit2.o(.ARM.Collect$$libinit$$00000004)
    __rt_lib_init_rand_1                     0x08000203   Thumb Code     0  libinit2.o(.ARM.Collect$$libinit$$0000000E)
    __rt_lib_init_return                     0x08000203   Thumb Code     0  libinit2.o(.ARM.Collect$$libinit$$00000033)
    __rt_lib_init_signal_1                   0x08000203   Thumb Code     0  libinit2.o(.ARM.Collect$$libinit$$0000001D)
    __rt_lib_init_stdio_1                    0x08000203   Thumb Code     0  libinit2.o(.ARM.Collect$$libinit$$00000025)
    __rt_lib_init_user_alloc_1               0x08000203   Thumb Code     0  libinit2.o(.ARM.Collect$$libinit$$0000000C)
    __rt_lib_shutdown                        0x08000205   Thumb Code     0  libshutdown.o(.ARM.Collect$$libshutdown$$00000000)
    __rt_lib_shutdown_cpp_1                  0x08000207   Thumb Code     0  libshutdown2.o(.ARM.Collect$$libshutdown$$00000002)
    __rt_lib_shutdown_fp_trap_1              0x08000207   Thumb Code     0  libshutdown2.o(.ARM.Collect$$libshutdown$$00000007)
    __rt_lib_shutdown_heap_1                 0x08000207   Thumb Code     0  libshutdown2.o(.ARM.Collect$$libshutdown$$0000000F)
    __rt_lib_shutdown_return                 0x08000207   Thumb Code     0  libshutdown2.o(.ARM.Collect$$libshutdown$$00000010)
    __rt_lib_shutdown_signal_1               0x08000207   Thumb Code     0  libshutdown2.o(.ARM.Collect$$libshutdown$$0000000A)
    __rt_lib_shutdown_stdio_1                0x08000207   Thumb Code     0  libshutdown2.o(.ARM.Collect$$libshutdown$$00000004)
    __rt_lib_shutdown_user_alloc_1           0x08000207   Thumb Code     0  libshutdown2.o(.ARM.Collect$$libshutdown$$0000000C)
    __rt_entry                               0x08000209   Thumb Code     0  __rtentry.o(.ARM.Collect$$rtentry$$00000000)
    __rt_entry_presh_1                       0x08000209   Thumb Code     0  __rtentry2.o(.ARM.Collect$$rtentry$$00000002)
    __rt_entry_sh                            0x08000209   Thumb Code     0  __rtentry4.o(.ARM.Collect$$rtentry$$00000004)
    __rt_entry_li                            0x0800020f   Thumb Code     0  __rtentry2.o(.ARM.Collect$$rtentry$$0000000A)
    __rt_entry_postsh_1                      0x0800020f   Thumb Code     0  __rtentry2.o(.ARM.Collect$$rtentry$$00000009)
    __rt_entry_main                          0x08000213   Thumb Code     0  __rtentry2.o(.ARM.Collect$$rtentry$$0000000D)
    __rt_entry_postli_1                      0x08000213   Thumb Code     0  __rtentry2.o(.ARM.Collect$$rtentry$$0000000C)
    __rt_exit                                0x0800021b   Thumb Code     0  rtexit.o(.ARM.Collect$$rtexit$$00000000)
    __rt_exit_ls                             0x0800021d   Thumb Code     0  rtexit2.o(.ARM.Collect$$rtexit$$00000003)
    __rt_exit_prels_1                        0x0800021d   Thumb Code     0  rtexit2.o(.ARM.Collect$$rtexit$$00000002)
    __rt_exit_exit                           0x08000221   Thumb Code     0  rtexit2.o(.ARM.Collect$$rtexit$$00000004)
    SVC_Handler                              0x08000229   Thumb Code    28  port.o(.emb_text)
    __asm___6_port_c_39a90d8d__prvStartFirstTask 0x08000249   Thumb Code    36  port.o(.emb_text)
    __asm___6_port_c_39a90d8d__prvEnableVFP  0x08000271   Thumb Code    16  port.o(.emb_text)
    PendSV_Handler                           0x08000285   Thumb Code    88  port.o(.emb_text)
    vPortGetIPSR                             0x080002e1   Thumb Code     6  port.o(.emb_text)
    Reset_Handler                            0x080002e9   Thumb Code     8  startup_stm32f407xx.o(.text)
    ADC_IRQHandler                           0x08000303   Thumb Code     0  startup_stm32f407xx.o(.text)
    CAN1_RX1_IRQHandler                      0x08000303   Thumb Code     0  startup_stm32f407xx.o(.text)
    CAN1_SCE_IRQHandler                      0x08000303   Thumb Code     0  startup_stm32f407xx.o(.text)
    CAN1_TX_IRQHandler                       0x08000303   Thumb Code     0  startup_stm32f407xx.o(.text)
    CAN2_RX1_IRQHandler                      0x08000303   Thumb Code     0  startup_stm32f407xx.o(.text)
    CAN2_SCE_IRQHandler                      0x08000303   Thumb Code     0  startup_stm32f407xx.o(.text)
    CAN2_TX_IRQHandler                       0x08000303   Thumb Code     0  startup_stm32f407xx.o(.text)
    DCMI_IRQHandler                          0x08000303   Thumb Code     0  startup_stm32f407xx.o(.text)
    DMA1_Stream0_IRQHandler                  0x08000303   Thumb Code     0  startup_stm32f407xx.o(.text)
    DMA1_Stream2_IRQHandler                  0x08000303   Thumb Code     0  startup_stm32f407xx.o(.text)
    DMA1_Stream3_IRQHandler                  0x08000303   Thumb Code     0  startup_stm32f407xx.o(.text)
    DMA1_Stream4_IRQHandler                  0x08000303   Thumb Code     0  startup_stm32f407xx.o(.text)
    DMA1_Stream5_IRQHandler                  0x08000303   Thumb Code     0  startup_stm32f407xx.o(.text)
    DMA1_Stream6_IRQHandler                  0x08000303   Thumb Code     0  startup_stm32f407xx.o(.text)
    DMA1_Stream7_IRQHandler                  0x08000303   Thumb Code     0  startup_stm32f407xx.o(.text)
    DMA2_Stream0_IRQHandler                  0x08000303   Thumb Code     0  startup_stm32f407xx.o(.text)
    DMA2_Stream1_IRQHandler                  0x08000303   Thumb Code     0  startup_stm32f407xx.o(.text)
    DMA2_Stream2_IRQHandler                  0x08000303   Thumb Code     0  startup_stm32f407xx.o(.text)
    DMA2_Stream3_IRQHandler                  0x08000303   Thumb Code     0  startup_stm32f407xx.o(.text)
    DMA2_Stream4_IRQHandler                  0x08000303   Thumb Code     0  startup_stm32f407xx.o(.text)
    DMA2_Stream5_IRQHandler                  0x08000303   Thumb Code     0  startup_stm32f407xx.o(.text)
    DMA2_Stream6_IRQHandler                  0x08000303   Thumb Code     0  startup_stm32f407xx.o(.text)
    ETH_IRQHandler                           0x08000303   Thumb Code     0  startup_stm32f407xx.o(.text)
    ETH_WKUP_IRQHandler                      0x08000303   Thumb Code     0  startup_stm32f407xx.o(.text)
    EXTI15_10_IRQHandler                     0x08000303   Thumb Code     0  startup_stm32f407xx.o(.text)
    EXTI1_IRQHandler                         0x08000303   Thumb Code     0  startup_stm32f407xx.o(.text)
    EXTI2_IRQHandler                         0x08000303   Thumb Code     0  startup_stm32f407xx.o(.text)
    FLASH_IRQHandler                         0x08000303   Thumb Code     0  startup_stm32f407xx.o(.text)
    FMC_IRQHandler                           0x08000303   Thumb Code     0  startup_stm32f407xx.o(.text)
    FPU_IRQHandler                           0x08000303   Thumb Code     0  startup_stm32f407xx.o(.text)
    HASH_RNG_IRQHandler                      0x08000303   Thumb Code     0  startup_stm32f407xx.o(.text)
    I2C1_ER_IRQHandler                       0x08000303   Thumb Code     0  startup_stm32f407xx.o(.text)
    I2C1_EV_IRQHandler                       0x08000303   Thumb Code     0  startup_stm32f407xx.o(.text)
    I2C2_ER_IRQHandler                       0x08000303   Thumb Code     0  startup_stm32f407xx.o(.text)
    I2C2_EV_IRQHandler                       0x08000303   Thumb Code     0  startup_stm32f407xx.o(.text)
    I2C3_ER_IRQHandler                       0x08000303   Thumb Code     0  startup_stm32f407xx.o(.text)
    I2C3_EV_IRQHandler                       0x08000303   Thumb Code     0  startup_stm32f407xx.o(.text)
    OTG_FS_IRQHandler                        0x08000303   Thumb Code     0  startup_stm32f407xx.o(.text)
    OTG_FS_WKUP_IRQHandler                   0x08000303   Thumb Code     0  startup_stm32f407xx.o(.text)
    OTG_HS_EP1_IN_IRQHandler                 0x08000303   Thumb Code     0  startup_stm32f407xx.o(.text)
    OTG_HS_EP1_OUT_IRQHandler                0x08000303   Thumb Code     0  startup_stm32f407xx.o(.text)
    OTG_HS_IRQHandler                        0x08000303   Thumb Code     0  startup_stm32f407xx.o(.text)
    OTG_HS_WKUP_IRQHandler                   0x08000303   Thumb Code     0  startup_stm32f407xx.o(.text)
    PVD_IRQHandler                           0x08000303   Thumb Code     0  startup_stm32f407xx.o(.text)
    RCC_IRQHandler                           0x08000303   Thumb Code     0  startup_stm32f407xx.o(.text)
    RTC_Alarm_IRQHandler                     0x08000303   Thumb Code     0  startup_stm32f407xx.o(.text)
    RTC_WKUP_IRQHandler                      0x08000303   Thumb Code     0  startup_stm32f407xx.o(.text)
    SDIO_IRQHandler                          0x08000303   Thumb Code     0  startup_stm32f407xx.o(.text)
    SPI1_IRQHandler                          0x08000303   Thumb Code     0  startup_stm32f407xx.o(.text)
    SPI2_IRQHandler                          0x08000303   Thumb Code     0  startup_stm32f407xx.o(.text)
    SPI3_IRQHandler                          0x08000303   Thumb Code     0  startup_stm32f407xx.o(.text)
    TAMP_STAMP_IRQHandler                    0x08000303   Thumb Code     0  startup_stm32f407xx.o(.text)
    TIM1_BRK_TIM9_IRQHandler                 0x08000303   Thumb Code     0  startup_stm32f407xx.o(.text)
    TIM1_CC_IRQHandler                       0x08000303   Thumb Code     0  startup_stm32f407xx.o(.text)
    TIM1_TRG_COM_TIM11_IRQHandler            0x08000303   Thumb Code     0  startup_stm32f407xx.o(.text)
    TIM1_UP_TIM10_IRQHandler                 0x08000303   Thumb Code     0  startup_stm32f407xx.o(.text)
    TIM2_IRQHandler                          0x08000303   Thumb Code     0  startup_stm32f407xx.o(.text)
    TIM3_IRQHandler                          0x08000303   Thumb Code     0  startup_stm32f407xx.o(.text)
    TIM4_IRQHandler                          0x08000303   Thumb Code     0  startup_stm32f407xx.o(.text)
    TIM5_IRQHandler                          0x08000303   Thumb Code     0  startup_stm32f407xx.o(.text)
    TIM6_DAC_IRQHandler                      0x08000303   Thumb Code     0  startup_stm32f407xx.o(.text)
    TIM7_IRQHandler                          0x08000303   Thumb Code     0  startup_stm32f407xx.o(.text)
    TIM8_BRK_TIM12_IRQHandler                0x08000303   Thumb Code     0  startup_stm32f407xx.o(.text)
    TIM8_CC_IRQHandler                       0x08000303   Thumb Code     0  startup_stm32f407xx.o(.text)
    TIM8_TRG_COM_TIM14_IRQHandler            0x08000303   Thumb Code     0  startup_stm32f407xx.o(.text)
    TIM8_UP_TIM13_IRQHandler                 0x08000303   Thumb Code     0  startup_stm32f407xx.o(.text)
    UART4_IRQHandler                         0x08000303   Thumb Code     0  startup_stm32f407xx.o(.text)
    UART5_IRQHandler                         0x08000303   Thumb Code     0  startup_stm32f407xx.o(.text)
    USART2_IRQHandler                        0x08000303   Thumb Code     0  startup_stm32f407xx.o(.text)
    USART6_IRQHandler                        0x08000303   Thumb Code     0  startup_stm32f407xx.o(.text)
    WWDG_IRQHandler                          0x08000303   Thumb Code     0  startup_stm32f407xx.o(.text)
    __user_initial_stackheap                 0x08000305   Thumb Code     0  startup_stm32f407xx.o(.text)
    __aeabi_uldivmod                         0x08000329   Thumb Code     0  lludivv7m.o(.text)
    _ll_udiv                                 0x08000329   Thumb Code   238  lludivv7m.o(.text)
    __aeabi_memcpy4                          0x08000417   Thumb Code     0  rt_memcpy_w.o(.text)
    __aeabi_memcpy8                          0x08000417   Thumb Code     0  rt_memcpy_w.o(.text)
    __rt_memcpy_w                            0x08000417   Thumb Code   100  rt_memcpy_w.o(.text)
    _memcpy_lastbytes_aligned                0x0800045f   Thumb Code     0  rt_memcpy_w.o(.text)
    __aeabi_memset                           0x0800047b   Thumb Code    16  aeabi_memset.o(.text)
    __aeabi_memclr4                          0x0800048b   Thumb Code     0  rt_memclr_w.o(.text)
    __aeabi_memclr8                          0x0800048b   Thumb Code     0  rt_memclr_w.o(.text)
    __rt_memclr_w                            0x0800048b   Thumb Code    78  rt_memclr_w.o(.text)
    _memset_w                                0x0800048f   Thumb Code     0  rt_memclr_w.o(.text)
    __use_two_region_memory                  0x080004d9   Thumb Code     2  heapauxi.o(.text)
    __rt_heap_escrow$2region                 0x080004db   Thumb Code     2  heapauxi.o(.text)
    __rt_heap_expand$2region                 0x080004dd   Thumb Code     2  heapauxi.o(.text)
    __read_errno                             0x080004df   Thumb Code    10  _rserrno.o(.text)
    __set_errno                              0x080004e9   Thumb Code    12  _rserrno.o(.text)
    __aeabi_memclr                           0x080004f5   Thumb Code     0  rt_memclr.o(.text)
    __rt_memclr                              0x080004f5   Thumb Code    68  rt_memclr.o(.text)
    _memset                                  0x080004f9   Thumb Code     0  rt_memclr.o(.text)
    __aeabi_errno_addr                       0x08000539   Thumb Code     8  rt_errno_addr_intlibspace.o(.text)
    __errno$intlibspace                      0x08000539   Thumb Code     0  rt_errno_addr_intlibspace.o(.text)
    __rt_errno_addr$intlibspace              0x08000539   Thumb Code     0  rt_errno_addr_intlibspace.o(.text)
    __user_libspace                          0x08000541   Thumb Code     8  libspace.o(.text)
    __user_perproc_libspace                  0x08000541   Thumb Code     0  libspace.o(.text)
    __user_perthread_libspace                0x08000541   Thumb Code     0  libspace.o(.text)
    __user_setup_stackheap                   0x08000549   Thumb Code    74  sys_stackheap_outer.o(.text)
    exit                                     0x08000593   Thumb Code    18  exit.o(.text)
    _sys_exit                                0x080005a5   Thumb Code     8  sys_exit.o(.text)
    __I$use$semihosting                      0x080005b1   Thumb Code     0  use_no_semi.o(.text)
    __use_no_semihosting_swi                 0x080005b1   Thumb Code     2  use_no_semi.o(.text)
    BusFault_Handler                         0x080005b3   Thumb Code     2  stm32f4xx_it.o(i.BusFault_Handler)
    __semihosting_library_function           0x080005b3   Thumb Code     0  indicate_semi.o(.text)
    CAN1_RX0_IRQHandler                      0x080005b5   Thumb Code     6  stm32f4xx_it.o(i.CAN1_RX0_IRQHandler)
    CAN2_RX0_IRQHandler                      0x080005c1   Thumb Code     6  stm32f4xx_it.o(i.CAN2_RX0_IRQHandler)
    CAN_cmd_3508                             0x080005cd   Thumb Code    60  can_recv_1.o(i.CAN_cmd_3508)
    CAN_cmd_6020                             0x08000615   Thumb Code    60  can_recv_1.o(i.CAN_cmd_6020)
    CAN_cmd_DT7_ch_Date                      0x0800065d   Thumb Code    70  can_recv_1.o(i.CAN_cmd_DT7_ch_Date)
    CAN_cmd_DT7_s_Date                       0x080006b5   Thumb Code    52  can_recv_1.o(i.CAN_cmd_DT7_s_Date)
    DMA1_Stream1_IRQHandler                  0x080006f9   Thumb Code     6  stm32f4xx_it.o(i.DMA1_Stream1_IRQHandler)
    DMA2_Stream7_IRQHandler                  0x08000705   Thumb Code     6  stm32f4xx_it.o(i.DMA2_Stream7_IRQHandler)
    DateExchange_Task                        0x0800078d   Thumb Code    22  dateexchange.o(i.DateExchange_Task)
    DebugMon_Handler                         0x080007a3   Thumb Code     2  stm32f4xx_it.o(i.DebugMon_Handler)
    EXTI0_IRQHandler                         0x080007a5   Thumb Code     6  stm32f4xx_it.o(i.EXTI0_IRQHandler)
    EXTI3_IRQHandler                         0x080007ab   Thumb Code     6  stm32f4xx_it.o(i.EXTI3_IRQHandler)
    EXTI4_IRQHandler                         0x080007b1   Thumb Code     6  stm32f4xx_it.o(i.EXTI4_IRQHandler)
    EXTI9_5_IRQHandler                       0x080007b7   Thumb Code     6  stm32f4xx_it.o(i.EXTI9_5_IRQHandler)
    Error_Handler                            0x080007bd   Thumb Code     4  main.o(i.Error_Handler)
    HAL_CAN_ActivateNotification             0x080007c1   Thumb Code    36  stm32f4xx_hal_can.o(i.HAL_CAN_ActivateNotification)
    HAL_CAN_AddTxMessage                     0x080007e5   Thumb Code   188  stm32f4xx_hal_can.o(i.HAL_CAN_AddTxMessage)
    HAL_CAN_ConfigFilter                     0x080008a1   Thumb Code   262  stm32f4xx_hal_can.o(i.HAL_CAN_ConfigFilter)
    HAL_CAN_ErrorCallback                    0x080009ad   Thumb Code     2  stm32f4xx_hal_can.o(i.HAL_CAN_ErrorCallback)
    HAL_CAN_GetRxMessage                     0x080009af   Thumb Code   244  stm32f4xx_hal_can.o(i.HAL_CAN_GetRxMessage)
    HAL_CAN_IRQHandler                       0x08000aa3   Thumb Code   508  stm32f4xx_hal_can.o(i.HAL_CAN_IRQHandler)
    HAL_CAN_Init                             0x08000c9f   Thumb Code   282  stm32f4xx_hal_can.o(i.HAL_CAN_Init)
    HAL_CAN_MspInit                          0x08000db9   Thumb Code   226  can.o(i.HAL_CAN_MspInit)
    HAL_CAN_RxFifo0FullCallback              0x08000eb5   Thumb Code     2  stm32f4xx_hal_can.o(i.HAL_CAN_RxFifo0FullCallback)
    HAL_CAN_RxFifo0MsgPendingCallback        0x08000eb9   Thumb Code   206  can_recv_1.o(i.HAL_CAN_RxFifo0MsgPendingCallback)
    HAL_CAN_RxFifo1FullCallback              0x08000f99   Thumb Code     2  stm32f4xx_hal_can.o(i.HAL_CAN_RxFifo1FullCallback)
    HAL_CAN_RxFifo1MsgPendingCallback        0x08000f9b   Thumb Code     2  stm32f4xx_hal_can.o(i.HAL_CAN_RxFifo1MsgPendingCallback)
    HAL_CAN_SleepCallback                    0x08000f9d   Thumb Code     2  stm32f4xx_hal_can.o(i.HAL_CAN_SleepCallback)
    HAL_CAN_Start                            0x08000fa1   Thumb Code    88  stm32f4xx_hal_can.o(i.HAL_CAN_Start)
    HAL_CAN_TxMailbox0AbortCallback          0x08000ff9   Thumb Code     2  stm32f4xx_hal_can.o(i.HAL_CAN_TxMailbox0AbortCallback)
    HAL_CAN_TxMailbox0CompleteCallback       0x08000ffb   Thumb Code     2  stm32f4xx_hal_can.o(i.HAL_CAN_TxMailbox0CompleteCallback)
    HAL_CAN_TxMailbox1AbortCallback          0x08000ffd   Thumb Code     2  stm32f4xx_hal_can.o(i.HAL_CAN_TxMailbox1AbortCallback)
    HAL_CAN_TxMailbox1CompleteCallback       0x08000fff   Thumb Code     2  stm32f4xx_hal_can.o(i.HAL_CAN_TxMailbox1CompleteCallback)
    HAL_CAN_TxMailbox2AbortCallback          0x08001001   Thumb Code     2  stm32f4xx_hal_can.o(i.HAL_CAN_TxMailbox2AbortCallback)
    HAL_CAN_TxMailbox2CompleteCallback       0x08001003   Thumb Code     2  stm32f4xx_hal_can.o(i.HAL_CAN_TxMailbox2CompleteCallback)
    HAL_CAN_WakeUpFromRxMsgCallback          0x08001005   Thumb Code     2  stm32f4xx_hal_can.o(i.HAL_CAN_WakeUpFromRxMsgCallback)
    HAL_DMA_Abort                            0x08001007   Thumb Code   146  stm32f4xx_hal_dma.o(i.HAL_DMA_Abort)
    HAL_DMA_Abort_IT                         0x08001099   Thumb Code    36  stm32f4xx_hal_dma.o(i.HAL_DMA_Abort_IT)
    HAL_DMA_IRQHandler                       0x080010bd   Thumb Code   412  stm32f4xx_hal_dma.o(i.HAL_DMA_IRQHandler)
    HAL_DMA_Init                             0x0800125d   Thumb Code   206  stm32f4xx_hal_dma.o(i.HAL_DMA_Init)
    HAL_GPIO_EXTI_Callback                   0x08001331   Thumb Code     2  stm32f4xx_hal_gpio.o(i.HAL_GPIO_EXTI_Callback)
    HAL_GPIO_EXTI_IRQHandler                 0x08001335   Thumb Code    18  stm32f4xx_hal_gpio.o(i.HAL_GPIO_EXTI_IRQHandler)
    HAL_GPIO_Init                            0x0800134d   Thumb Code   450  stm32f4xx_hal_gpio.o(i.HAL_GPIO_Init)
    HAL_GPIO_WritePin                        0x0800153d   Thumb Code    10  stm32f4xx_hal_gpio.o(i.HAL_GPIO_WritePin)
    HAL_GetTick                              0x08001549   Thumb Code     6  stm32f4xx_hal.o(i.HAL_GetTick)
    HAL_I2C_Init                             0x08001555   Thumb Code   376  stm32f4xx_hal_i2c.o(i.HAL_I2C_Init)
    HAL_I2C_MspInit                          0x080016dd   Thumb Code   130  i2c.o(i.HAL_I2C_MspInit)
    HAL_IncTick                              0x08001771   Thumb Code    12  stm32f4xx_hal.o(i.HAL_IncTick)
    HAL_Init                                 0x08001781   Thumb Code    48  stm32f4xx_hal.o(i.HAL_Init)
    HAL_InitTick                             0x080017b5   Thumb Code    54  stm32f4xx_hal.o(i.HAL_InitTick)
    HAL_MspInit                              0x080017f5   Thumb Code    52  stm32f4xx_hal_msp.o(i.HAL_MspInit)
    HAL_NVIC_EnableIRQ                       0x0800182d   Thumb Code    26  stm32f4xx_hal_cortex.o(i.HAL_NVIC_EnableIRQ)
    HAL_NVIC_SetPriority                     0x08001849   Thumb Code    60  stm32f4xx_hal_cortex.o(i.HAL_NVIC_SetPriority)
    HAL_NVIC_SetPriorityGrouping             0x08001889   Thumb Code    26  stm32f4xx_hal_cortex.o(i.HAL_NVIC_SetPriorityGrouping)
    HAL_RCC_ClockConfig                      0x080018ad   Thumb Code   288  stm32f4xx_hal_rcc.o(i.HAL_RCC_ClockConfig)
    HAL_RCC_GetPCLK1Freq                     0x080019e1   Thumb Code    20  stm32f4xx_hal_rcc.o(i.HAL_RCC_GetPCLK1Freq)
    HAL_RCC_GetPCLK2Freq                     0x08001a01   Thumb Code    20  stm32f4xx_hal_rcc.o(i.HAL_RCC_GetPCLK2Freq)
    HAL_RCC_GetSysClockFreq                  0x08001a21   Thumb Code    88  stm32f4xx_hal_rcc.o(i.HAL_RCC_GetSysClockFreq)
    HAL_RCC_OscConfig                        0x08001a85   Thumb Code   856  stm32f4xx_hal_rcc.o(i.HAL_RCC_OscConfig)
    HAL_SPI_Init                             0x08001df1   Thumb Code   188  stm32f4xx_hal_spi.o(i.HAL_SPI_Init)
    HAL_SPI_MspInit                          0x08001ead   Thumb Code   232  spi.o(i.HAL_SPI_MspInit)
    HAL_SYSTICK_Config                       0x08001fad   Thumb Code    40  stm32f4xx_hal_cortex.o(i.HAL_SYSTICK_Config)
    HAL_TIMEx_MasterConfigSynchronization    0x08001fd5   Thumb Code   116  stm32f4xx_hal_tim_ex.o(i.HAL_TIMEx_MasterConfigSynchronization)
    HAL_TIM_Base_Init                        0x08002065   Thumb Code    90  stm32f4xx_hal_tim.o(i.HAL_TIM_Base_Init)
    HAL_TIM_Base_MspInit                     0x080020c1   Thumb Code    30  tim.o(i.HAL_TIM_Base_MspInit)
    HAL_TIM_MspPostInit                      0x080020e9   Thumb Code   110  tim.o(i.HAL_TIM_MspPostInit)
    HAL_TIM_PWM_ConfigChannel                0x0800216d   Thumb Code   204  stm32f4xx_hal_tim.o(i.HAL_TIM_PWM_ConfigChannel)
    HAL_TIM_PWM_Init                         0x08002239   Thumb Code    90  stm32f4xx_hal_tim.o(i.HAL_TIM_PWM_Init)
    HAL_TIM_PWM_MspInit                      0x08002295   Thumb Code    30  tim.o(i.HAL_TIM_PWM_MspInit)
    HAL_UARTEx_RxEventCallback               0x080022bd   Thumb Code     2  stm32f4xx_hal_uart.o(i.HAL_UARTEx_RxEventCallback)
    HAL_UART_ErrorCallback                   0x080022bf   Thumb Code     2  stm32f4xx_hal_uart.o(i.HAL_UART_ErrorCallback)
    HAL_UART_IRQHandler                      0x080022c1   Thumb Code   618  stm32f4xx_hal_uart.o(i.HAL_UART_IRQHandler)
    HAL_UART_Init                            0x08002531   Thumb Code   100  stm32f4xx_hal_uart.o(i.HAL_UART_Init)
    HAL_UART_MspInit                         0x08002595   Thumb Code   326  usart.o(i.HAL_UART_MspInit)
    HAL_UART_RxCpltCallback                  0x08002701   Thumb Code     2  stm32f4xx_hal_uart.o(i.HAL_UART_RxCpltCallback)
    HAL_UART_TxCpltCallback                  0x08002703   Thumb Code     2  stm32f4xx_hal_uart.o(i.HAL_UART_TxCpltCallback)
    HardFault_Handler                        0x08002705   Thumb Code     2  stm32f4xx_it.o(i.HardFault_Handler)
    MX_CAN1_Init                             0x08002859   Thumb Code    60  can.o(i.MX_CAN1_Init)
    MX_CAN2_Init                             0x0800289d   Thumb Code    60  can.o(i.MX_CAN2_Init)
    MX_DMA_Init                              0x080028e1   Thumb Code   104  dma.o(i.MX_DMA_Init)
    MX_FREERTOS_Init                         0x0800294d   Thumb Code    74  freertos.o(i.MX_FREERTOS_Init)
    MX_GPIO_Init                             0x080029a1   Thumb Code   328  gpio.o(i.MX_GPIO_Init)
    MX_I2C3_Init                             0x08002afd   Thumb Code    50  i2c.o(i.MX_I2C3_Init)
    MX_SPI1_Init                             0x08002b3d   Thumb Code    60  spi.o(i.MX_SPI1_Init)
    MX_TIM10_Init                            0x08002b81   Thumb Code    92  tim.o(i.MX_TIM10_Init)
    MX_TIM4_Init                             0x08002be5   Thumb Code   102  tim.o(i.MX_TIM4_Init)
    MX_USART1_UART_Init                      0x08002c55   Thumb Code    48  usart.o(i.MX_USART1_UART_Init)
    MX_USART3_UART_Init                      0x08002c8d   Thumb Code    46  usart.o(i.MX_USART3_UART_Init)
    MemManage_Handler                        0x08002cc9   Thumb Code     2  stm32f4xx_it.o(i.MemManage_Handler)
    NMI_Handler                              0x08002ccb   Thumb Code     2  stm32f4xx_it.o(i.NMI_Handler)
    PID_calc                                 0x08002ccd   Thumb Code   292  pid.o(i.PID_calc)
    PID_clear                                0x08002df5   Thumb Code    58  pid.o(i.PID_clear)
    PID_init                                 0x08002e35   Thumb Code    88  pid.o(i.PID_init)
    RC_init                                  0x08002e91   Thumb Code    84  bsp_rc.o(i.RC_init)
    StartDefaultTask                         0x08002ef1   Thumb Code     8  freertos.o(i.StartDefaultTask)
    SysTick_Handler                          0x08002ef9   Thumb Code    24  stm32f4xx_it.o(i.SysTick_Handler)
    SystemClock_Config                       0x08002f11   Thumb Code   140  main.o(i.SystemClock_Config)
    SystemInit                               0x08002fa5   Thumb Code    12  system_stm32f4xx.o(i.SystemInit)
    TIM_Base_SetConfig                       0x08002fb5   Thumb Code   170  stm32f4xx_hal_tim.o(i.TIM_Base_SetConfig)
    TIM_OC2_SetConfig                        0x080030ed   Thumb Code    98  stm32f4xx_hal_tim.o(i.TIM_OC2_SetConfig)
    USART1_IRQHandler                        0x0800343d   Thumb Code     6  stm32f4xx_it.o(i.USART1_IRQHandler)
    USART3_IRQHandler                        0x08003449   Thumb Code   156  remote_control.o(i.USART3_IRQHandler)
    UsageFault_Handler                       0x080034fd   Thumb Code     2  stm32f4xx_it.o(i.UsageFault_Handler)
    __ARM_fpclassify                         0x080034ff   Thumb Code    48  fpclassify.o(i.__ARM_fpclassify)
    __hardfp_atan                            0x08003551   Thumb Code   622  atan.o(i.__hardfp_atan)
    __hardfp_atan2                           0x08003829   Thumb Code   432  atan2.o(i.__hardfp_atan2)
    __hardfp_fabs                            0x08003a19   Thumb Code    20  fabs.o(i.__hardfp_fabs)
    __hardfp_hypot                           0x08003a31   Thumb Code   846  hypot.o(i.__hardfp_hypot)
    __kernel_poly                            0x08003da9   Thumb Code   248  poly.o(i.__kernel_poly)
    __mathlib_dbl_infnan                     0x08003ea1   Thumb Code    20  dunder.o(i.__mathlib_dbl_infnan)
    __mathlib_dbl_infnan2                    0x08003eb5   Thumb Code    20  dunder.o(i.__mathlib_dbl_infnan2)
    __mathlib_dbl_overflow                   0x08003ec9   Thumb Code    24  dunder.o(i.__mathlib_dbl_overflow)
    __mathlib_dbl_underflow                  0x08003ee9   Thumb Code    24  dunder.o(i.__mathlib_dbl_underflow)
    abs_limit                                0x08003f09   Thumb Code    34  user_lib.o(i.abs_limit)
    atan                                     0x08003f2b   Thumb Code    16  atan.o(i.atan)
    can_filter_init                          0x08003f3d   Thumb Code    80  bsp_can_1.o(i.can_filter_init)
    chasis_Task                              0x08003f95   Thumb Code    30  chassis.o(i.chasis_Task)
    fabs                                     0x08003fb9   Thumb Code    24  fabs.o(i.fabs)
    get_3508_M1_motor_measure_point          0x08003fd1   Thumb Code     4  can_recv_1.o(i.get_3508_M1_motor_measure_point)
    get_3508_M2_motor_measure_point          0x08003fd9   Thumb Code     4  can_recv_1.o(i.get_3508_M2_motor_measure_point)
    get_3508_M3_motor_measure_point          0x08003fe1   Thumb Code     4  can_recv_1.o(i.get_3508_M3_motor_measure_point)
    get_3508_M4_motor_measure_point          0x08003fe9   Thumb Code     4  can_recv_1.o(i.get_3508_M4_motor_measure_point)
    get_6020_M1_motor_measure_point          0x08003ff1   Thumb Code     4  can_recv_1.o(i.get_6020_M1_motor_measure_point)
    get_6020_M2_motor_measure_point          0x08003ff9   Thumb Code     4  can_recv_1.o(i.get_6020_M2_motor_measure_point)
    get_6020_M3_motor_measure_point          0x08004001   Thumb Code     4  can_recv_1.o(i.get_6020_M3_motor_measure_point)
    get_6020_M4_motor_measure_point          0x08004009   Thumb Code     4  can_recv_1.o(i.get_6020_M4_motor_measure_point)
    loop_fp32_constrain                      0x08004011   Thumb Code    72  user_lib.o(i.loop_fp32_constrain)
    main                                     0x08004059   Thumb Code    66  main.o(i.main)
    osDelay                                  0x080045b5   Thumb Code    14  cmsis_os.o(i.osDelay)
    osKernelStart                            0x080045c3   Thumb Code    10  cmsis_os.o(i.osKernelStart)
    osThreadCreate                           0x080045cd   Thumb Code    84  cmsis_os.o(i.osThreadCreate)
    pvPortMalloc                             0x08004991   Thumb Code   216  heap_4.o(i.pvPortMalloc)
    pxPortInitialiseStack                    0x08004a6d   Thumb Code    40  port.o(i.pxPortInitialiseStack)
    remote_control_init                      0x08004a99   Thumb Code    12  remote_control.o(i.remote_control_init)
    sqrt                                     0x08004c05   Thumb Code   110  sqrt.o(i.sqrt)
    uxListRemove                             0x08004c73   Thumb Code    38  list.o(i.uxListRemove)
    vApplicationGetIdleTaskMemory            0x08004c99   Thumb Code    16  freertos.o(i.vApplicationGetIdleTaskMemory)
    vListInitialise                          0x08004cad   Thumb Code    22  list.o(i.vListInitialise)
    vListInitialiseItem                      0x08004cc3   Thumb Code     6  list.o(i.vListInitialiseItem)
    vListInsert                              0x08004cc9   Thumb Code    48  list.o(i.vListInsert)
    vListInsertEnd                           0x08004cf9   Thumb Code    24  list.o(i.vListInsertEnd)
    vPortEnterCritical                       0x08004d11   Thumb Code    54  port.o(i.vPortEnterCritical)
    vPortExitCritical                        0x08004d51   Thumb Code    34  port.o(i.vPortExitCritical)
    vPortFree                                0x08004d79   Thumb Code    94  heap_4.o(i.vPortFree)
    vPortSetupTimerInterrupt                 0x08004ddd   Thumb Code    32  port.o(i.vPortSetupTimerInterrupt)
    vTaskDelay                               0x08004e01   Thumb Code    66  tasks.o(i.vTaskDelay)
    vTaskStartScheduler                      0x08004e4d   Thumb Code    90  tasks.o(i.vTaskStartScheduler)
    vTaskSuspendAll                          0x08004eb9   Thumb Code    10  tasks.o(i.vTaskSuspendAll)
    vTaskSwitchContext                       0x08004ec9   Thumb Code    82  tasks.o(i.vTaskSwitchContext)
    xPortStartScheduler                      0x08004f25   Thumb Code   222  port.o(i.xPortStartScheduler)
    xPortSysTickHandler                      0x08005019   Thumb Code    38  port.o(i.xPortSysTickHandler)
    xTaskCreate                              0x08005045   Thumb Code    90  tasks.o(i.xTaskCreate)
    xTaskCreateStatic                        0x0800509f   Thumb Code    86  tasks.o(i.xTaskCreateStatic)
    xTaskGetSchedulerState                   0x080050f5   Thumb Code    22  tasks.o(i.xTaskGetSchedulerState)
    xTaskIncrementTick                       0x08005111   Thumb Code   194  tasks.o(i.xTaskIncrementTick)
    xTaskResumeAll                           0x080051dd   Thumb Code   182  tasks.o(i.xTaskResumeAll)
    __aeabi_dneg                             0x080052a1   Thumb Code     0  basic.o(x$fpl$basic)
    _dneg                                    0x080052a1   Thumb Code     6  basic.o(x$fpl$basic)
    __aeabi_fneg                             0x080052a7   Thumb Code     0  basic.o(x$fpl$basic)
    _fneg                                    0x080052a7   Thumb Code     6  basic.o(x$fpl$basic)
    _dabs                                    0x080052ad   Thumb Code     6  basic.o(x$fpl$basic)
    _fabs                                    0x080052b3   Thumb Code     6  basic.o(x$fpl$basic)
    __aeabi_d2f                              0x080052b9   Thumb Code     0  d2f.o(x$fpl$d2f)
    _d2f                                     0x080052b9   Thumb Code    98  d2f.o(x$fpl$d2f)
    __aeabi_dadd                             0x0800531d   Thumb Code     0  daddsub_clz.o(x$fpl$dadd)
    _dadd                                    0x0800531d   Thumb Code   332  daddsub_clz.o(x$fpl$dadd)
    __fpl_dcmp_Inf                           0x0800546d   Thumb Code    24  dcmpi.o(x$fpl$dcmpinf)
    __aeabi_ddiv                             0x08005485   Thumb Code     0  ddiv.o(x$fpl$ddiv)
    _ddiv                                    0x08005485   Thumb Code   552  ddiv.o(x$fpl$ddiv)
    __aeabi_i2d                              0x08005735   Thumb Code     0  dflt_clz.o(x$fpl$dflt)
    _dflt                                    0x08005735   Thumb Code    46  dflt_clz.o(x$fpl$dflt)
    __aeabi_cdcmple                          0x08005765   Thumb Code     0  dleqf.o(x$fpl$dleqf)
    _dcmple                                  0x08005765   Thumb Code   120  dleqf.o(x$fpl$dleqf)
    __fpl_dcmple_InfNaN                      0x080057c7   Thumb Code     0  dleqf.o(x$fpl$dleqf)
    __aeabi_dmul                             0x080057dd   Thumb Code     0  dmul.o(x$fpl$dmul)
    _dmul                                    0x080057dd   Thumb Code   332  dmul.o(x$fpl$dmul)
    __fpl_dnaninf                            0x08005931   Thumb Code   156  dnaninf.o(x$fpl$dnaninf)
    __fpl_dretinf                            0x080059cd   Thumb Code    12  dretinf.o(x$fpl$dretinf)
    __aeabi_cdrcmple                         0x080059d9   Thumb Code     0  drleqf.o(x$fpl$drleqf)
    _drcmple                                 0x080059d9   Thumb Code   108  drleqf.o(x$fpl$drleqf)
    __aeabi_drsub                            0x08005a45   Thumb Code     0  daddsub_clz.o(x$fpl$drsb)
    _drsb                                    0x08005a45   Thumb Code    22  daddsub_clz.o(x$fpl$drsb)
    _dsqrt                                   0x08005a5d   Thumb Code   404  dsqrt_umaal.o(x$fpl$dsqrt)
    __aeabi_dsub                             0x08005bf5   Thumb Code     0  daddsub_clz.o(x$fpl$dsub)
    _dsub                                    0x08005bf5   Thumb Code   464  daddsub_clz.o(x$fpl$dsub)
    _fp_init                                 0x08005dc9   Thumb Code    10  fpinit.o(x$fpl$fpinit)
    __fplib_config_fpu_vfp                   0x08005dd1   Thumb Code     0  fpinit.o(x$fpl$fpinit)
    __fplib_config_pureend_doubles           0x08005dd1   Thumb Code     0  fpinit.o(x$fpl$fpinit)
    __fpl_fretinf                            0x08005dd3   Thumb Code    10  fretinf.o(x$fpl$fretinf)
    __I$use$fp                               0x08005ddc   Number         0  usenofp.o(x$fpl$usenofp)
    AHBPrescTable                            0x08005e38   Data          16  system_stm32f4xx.o(.constdata)
    APBPrescTable                            0x08005e48   Data           8  system_stm32f4xx.o(.constdata)
    __mathlib_zero                           0x08005f00   Data           8  qnan.o(.constdata)
    Region$$Table$$Base                      0x08005f30   Number         0  anon$$obj.o(Region$$Table)
    Region$$Table$$Limit                     0x08005f50   Number         0  anon$$obj.o(Region$$Table)
    defaultTaskHandle                        0x20000000   Data           4  freertos.o(.data)
    chasisTaskHandle                         0x20000004   Data           4  freertos.o(.data)
    DateExchangeTasHandle                    0x20000008   Data           4  freertos.o(.data)
    uwTickFreq                               0x20000010   Data           1  stm32f4xx_hal.o(.data)
    uwTickPrio                               0x20000014   Data           4  stm32f4xx_hal.o(.data)
    uwTick                                   0x20000018   Data           4  stm32f4xx_hal.o(.data)
    SystemCoreClock                          0x2000001c   Data           4  system_stm32f4xx.o(.data)
    pxCurrentTCB                             0x20000020   Data           4  tasks.o(.data)
    hcan1                                    0x20000300   Data          40  can.o(.bss)
    hcan2                                    0x20000328   Data          40  can.o(.bss)
    hi2c3                                    0x20000350   Data          84  i2c.o(.bss)
    hspi1                                    0x200003a4   Data          88  spi.o(.bss)
    hdma_spi1_rx                             0x200003fc   Data          96  spi.o(.bss)
    hdma_spi1_tx                             0x2000045c   Data          96  spi.o(.bss)
    htim4                                    0x200004bc   Data          72  tim.o(.bss)
    htim10                                   0x20000504   Data          72  tim.o(.bss)
    huart1                                   0x2000054c   Data          72  usart.o(.bss)
    huart3                                   0x20000594   Data          72  usart.o(.bss)
    hdma_usart1_tx                           0x200005dc   Data          96  usart.o(.bss)
    hdma_usart3_rx                           0x2000063c   Data          96  usart.o(.bss)
    motor_Date                               0x2000438c   Data          80  can_recv_1.o(.bss)
    motor_control                            0x20004424   Data        1076  chassis.o(.bss)
    chassis_float                            0x20004858   Data          12  chassis.o(.bss)
    rc_ctrl                                  0x20004864   Data          22  remote_control.o(.bss)
    __libspace_start                         0x200048c4   Data          96  libspace.o(.bss)
    __temporary_stack_top$libspace           0x20004924   Data           0  libspace.o(.bss)



==============================================================================

Memory Map of the image

  Image Entry point : 0x08000189

  Load Region LR_IROM1 (Base: 0x08000000, Size: 0x00005ffc, Max: 0x00100000, ABSOLUTE)

    Execution Region ER_IROM1 (Exec base: 0x08000000, Load base: 0x08000000, Size: 0x00005f50, Max: 0x00100000, ABSOLUTE)

    Exec Addr    Load Addr    Size         Type   Attr      Idx    E Section Name        Object

    0x08000000   0x08000000   0x00000188   Data   RO            3    RESET               startup_stm32f407xx.o
    0x08000188   0x08000188   0x00000008   Code   RO         6745  * !!!main             c_w.l(__main.o)
    0x08000190   0x08000190   0x00000034   Code   RO         7198    !!!scatter          c_w.l(__scatter.o)
    0x080001c4   0x080001c4   0x0000001a   Code   RO         7200    !!handler_copy      c_w.l(__scatter_copy.o)
    0x080001de   0x080001de   0x00000002   PAD
    0x080001e0   0x080001e0   0x0000001c   Code   RO         7202    !!handler_zi        c_w.l(__scatter_zi.o)
    0x080001fc   0x080001fc   0x00000002   Code   RO         7064    .ARM.Collect$$libinit$$00000000  c_w.l(libinit.o)
    0x080001fe   0x080001fe   0x00000004   Code   RO         7080    .ARM.Collect$$libinit$$00000001  c_w.l(libinit2.o)
    0x08000202   0x08000202   0x00000000   Code   RO         7083    .ARM.Collect$$libinit$$00000004  c_w.l(libinit2.o)
    0x08000202   0x08000202   0x00000000   Code   RO         7086    .ARM.Collect$$libinit$$0000000A  c_w.l(libinit2.o)
    0x08000202   0x08000202   0x00000000   Code   RO         7088    .ARM.Collect$$libinit$$0000000C  c_w.l(libinit2.o)
    0x08000202   0x08000202   0x00000000   Code   RO         7090    .ARM.Collect$$libinit$$0000000E  c_w.l(libinit2.o)
    0x08000202   0x08000202   0x00000000   Code   RO         7093    .ARM.Collect$$libinit$$00000011  c_w.l(libinit2.o)
    0x08000202   0x08000202   0x00000000   Code   RO         7095    .ARM.Collect$$libinit$$00000013  c_w.l(libinit2.o)
    0x08000202   0x08000202   0x00000000   Code   RO         7097    .ARM.Collect$$libinit$$00000015  c_w.l(libinit2.o)
    0x08000202   0x08000202   0x00000000   Code   RO         7099    .ARM.Collect$$libinit$$00000017  c_w.l(libinit2.o)
    0x08000202   0x08000202   0x00000000   Code   RO         7101    .ARM.Collect$$libinit$$00000019  c_w.l(libinit2.o)
    0x08000202   0x08000202   0x00000000   Code   RO         7103    .ARM.Collect$$libinit$$0000001B  c_w.l(libinit2.o)
    0x08000202   0x08000202   0x00000000   Code   RO         7105    .ARM.Collect$$libinit$$0000001D  c_w.l(libinit2.o)
    0x08000202   0x08000202   0x00000000   Code   RO         7107    .ARM.Collect$$libinit$$0000001F  c_w.l(libinit2.o)
    0x08000202   0x08000202   0x00000000   Code   RO         7109    .ARM.Collect$$libinit$$00000021  c_w.l(libinit2.o)
    0x08000202   0x08000202   0x00000000   Code   RO         7111    .ARM.Collect$$libinit$$00000023  c_w.l(libinit2.o)
    0x08000202   0x08000202   0x00000000   Code   RO         7113    .ARM.Collect$$libinit$$00000025  c_w.l(libinit2.o)
    0x08000202   0x08000202   0x00000000   Code   RO         7117    .ARM.Collect$$libinit$$0000002C  c_w.l(libinit2.o)
    0x08000202   0x08000202   0x00000000   Code   RO         7119    .ARM.Collect$$libinit$$0000002E  c_w.l(libinit2.o)
    0x08000202   0x08000202   0x00000000   Code   RO         7121    .ARM.Collect$$libinit$$00000030  c_w.l(libinit2.o)
    0x08000202   0x08000202   0x00000000   Code   RO         7123    .ARM.Collect$$libinit$$00000032  c_w.l(libinit2.o)
    0x08000202   0x08000202   0x00000002   Code   RO         7124    .ARM.Collect$$libinit$$00000033  c_w.l(libinit2.o)
    0x08000204   0x08000204   0x00000002   Code   RO         7155    .ARM.Collect$$libshutdown$$00000000  c_w.l(libshutdown.o)
    0x08000206   0x08000206   0x00000000   Code   RO         7181    .ARM.Collect$$libshutdown$$00000002  c_w.l(libshutdown2.o)
    0x08000206   0x08000206   0x00000000   Code   RO         7183    .ARM.Collect$$libshutdown$$00000004  c_w.l(libshutdown2.o)
    0x08000206   0x08000206   0x00000000   Code   RO         7186    .ARM.Collect$$libshutdown$$00000007  c_w.l(libshutdown2.o)
    0x08000206   0x08000206   0x00000000   Code   RO         7189    .ARM.Collect$$libshutdown$$0000000A  c_w.l(libshutdown2.o)
    0x08000206   0x08000206   0x00000000   Code   RO         7191    .ARM.Collect$$libshutdown$$0000000C  c_w.l(libshutdown2.o)
    0x08000206   0x08000206   0x00000000   Code   RO         7194    .ARM.Collect$$libshutdown$$0000000F  c_w.l(libshutdown2.o)
    0x08000206   0x08000206   0x00000002   Code   RO         7195    .ARM.Collect$$libshutdown$$00000010  c_w.l(libshutdown2.o)
    0x08000208   0x08000208   0x00000000   Code   RO         6815    .ARM.Collect$$rtentry$$00000000  c_w.l(__rtentry.o)
    0x08000208   0x08000208   0x00000000   Code   RO         6972    .ARM.Collect$$rtentry$$00000002  c_w.l(__rtentry2.o)
    0x08000208   0x08000208   0x00000006   Code   RO         6984    .ARM.Collect$$rtentry$$00000004  c_w.l(__rtentry4.o)
    0x0800020e   0x0800020e   0x00000000   Code   RO         6974    .ARM.Collect$$rtentry$$00000009  c_w.l(__rtentry2.o)
    0x0800020e   0x0800020e   0x00000004   Code   RO         6975    .ARM.Collect$$rtentry$$0000000A  c_w.l(__rtentry2.o)
    0x08000212   0x08000212   0x00000000   Code   RO         6977    .ARM.Collect$$rtentry$$0000000C  c_w.l(__rtentry2.o)
    0x08000212   0x08000212   0x00000008   Code   RO         6978    .ARM.Collect$$rtentry$$0000000D  c_w.l(__rtentry2.o)
    0x0800021a   0x0800021a   0x00000002   Code   RO         7067    .ARM.Collect$$rtexit$$00000000  c_w.l(rtexit.o)
    0x0800021c   0x0800021c   0x00000000   Code   RO         7128    .ARM.Collect$$rtexit$$00000002  c_w.l(rtexit2.o)
    0x0800021c   0x0800021c   0x00000004   Code   RO         7129    .ARM.Collect$$rtexit$$00000003  c_w.l(rtexit2.o)
    0x08000220   0x08000220   0x00000006   Code   RO         7130    .ARM.Collect$$rtexit$$00000004  c_w.l(rtexit2.o)
    0x08000226   0x08000226   0x00000002   PAD
    0x08000228   0x08000228   0x000000be   Code   RO         5536    .emb_text           port.o
    0x080002e6   0x080002e6   0x00000002   PAD
    0x080002e8   0x080002e8   0x00000040   Code   RO            4    .text               startup_stm32f407xx.o
    0x08000328   0x08000328   0x000000ee   Code   RO         6727    .text               c_w.l(lludivv7m.o)
    0x08000416   0x08000416   0x00000064   Code   RO         6735    .text               c_w.l(rt_memcpy_w.o)
    0x0800047a   0x0800047a   0x00000010   Code   RO         6739    .text               c_w.l(aeabi_memset.o)
    0x0800048a   0x0800048a   0x0000004e   Code   RO         6741    .text               c_w.l(rt_memclr_w.o)
    0x080004d8   0x080004d8   0x00000006   Code   RO         6743    .text               c_w.l(heapauxi.o)
    0x080004de   0x080004de   0x00000016   Code   RO         6820    .text               c_w.l(_rserrno.o)
    0x080004f4   0x080004f4   0x00000044   Code   RO         6913    .text               c_w.l(rt_memclr.o)
    0x08000538   0x08000538   0x00000008   Code   RO         6991    .text               c_w.l(rt_errno_addr_intlibspace.o)
    0x08000540   0x08000540   0x00000008   Code   RO         7011    .text               c_w.l(libspace.o)
    0x08000548   0x08000548   0x0000004a   Code   RO         7014    .text               c_w.l(sys_stackheap_outer.o)
    0x08000592   0x08000592   0x00000012   Code   RO         7053    .text               c_w.l(exit.o)
    0x080005a4   0x080005a4   0x0000000c   Code   RO         7125    .text               c_w.l(sys_exit.o)
    0x080005b0   0x080005b0   0x00000002   Code   RO         7144    .text               c_w.l(use_no_semi.o)
    0x080005b2   0x080005b2   0x00000000   Code   RO         7146    .text               c_w.l(indicate_semi.o)
    0x080005b2   0x080005b2   0x00000002   Code   RO          595    i.BusFault_Handler  stm32f4xx_it.o
    0x080005b4   0x080005b4   0x0000000c   Code   RO          596    i.CAN1_RX0_IRQHandler  stm32f4xx_it.o
    0x080005c0   0x080005c0   0x0000000c   Code   RO          597    i.CAN2_RX0_IRQHandler  stm32f4xx_it.o
    0x080005cc   0x080005cc   0x00000048   Code   RO         5806    i.CAN_cmd_3508      can_recv_1.o
    0x08000614   0x08000614   0x00000048   Code   RO         5807    i.CAN_cmd_6020      can_recv_1.o
    0x0800065c   0x0800065c   0x00000058   Code   RO         5808    i.CAN_cmd_DT7_ch_Date  can_recv_1.o
    0x080006b4   0x080006b4   0x00000044   Code   RO         5809    i.CAN_cmd_DT7_s_Date  can_recv_1.o
    0x080006f8   0x080006f8   0x0000000c   Code   RO          598    i.DMA1_Stream1_IRQHandler  stm32f4xx_it.o
    0x08000704   0x08000704   0x0000000c   Code   RO          599    i.DMA2_Stream7_IRQHandler  stm32f4xx_it.o
    0x08000710   0x08000710   0x00000028   Code   RO         1430    i.DMA_CalcBaseAndBitshift  stm32f4xx_hal_dma.o
    0x08000738   0x08000738   0x00000054   Code   RO         1431    i.DMA_CheckFifoParam  stm32f4xx_hal_dma.o
    0x0800078c   0x0800078c   0x00000016   Code   RO         6321    i.DateExchange_Task  dateexchange.o
    0x080007a2   0x080007a2   0x00000002   Code   RO          600    i.DebugMon_Handler  stm32f4xx_it.o
    0x080007a4   0x080007a4   0x00000006   Code   RO          601    i.EXTI0_IRQHandler  stm32f4xx_it.o
    0x080007aa   0x080007aa   0x00000006   Code   RO          602    i.EXTI3_IRQHandler  stm32f4xx_it.o
    0x080007b0   0x080007b0   0x00000006   Code   RO          603    i.EXTI4_IRQHandler  stm32f4xx_it.o
    0x080007b6   0x080007b6   0x00000006   Code   RO          604    i.EXTI9_5_IRQHandler  stm32f4xx_it.o
    0x080007bc   0x080007bc   0x00000004   Code   RO           13    i.Error_Handler     main.o
    0x080007c0   0x080007c0   0x00000024   Code   RO          738    i.HAL_CAN_ActivateNotification  stm32f4xx_hal_can.o
    0x080007e4   0x080007e4   0x000000bc   Code   RO          739    i.HAL_CAN_AddTxMessage  stm32f4xx_hal_can.o
    0x080008a0   0x080008a0   0x0000010c   Code   RO          740    i.HAL_CAN_ConfigFilter  stm32f4xx_hal_can.o
    0x080009ac   0x080009ac   0x00000002   Code   RO          743    i.HAL_CAN_ErrorCallback  stm32f4xx_hal_can.o
    0x080009ae   0x080009ae   0x000000f4   Code   RO          746    i.HAL_CAN_GetRxMessage  stm32f4xx_hal_can.o
    0x08000aa2   0x08000aa2   0x000001fc   Code   RO          750    i.HAL_CAN_IRQHandler  stm32f4xx_hal_can.o
    0x08000c9e   0x08000c9e   0x0000011a   Code   RO          751    i.HAL_CAN_Init      stm32f4xx_hal_can.o
    0x08000db8   0x08000db8   0x000000fc   Code   RO          325    i.HAL_CAN_MspInit   can.o
    0x08000eb4   0x08000eb4   0x00000002   Code   RO          758    i.HAL_CAN_RxFifo0FullCallback  stm32f4xx_hal_can.o
    0x08000eb6   0x08000eb6   0x00000002   PAD
    0x08000eb8   0x08000eb8   0x000000e0   Code   RO         5810    i.HAL_CAN_RxFifo0MsgPendingCallback  can_recv_1.o
    0x08000f98   0x08000f98   0x00000002   Code   RO          760    i.HAL_CAN_RxFifo1FullCallback  stm32f4xx_hal_can.o
    0x08000f9a   0x08000f9a   0x00000002   Code   RO          761    i.HAL_CAN_RxFifo1MsgPendingCallback  stm32f4xx_hal_can.o
    0x08000f9c   0x08000f9c   0x00000002   Code   RO          762    i.HAL_CAN_SleepCallback  stm32f4xx_hal_can.o
    0x08000f9e   0x08000f9e   0x00000002   PAD
    0x08000fa0   0x08000fa0   0x00000058   Code   RO          763    i.HAL_CAN_Start     stm32f4xx_hal_can.o
    0x08000ff8   0x08000ff8   0x00000002   Code   RO          765    i.HAL_CAN_TxMailbox0AbortCallback  stm32f4xx_hal_can.o
    0x08000ffa   0x08000ffa   0x00000002   Code   RO          766    i.HAL_CAN_TxMailbox0CompleteCallback  stm32f4xx_hal_can.o
    0x08000ffc   0x08000ffc   0x00000002   Code   RO          767    i.HAL_CAN_TxMailbox1AbortCallback  stm32f4xx_hal_can.o
    0x08000ffe   0x08000ffe   0x00000002   Code   RO          768    i.HAL_CAN_TxMailbox1CompleteCallback  stm32f4xx_hal_can.o
    0x08001000   0x08001000   0x00000002   Code   RO          769    i.HAL_CAN_TxMailbox2AbortCallback  stm32f4xx_hal_can.o
    0x08001002   0x08001002   0x00000002   Code   RO          770    i.HAL_CAN_TxMailbox2CompleteCallback  stm32f4xx_hal_can.o
    0x08001004   0x08001004   0x00000002   Code   RO          772    i.HAL_CAN_WakeUpFromRxMsgCallback  stm32f4xx_hal_can.o
    0x08001006   0x08001006   0x00000092   Code   RO         1433    i.HAL_DMA_Abort     stm32f4xx_hal_dma.o
    0x08001098   0x08001098   0x00000024   Code   RO         1434    i.HAL_DMA_Abort_IT  stm32f4xx_hal_dma.o
    0x080010bc   0x080010bc   0x000001a0   Code   RO         1438    i.HAL_DMA_IRQHandler  stm32f4xx_hal_dma.o
    0x0800125c   0x0800125c   0x000000d4   Code   RO         1439    i.HAL_DMA_Init      stm32f4xx_hal_dma.o
    0x08001330   0x08001330   0x00000002   Code   RO         1324    i.HAL_GPIO_EXTI_Callback  stm32f4xx_hal_gpio.o
    0x08001332   0x08001332   0x00000002   PAD
    0x08001334   0x08001334   0x00000018   Code   RO         1325    i.HAL_GPIO_EXTI_IRQHandler  stm32f4xx_hal_gpio.o
    0x0800134c   0x0800134c   0x000001f0   Code   RO         1326    i.HAL_GPIO_Init     stm32f4xx_hal_gpio.o
    0x0800153c   0x0800153c   0x0000000a   Code   RO         1330    i.HAL_GPIO_WritePin  stm32f4xx_hal_gpio.o
    0x08001546   0x08001546   0x00000002   PAD
    0x08001548   0x08001548   0x0000000c   Code   RO         1864    i.HAL_GetTick       stm32f4xx_hal.o
    0x08001554   0x08001554   0x00000188   Code   RO         2120    i.HAL_I2C_Init      stm32f4xx_hal_i2c.o
    0x080016dc   0x080016dc   0x00000094   Code   RO          398    i.HAL_I2C_MspInit   i2c.o
    0x08001770   0x08001770   0x00000010   Code   RO         1870    i.HAL_IncTick       stm32f4xx_hal.o
    0x08001780   0x08001780   0x00000034   Code   RO         1871    i.HAL_Init          stm32f4xx_hal.o
    0x080017b4   0x080017b4   0x00000040   Code   RO         1872    i.HAL_InitTick      stm32f4xx_hal.o
    0x080017f4   0x080017f4   0x00000038   Code   RO          713    i.HAL_MspInit       stm32f4xx_hal_msp.o
    0x0800182c   0x0800182c   0x0000001a   Code   RO         1716    i.HAL_NVIC_EnableIRQ  stm32f4xx_hal_cortex.o
    0x08001846   0x08001846   0x00000002   PAD
    0x08001848   0x08001848   0x00000040   Code   RO         1722    i.HAL_NVIC_SetPriority  stm32f4xx_hal_cortex.o
    0x08001888   0x08001888   0x00000024   Code   RO         1723    i.HAL_NVIC_SetPriorityGrouping  stm32f4xx_hal_cortex.o
    0x080018ac   0x080018ac   0x00000134   Code   RO          972    i.HAL_RCC_ClockConfig  stm32f4xx_hal_rcc.o
    0x080019e0   0x080019e0   0x00000020   Code   RO          979    i.HAL_RCC_GetPCLK1Freq  stm32f4xx_hal_rcc.o
    0x08001a00   0x08001a00   0x00000020   Code   RO          980    i.HAL_RCC_GetPCLK2Freq  stm32f4xx_hal_rcc.o
    0x08001a20   0x08001a20   0x00000064   Code   RO          981    i.HAL_RCC_GetSysClockFreq  stm32f4xx_hal_rcc.o
    0x08001a84   0x08001a84   0x0000036c   Code   RO          984    i.HAL_RCC_OscConfig  stm32f4xx_hal_rcc.o
    0x08001df0   0x08001df0   0x000000bc   Code   RO         2575    i.HAL_SPI_Init      stm32f4xx_hal_spi.o
    0x08001eac   0x08001eac   0x00000100   Code   RO          440    i.HAL_SPI_MspInit   spi.o
    0x08001fac   0x08001fac   0x00000028   Code   RO         1727    i.HAL_SYSTICK_Config  stm32f4xx_hal_cortex.o
    0x08001fd4   0x08001fd4   0x00000090   Code   RO         3611    i.HAL_TIMEx_MasterConfigSynchronization  stm32f4xx_hal_tim_ex.o
    0x08002064   0x08002064   0x0000005a   Code   RO         2888    i.HAL_TIM_Base_Init  stm32f4xx_hal_tim.o
    0x080020be   0x080020be   0x00000002   PAD
    0x080020c0   0x080020c0   0x00000028   Code   RO          482    i.HAL_TIM_Base_MspInit  tim.o
    0x080020e8   0x080020e8   0x00000084   Code   RO          483    i.HAL_TIM_MspPostInit  tim.o
    0x0800216c   0x0800216c   0x000000cc   Code   RO         2960    i.HAL_TIM_PWM_ConfigChannel  stm32f4xx_hal_tim.o
    0x08002238   0x08002238   0x0000005a   Code   RO         2963    i.HAL_TIM_PWM_Init  stm32f4xx_hal_tim.o
    0x08002292   0x08002292   0x00000002   PAD
    0x08002294   0x08002294   0x00000028   Code   RO          485    i.HAL_TIM_PWM_MspInit  tim.o
    0x080022bc   0x080022bc   0x00000002   Code   RO         3871    i.HAL_UARTEx_RxEventCallback  stm32f4xx_hal_uart.o
    0x080022be   0x080022be   0x00000002   Code   RO         3885    i.HAL_UART_ErrorCallback  stm32f4xx_hal_uart.o
    0x080022c0   0x080022c0   0x00000270   Code   RO         3888    i.HAL_UART_IRQHandler  stm32f4xx_hal_uart.o
    0x08002530   0x08002530   0x00000064   Code   RO         3889    i.HAL_UART_Init     stm32f4xx_hal_uart.o
    0x08002594   0x08002594   0x0000016c   Code   RO          548    i.HAL_UART_MspInit  usart.o
    0x08002700   0x08002700   0x00000002   Code   RO         3895    i.HAL_UART_RxCpltCallback  stm32f4xx_hal_uart.o
    0x08002702   0x08002702   0x00000002   Code   RO         3900    i.HAL_UART_TxCpltCallback  stm32f4xx_hal_uart.o
    0x08002704   0x08002704   0x00000002   Code   RO          605    i.HardFault_Handler  stm32f4xx_it.o
    0x08002706   0x08002706   0x00000026   Code   RO         6021    i.M3508_motor_speed_control  chassis.o
    0x0800272c   0x0800272c   0x000000a0   Code   RO         6022    i.M6020_PID_calc    chassis.o
    0x080027cc   0x080027cc   0x0000002c   Code   RO         6023    i.M6020_PID_clear   chassis.o
    0x080027f8   0x080027f8   0x00000024   Code   RO         6024    i.M6020_PID_init    chassis.o
    0x0800281c   0x0800281c   0x0000003a   Code   RO         6025    i.M6020_motor_relative_angle_control  chassis.o
    0x08002856   0x08002856   0x00000002   PAD
    0x08002858   0x08002858   0x00000044   Code   RO          326    i.MX_CAN1_Init      can.o
    0x0800289c   0x0800289c   0x00000044   Code   RO          327    i.MX_CAN2_Init      can.o
    0x080028e0   0x080028e0   0x0000006c   Code   RO          373    i.MX_DMA_Init       dma.o
    0x0800294c   0x0800294c   0x00000054   Code   RO          263    i.MX_FREERTOS_Init  freertos.o
    0x080029a0   0x080029a0   0x0000015c   Code   RO          238    i.MX_GPIO_Init      gpio.o
    0x08002afc   0x08002afc   0x00000040   Code   RO          399    i.MX_I2C3_Init      i2c.o
    0x08002b3c   0x08002b3c   0x00000044   Code   RO          441    i.MX_SPI1_Init      spi.o
    0x08002b80   0x08002b80   0x00000064   Code   RO          486    i.MX_TIM10_Init     tim.o
    0x08002be4   0x08002be4   0x00000070   Code   RO          487    i.MX_TIM4_Init      tim.o
    0x08002c54   0x08002c54   0x00000038   Code   RO          549    i.MX_USART1_UART_Init  usart.o
    0x08002c8c   0x08002c8c   0x0000003c   Code   RO          550    i.MX_USART3_UART_Init  usart.o
    0x08002cc8   0x08002cc8   0x00000002   Code   RO          606    i.MemManage_Handler  stm32f4xx_it.o
    0x08002cca   0x08002cca   0x00000002   Code   RO          607    i.NMI_Handler       stm32f4xx_it.o
    0x08002ccc   0x08002ccc   0x00000128   Code   RO         6536    i.PID_calc          pid.o
    0x08002df4   0x08002df4   0x00000040   Code   RO         6537    i.PID_clear         pid.o
    0x08002e34   0x08002e34   0x0000005c   Code   RO         6538    i.PID_init          pid.o
    0x08002e90   0x08002e90   0x00000060   Code   RO         5644    i.RC_init           bsp_rc.o
    0x08002ef0   0x08002ef0   0x00000008   Code   RO          264    i.StartDefaultTask  freertos.o
    0x08002ef8   0x08002ef8   0x00000018   Code   RO          608    i.SysTick_Handler   stm32f4xx_it.o
    0x08002f10   0x08002f10   0x00000094   Code   RO           14    i.SystemClock_Config  main.o
    0x08002fa4   0x08002fa4   0x00000010   Code   RO         4223    i.SystemInit        system_stm32f4xx.o
    0x08002fb4   0x08002fb4   0x000000d8   Code   RO         2981    i.TIM_Base_SetConfig  stm32f4xx_hal_tim.o
    0x0800308c   0x0800308c   0x00000060   Code   RO         2994    i.TIM_OC1_SetConfig  stm32f4xx_hal_tim.o
    0x080030ec   0x080030ec   0x0000006c   Code   RO         2995    i.TIM_OC2_SetConfig  stm32f4xx_hal_tim.o
    0x08003158   0x08003158   0x00000068   Code   RO         2996    i.TIM_OC3_SetConfig  stm32f4xx_hal_tim.o
    0x080031c0   0x080031c0   0x00000050   Code   RO         2997    i.TIM_OC4_SetConfig  stm32f4xx_hal_tim.o
    0x08003210   0x08003210   0x00000010   Code   RO         3902    i.UART_DMAAbortOnError  stm32f4xx_hal_uart.o
    0x08003220   0x08003220   0x0000004e   Code   RO         3912    i.UART_EndRxTransfer  stm32f4xx_hal_uart.o
    0x0800326e   0x0800326e   0x000000c2   Code   RO         3914    i.UART_Receive_IT   stm32f4xx_hal_uart.o
    0x08003330   0x08003330   0x0000010c   Code   RO         3915    i.UART_SetConfig    stm32f4xx_hal_uart.o
    0x0800343c   0x0800343c   0x0000000c   Code   RO          609    i.USART1_IRQHandler  stm32f4xx_it.o
    0x08003448   0x08003448   0x000000b4   Code   RO         6163    i.USART3_IRQHandler  remote_control.o
    0x080034fc   0x080034fc   0x00000002   Code   RO          610    i.UsageFault_Handler  stm32f4xx_it.o
    0x080034fe   0x080034fe   0x00000030   Code   RO         6966    i.__ARM_fpclassify  m_wm.l(fpclassify.o)
    0x0800352e   0x0800352e   0x00000020   Code   RO         1729    i.__NVIC_SetPriority  stm32f4xx_hal_cortex.o
    0x0800354e   0x0800354e   0x00000002   PAD
    0x08003550   0x08003550   0x000002d8   Code   RO         6759    i.__hardfp_atan     m_wm.l(atan.o)
    0x08003828   0x08003828   0x000001f0   Code   RO         6773    i.__hardfp_atan2    m_wm.l(atan2.o)
    0x08003a18   0x08003a18   0x00000014   Code   RO         6785    i.__hardfp_fabs     m_wm.l(fabs.o)
    0x08003a2c   0x08003a2c   0x00000004   PAD
    0x08003a30   0x08003a30   0x00000378   Code   RO         6791    i.__hardfp_hypot    m_wm.l(hypot.o)
    0x08003da8   0x08003da8   0x000000f8   Code   RO         6968    i.__kernel_poly     m_wm.l(poly.o)
    0x08003ea0   0x08003ea0   0x00000014   Code   RO         6953    i.__mathlib_dbl_infnan  m_wm.l(dunder.o)
    0x08003eb4   0x08003eb4   0x00000014   Code   RO         6954    i.__mathlib_dbl_infnan2  m_wm.l(dunder.o)
    0x08003ec8   0x08003ec8   0x00000020   Code   RO         6956    i.__mathlib_dbl_overflow  m_wm.l(dunder.o)
    0x08003ee8   0x08003ee8   0x00000020   Code   RO         6958    i.__mathlib_dbl_underflow  m_wm.l(dunder.o)
    0x08003f08   0x08003f08   0x00000022   Code   RO         6641    i.abs_limit         user_lib.o
    0x08003f2a   0x08003f2a   0x00000010   Code   RO         6761    i.atan              m_wm.l(atan.o)
    0x08003f3a   0x08003f3a   0x00000002   PAD
    0x08003f3c   0x08003f3c   0x00000058   Code   RO         5616    i.can_filter_init   bsp_can_1.o
    0x08003f94   0x08003f94   0x00000024   Code   RO         6026    i.chasis_Task       chassis.o
    0x08003fb8   0x08003fb8   0x00000018   Code   RO         6787    i.fabs              m_wm.l(fabs.o)
    0x08003fd0   0x08003fd0   0x00000008   Code   RO         5811    i.get_3508_M1_motor_measure_point  can_recv_1.o
    0x08003fd8   0x08003fd8   0x00000008   Code   RO         5812    i.get_3508_M2_motor_measure_point  can_recv_1.o
    0x08003fe0   0x08003fe0   0x00000008   Code   RO         5813    i.get_3508_M3_motor_measure_point  can_recv_1.o
    0x08003fe8   0x08003fe8   0x00000008   Code   RO         5814    i.get_3508_M4_motor_measure_point  can_recv_1.o
    0x08003ff0   0x08003ff0   0x00000008   Code   RO         5815    i.get_6020_M1_motor_measure_point  can_recv_1.o
    0x08003ff8   0x08003ff8   0x00000008   Code   RO         5816    i.get_6020_M2_motor_measure_point  can_recv_1.o
    0x08004000   0x08004000   0x00000008   Code   RO         5817    i.get_6020_M3_motor_measure_point  can_recv_1.o
    0x08004008   0x08004008   0x00000008   Code   RO         5818    i.get_6020_M4_motor_measure_point  can_recv_1.o
    0x08004010   0x08004010   0x00000048   Code   RO         6648    i.loop_fp32_constrain  user_lib.o
    0x08004058   0x08004058   0x00000042   Code   RO           15    i.main              main.o
    0x0800409a   0x0800409a   0x0000000c   Code   RO         5090    i.makeFreeRtosPriority  cmsis_os.o
    0x080040a6   0x080040a6   0x00000002   PAD
    0x080040a8   0x080040a8   0x00000078   Code   RO         6027    i.motor_control_loop  chassis.o
    0x08004120   0x08004120   0x00000034   Code   RO         6028    i.motor_ecd_to_angle_change  chassis.o
    0x08004154   0x08004154   0x000000a2   Code   RO         6029    i.motor_feedback_update  chassis.o
    0x080041f6   0x080041f6   0x00000002   PAD
    0x080041f8   0x080041f8   0x00000248   Code   RO         6030    i.motor_init        chassis.o
    0x08004440   0x08004440   0x00000174   Code   RO         6031    i.movement_calc     chassis.o
    0x080045b4   0x080045b4   0x0000000e   Code   RO         5092    i.osDelay           cmsis_os.o
    0x080045c2   0x080045c2   0x0000000a   Code   RO         5095    i.osKernelStart     cmsis_os.o
    0x080045cc   0x080045cc   0x00000054   Code   RO         5129    i.osThreadCreate    cmsis_os.o
    0x08004620   0x08004620   0x00000078   Code   RO         4738    i.prvAddCurrentTaskToDelayedList  tasks.o
    0x08004698   0x08004698   0x000000d0   Code   RO         4739    i.prvAddNewTaskToReadyList  tasks.o
    0x08004768   0x08004768   0x00000034   Code   RO         4740    i.prvDeleteTCB      tasks.o
    0x0800479c   0x0800479c   0x0000004c   Code   RO         5469    i.prvHeapInit       heap_4.o
    0x080047e8   0x080047e8   0x00000060   Code   RO         4741    i.prvIdleTask       tasks.o
    0x08004848   0x08004848   0x000000b4   Code   RO         4742    i.prvInitialiseNewTask  tasks.o
    0x080048fc   0x080048fc   0x0000004c   Code   RO         5470    i.prvInsertBlockIntoFreeList  heap_4.o
    0x08004948   0x08004948   0x00000020   Code   RO         4743    i.prvResetNextTaskUnblockTime  tasks.o
    0x08004968   0x08004968   0x00000028   Code   RO         5537    i.prvTaskExitError  port.o
    0x08004990   0x08004990   0x000000dc   Code   RO         5471    i.pvPortMalloc      heap_4.o
    0x08004a6c   0x08004a6c   0x0000002c   Code   RO         5538    i.pxPortInitialiseStack  port.o
    0x08004a98   0x08004a98   0x00000010   Code   RO         6165    i.remote_control_init  remote_control.o
    0x08004aa8   0x08004aa8   0x0000015c   Code   RO         6166    i.sbus_to_rc        remote_control.o
    0x08004c04   0x08004c04   0x0000006e   Code   RO         6805    i.sqrt              m_wm.l(sqrt.o)
    0x08004c72   0x08004c72   0x00000026   Code   RO         4361    i.uxListRemove      list.o
    0x08004c98   0x08004c98   0x00000014   Code   RO          266    i.vApplicationGetIdleTaskMemory  freertos.o
    0x08004cac   0x08004cac   0x00000016   Code   RO         4362    i.vListInitialise   list.o
    0x08004cc2   0x08004cc2   0x00000006   Code   RO         4363    i.vListInitialiseItem  list.o
    0x08004cc8   0x08004cc8   0x00000030   Code   RO         4364    i.vListInsert       list.o
    0x08004cf8   0x08004cf8   0x00000018   Code   RO         4365    i.vListInsertEnd    list.o
    0x08004d10   0x08004d10   0x00000040   Code   RO         5540    i.vPortEnterCritical  port.o
    0x08004d50   0x08004d50   0x00000028   Code   RO         5541    i.vPortExitCritical  port.o
    0x08004d78   0x08004d78   0x00000064   Code   RO         5472    i.vPortFree         heap_4.o
    0x08004ddc   0x08004ddc   0x00000024   Code   RO         5542    i.vPortSetupTimerInterrupt  port.o
    0x08004e00   0x08004e00   0x0000004c   Code   RO         4754    i.vTaskDelay        tasks.o
    0x08004e4c   0x08004e4c   0x0000006c   Code   RO         4768    i.vTaskStartScheduler  tasks.o
    0x08004eb8   0x08004eb8   0x00000010   Code   RO         4770    i.vTaskSuspendAll   tasks.o
    0x08004ec8   0x08004ec8   0x0000005c   Code   RO         4771    i.vTaskSwitchContext  tasks.o
    0x08004f24   0x08004f24   0x000000f4   Code   RO         5544    i.xPortStartScheduler  port.o
    0x08005018   0x08005018   0x0000002c   Code   RO         5545    i.xPortSysTickHandler  port.o
    0x08005044   0x08005044   0x0000005a   Code   RO         4775    i.xTaskCreate       tasks.o
    0x0800509e   0x0800509e   0x00000056   Code   RO         4776    i.xTaskCreateStatic  tasks.o
    0x080050f4   0x080050f4   0x0000001c   Code   RO         4781    i.xTaskGetSchedulerState  tasks.o
    0x08005110   0x08005110   0x000000cc   Code   RO         4784    i.xTaskIncrementTick  tasks.o
    0x080051dc   0x080051dc   0x000000c4   Code   RO         4790    i.xTaskResumeAll    tasks.o
    0x080052a0   0x080052a0   0x00000018   Code   RO         6915    x$fpl$basic         fz_wm.l(basic.o)
    0x080052b8   0x080052b8   0x00000062   Code   RO         6747    x$fpl$d2f           fz_wm.l(d2f.o)
    0x0800531a   0x0800531a   0x00000002   PAD
    0x0800531c   0x0800531c   0x00000150   Code   RO         6917    x$fpl$dadd          fz_wm.l(daddsub_clz.o)
    0x0800546c   0x0800546c   0x00000018   Code   RO         6923    x$fpl$dcmpinf       fz_wm.l(dcmpi.o)
    0x08005484   0x08005484   0x000002b0   Code   RO         6926    x$fpl$ddiv          fz_wm.l(ddiv.o)
    0x08005734   0x08005734   0x0000002e   Code   RO         6750    x$fpl$dflt          fz_wm.l(dflt_clz.o)
    0x08005762   0x08005762   0x00000002   PAD
    0x08005764   0x08005764   0x00000078   Code   RO         6755    x$fpl$dleqf         fz_wm.l(dleqf.o)
    0x080057dc   0x080057dc   0x00000154   Code   RO         6929    x$fpl$dmul          fz_wm.l(dmul.o)
    0x08005930   0x08005930   0x0000009c   Code   RO         6931    x$fpl$dnaninf       fz_wm.l(dnaninf.o)
    0x080059cc   0x080059cc   0x0000000c   Code   RO         6933    x$fpl$dretinf       fz_wm.l(dretinf.o)
    0x080059d8   0x080059d8   0x0000006c   Code   RO         6935    x$fpl$drleqf        fz_wm.l(drleqf.o)
    0x08005a44   0x08005a44   0x00000016   Code   RO         6918    x$fpl$drsb          fz_wm.l(daddsub_clz.o)
    0x08005a5a   0x08005a5a   0x00000002   PAD
    0x08005a5c   0x08005a5c   0x00000198   Code   RO         6937    x$fpl$dsqrt         fz_wm.l(dsqrt_umaal.o)
    0x08005bf4   0x08005bf4   0x000001d4   Code   RO         6919    x$fpl$dsub          fz_wm.l(daddsub_clz.o)
    0x08005dc8   0x08005dc8   0x0000000a   Code   RO         7140    x$fpl$fpinit        fz_wm.l(fpinit.o)
    0x08005dd2   0x08005dd2   0x0000000a   Code   RO         6941    x$fpl$fretinf       fz_wm.l(fretinf.o)
    0x08005ddc   0x08005ddc   0x00000000   Code   RO         6951    x$fpl$usenofp       fz_wm.l(usenofp.o)
    0x08005ddc   0x08005ddc   0x00000054   Data   RO          268    .constdata          freertos.o
    0x08005e30   0x08005e30   0x00000008   Data   RO         1445    .constdata          stm32f4xx_hal_dma.o
    0x08005e38   0x08005e38   0x00000010   Data   RO         4224    .constdata          system_stm32f4xx.o
    0x08005e48   0x08005e48   0x00000008   Data   RO         4225    .constdata          system_stm32f4xx.o
    0x08005e50   0x08005e50   0x00000018   Data   RO         6034    .constdata          chassis.o
    0x08005e68   0x08005e68   0x00000098   Data   RO         6762    .constdata          m_wm.l(atan.o)
    0x08005f00   0x08005f00   0x00000008   Data   RO         6970    .constdata          m_wm.l(qnan.o)
    0x08005f08   0x08005f08   0x00000028   Data   RO          269    .conststring        freertos.o
    0x08005f30   0x08005f30   0x00000020   Data   RO         7196    Region$$Table       anon$$obj.o


    Execution Region RW_IRAM1 (Exec base: 0x20000000, Load base: 0x08005f50, Size: 0x00004f28, Max: 0x0001c000, ABSOLUTE)

    Exec Addr    Load Addr    Size         Type   Attr      Idx    E Section Name        Object

    0x20000000   0x08005f50   0x0000000c   Data   RW          270    .data               freertos.o
    0x2000000c   0x08005f5c   0x00000004   Data   RW          329    .data               can.o
    0x20000010   0x08005f60   0x0000000c   Data   RW         1878    .data               stm32f4xx_hal.o
    0x2000001c   0x08005f6c   0x00000004   Data   RW         4226    .data               system_stm32f4xx.o
    0x20000020   0x08005f70   0x0000003c   Data   RW         4793    .data               tasks.o
    0x2000005c   0x08005fac   0x00000020   Data   RW         5478    .data               heap_4.o
    0x2000007c   0x08005fcc   0x0000000c   Data   RW         5546    .data               port.o
    0x20000088   0x08005fd8   0x00000022   Data   RW         5820    .data               can_recv_1.o
    0x200000aa   0x08005ffa   0x00000002   Data   RW         6168    .data               remote_control.o
    0x200000ac        -       0x00000254   Zero   RW          267    .bss                freertos.o
    0x20000300        -       0x00000050   Zero   RW          328    .bss                can.o
    0x20000350        -       0x00000054   Zero   RW          400    .bss                i2c.o
    0x200003a4        -       0x00000118   Zero   RW          442    .bss                spi.o
    0x200004bc        -       0x00000090   Zero   RW          488    .bss                tim.o
    0x2000054c        -       0x00000150   Zero   RW          551    .bss                usart.o
    0x2000069c        -       0x000000f0   Zero   RW         4792    .bss                tasks.o
    0x2000078c        -       0x00003c00   Zero   RW         5477    .bss                heap_4.o
    0x2000438c        -       0x00000098   Zero   RW         5819    .bss                can_recv_1.o
    0x20004424        -       0x00000440   Zero   RW         6032    .bss                chassis.o
    0x20004864        -       0x0000005e   Zero   RW         6167    .bss                remote_control.o
    0x200048c2   0x08005ffc   0x00000002   PAD
    0x200048c4        -       0x00000060   Zero   RW         7012    .bss                c_w.l(libspace.o)
    0x20004924   0x08005ffc   0x00000004   PAD
    0x20004928        -       0x00000200   Zero   RW            2    HEAP                startup_stm32f407xx.o
    0x20004b28        -       0x00000400   Zero   RW            1    STACK               startup_stm32f407xx.o


    Execution Region RW_IRAM2 (Exec base: 0x2001c000, Load base: 0x08005ffc, Size: 0x00000000, Max: 0x00004000, ABSOLUTE)

    **** No section assigned to this execution region ****


==============================================================================

Image component sizes


      Code (inc. data)   RO Data    RW Data    ZI Data      Debug   Object Name

        88          8          0          0          0        582   bsp_can_1.o
        96         12          0          0          0     583842   bsp_rc.o
       388         42          0          4         80       2514   can.o
       588        108          0         34        152     585544   can_recv_1.o
      1662        108         24          0       1088      12357   chassis.o
       120          0          0          0          0      23245   cmsis_os.o
        22          0          0          0          0        544   dateexchange.o
       108          4          0          0          0        846   dma.o
         0          0          0          0          0      16664   event_groups.o
       112         14        124         12        596       2693   freertos.o
       348         20          0          0          0       1163   gpio.o
       472         24          0         32      15360       7451   heap_4.o
       212         32          0          0         84       1753   i2c.o
       138          0          0          0          0       3578   list.o
       218          8          0          0          0     750300   main.o
       452         14          0          0          0       3618   pid.o
       702         72          0         12          0      11064   port.o
       544         38          0          2         94     578169   remote_control.o
       324         32          0          0        280       1931   spi.o
        64         26        392          0       1536        848   startup_stm32f407xx.o
       144         24          0         12          0       8809   stm32f4xx_hal.o
      1638          6          0          0          0      14431   stm32f4xx_hal_can.o
       198         14          0          0          0      33855   stm32f4xx_hal_cortex.o
       934         16          8          0          0       5659   stm32f4xx_hal_dma.o
       532         52          0          0          0       3400   stm32f4xx_hal_gpio.o
       392         16          0          0          0       3235   stm32f4xx_hal_i2c.o
        56          4          0          0          0        878   stm32f4xx_hal_msp.o
      1348         76          0          0          0       5276   stm32f4xx_hal_rcc.o
       188          0          0          0          0       1207   stm32f4xx_hal_spi.o
       988         82          0          0          0       7758   stm32f4xx_hal_tim.o
       144         28          0          0          0       1388   stm32f4xx_hal_tim_ex.o
      1288         16          0          0          0       8412   stm32f4xx_hal_uart.o
       120         30          0          0          0       7657   stm32f4xx_it.o
         0          0          0          0          0        384   stream_buffer.o
        16          4         24          4          0       1147   system_stm32f4xx.o
      1584        118          0         60        240      20367   tasks.o
       424         60          0          0        144       3589   tim.o
       480         60          0          0        336       2693   usart.o
       106          0          0          0          0       2846   user_lib.o

    ----------------------------------------------------------------------
     17262       1168        604        172      19992    2721697   Object Totals
         0          0         32          0          0          0   (incl. Generated)
        24          0          0          0          2          0   (incl. Padding)

    ----------------------------------------------------------------------

      Code (inc. data)   RO Data    RW Data    ZI Data      Debug   Library Member Name

         8          0          0          0          0         68   __main.o
         0          0          0          0          0          0   __rtentry.o
        12          0          0          0          0          0   __rtentry2.o
         6          0          0          0          0          0   __rtentry4.o
        52          8          0          0          0          0   __scatter.o
        26          0          0          0          0          0   __scatter_copy.o
        28          0          0          0          0          0   __scatter_zi.o
        22          0          0          0          0        100   _rserrno.o
        16          0          0          0          0         68   aeabi_memset.o
        18          0          0          0          0         80   exit.o
         6          0          0          0          0        152   heapauxi.o
         0          0          0          0          0          0   indicate_semi.o
         2          0          0          0          0          0   libinit.o
         6          0          0          0          0          0   libinit2.o
         2          0          0          0          0          0   libshutdown.o
         2          0          0          0          0          0   libshutdown2.o
         8          4          0          0         96         68   libspace.o
       238          0          0          0          0        100   lludivv7m.o
         8          4          0          0          0         68   rt_errno_addr_intlibspace.o
        68          0          0          0          0         68   rt_memclr.o
        78          0          0          0          0         80   rt_memclr_w.o
       100          0          0          0          0         80   rt_memcpy_w.o
         2          0          0          0          0          0   rtexit.o
        10          0          0          0          0          0   rtexit2.o
        12          4          0          0          0         68   sys_exit.o
        74          0          0          0          0         80   sys_stackheap_outer.o
         2          0          0          0          0         68   use_no_semi.o
        24          0          0          0          0        164   basic.o
        98          4          0          0          0        140   d2f.o
       826         16          0          0          0        492   daddsub_clz.o
        24          0          0          0          0        116   dcmpi.o
       688        140          0          0          0        256   ddiv.o
        46          0          0          0          0        116   dflt_clz.o
       120          4          0          0          0        140   dleqf.o
       340         12          0          0          0        152   dmul.o
       156          4          0          0          0        140   dnaninf.o
        12          0          0          0          0        116   dretinf.o
       108          0          0          0          0        128   drleqf.o
       408         56          0          0          0        168   dsqrt_umaal.o
        10          0          0          0          0        116   fpinit.o
        10          0          0          0          0        116   fretinf.o
         0          0          0          0          0          0   usenofp.o
       744        106        152          0          0        352   atan.o
       496         64          0          0          0        192   atan2.o
       104         16          0          0          0        496   dunder.o
        44          0          0          0          0        248   fabs.o
        48          0          0          0          0        124   fpclassify.o
       888         42          0          0          0        192   hypot.o
       248          0          0          0          0        152   poly.o
         0          0          8          0          0          0   qnan.o
       110          0          0          0          0        148   sqrt.o

    ----------------------------------------------------------------------
      6374        484        160          0        100       5412   Library Totals
        16          0          0          0          4          0   (incl. Padding)

    ----------------------------------------------------------------------

      Code (inc. data)   RO Data    RW Data    ZI Data      Debug   Library Name

       806         20          0          0         96       1148   c_w.l
      2870        236          0          0          0       2360   fz_wm.l
      2682        228        160          0          0       1904   m_wm.l

    ----------------------------------------------------------------------
      6374        484        160          0        100       5412   Library Totals

    ----------------------------------------------------------------------

==============================================================================


      Code (inc. data)   RO Data    RW Data    ZI Data      Debug   

     23636       1652        764        172      20092    2707389   Grand Totals
     23636       1652        764        172      20092    2707389   ELF Image Totals
     23636       1652        764        172          0          0   ROM Totals

==============================================================================

    Total RO  Size (Code + RO Data)                24400 (  23.83kB)
    Total RW  Size (RW Data + ZI Data)             20264 (  19.79kB)
    Total ROM Size (Code + RO Data + RW Data)      24572 (  24.00kB)

==============================================================================

